<!doctype html public "-//w3c//dtd html 4.0 transitional//en">
<html><head>
<title>Static Call Graph - [.\Objects\stepFR.axf]</title></head>
<body><HR>
<H1>Static Call Graph for image .\Objects\stepFR.axf</H1><HR>
<BR><P>#&#060CALLGRAPH&#062# ARM Linker, 5060750: Last Updated: Wed Jun 29 18:06:51 2022
<BR><P>
<H3>Maximum Stack Usage =        216 bytes + Unknown(Functions without stacksize, Untraceable Function Pointers)</H3><H3>
Call chain for Maximum Stack Depth:</H3>
vObmenTask &rArr; initL6470Hw &rArr; xTimerCreate &rArr; prvInitialiseNewTimer &rArr; prvCheckForValidListAndQueue &rArr; xQueueGenericCreate &rArr; pvPortMalloc &rArr; xTaskResumeAll &rArr; xTaskIncrementTick
<P>
<H3>
Functions with no stack information
</H3><UL>
 <LI><a href="#[2f]">__user_initial_stackheap</a>
</UL>
</UL>
<P>
<H3>
Function Pointers
</H3><UL>
 <LI><a href="#[1b]">ADC_IRQHandler</a> from mdr32f9qx_it.o(i.ADC_IRQHandler) referenced from startup_mdr32f9qx.o(RESET)
 <LI><a href="#[1e]">BACKUP_IRQHandler</a> from mdr32f9qx_it.o(i.BACKUP_IRQHandler) referenced from startup_mdr32f9qx.o(RESET)
 <LI><a href="#[8]">BusFault_Handler</a> from mdr32f9qx_it.o(i.BusFault_Handler) referenced from startup_mdr32f9qx.o(RESET)
 <LI><a href="#[e]">CAN1_IRQHandler</a> from mdr32f9qx_it.o(i.CAN1_IRQHandler) referenced from startup_mdr32f9qx.o(RESET)
 <LI><a href="#[f]">CAN2_IRQHandler</a> from mdr32f9qx_it.o(i.CAN2_IRQHandler) referenced from startup_mdr32f9qx.o(RESET)
 <LI><a href="#[1c]">COMPARATOR_IRQHandler</a> from mdr32f9qx_it.o(i.COMPARATOR_IRQHandler) referenced from startup_mdr32f9qx.o(RESET)
 <LI><a href="#[11]">DMA_IRQHandler</a> from mdr32f9qx_it.o(i.DMA_IRQHandler) referenced from startup_mdr32f9qx.o(RESET)
 <LI><a href="#[b]">DebugMon_Handler</a> from mdr32f9qx_it.o(i.DebugMon_Handler) referenced from startup_mdr32f9qx.o(RESET)
 <LI><a href="#[1f]">EXT_INT1_IRQHandler</a> from mdr32f9qx_it.o(i.EXT_INT1_IRQHandler) referenced from startup_mdr32f9qx.o(RESET)
 <LI><a href="#[20]">EXT_INT2_IRQHandler</a> from mdr32f9qx_it.o(i.EXT_INT2_IRQHandler) referenced from startup_mdr32f9qx.o(RESET)
 <LI><a href="#[21]">EXT_INT3_IRQHandler</a> from mdr32f9qx_it.o(i.EXT_INT3_IRQHandler) referenced from startup_mdr32f9qx.o(RESET)
 <LI><a href="#[22]">EXT_INT4_IRQHandler</a> from mdr32f9qx_it.o(i.EXT_INT4_IRQHandler) referenced from startup_mdr32f9qx.o(RESET)
 <LI><a href="#[6]">HardFault_Handler</a> from mdr32f9qx_it.o(i.HardFault_Handler) referenced from startup_mdr32f9qx.o(RESET)
 <LI><a href="#[15]">I2C_IRQHandler</a> from mdr32f9qx_it.o(i.I2C_IRQHandler) referenced from startup_mdr32f9qx.o(RESET)
 <LI><a href="#[7]">MemManage_Handler</a> from mdr32f9qx_it.o(i.MemManage_Handler) referenced from startup_mdr32f9qx.o(RESET)
 <LI><a href="#[5]">NMI_Handler</a> from mdr32f9qx_it.o(i.NMI_Handler) referenced from startup_mdr32f9qx.o(RESET)
 <LI><a href="#[16]">POWER_IRQHandler</a> from mdr32f9qx_it.o(i.POWER_IRQHandler) referenced from startup_mdr32f9qx.o(RESET)
 <LI><a href="#[c]">PendSV_Handler</a> from port.o(.emb_text) referenced from startup_mdr32f9qx.o(RESET)
 <LI><a href="#[2d]">Reset_Handler</a> from startup_mdr32f9qx.o(.text) referenced from startup_mdr32f9qx.o(RESET)
 <LI><a href="#[14]">SSP1_IRQHandler</a> from mdr32f9qx_it.o(i.SSP1_IRQHandler) referenced from startup_mdr32f9qx.o(RESET)
 <LI><a href="#[1d]">SSP2_IRQHandler</a> from spi.o(i.SSP2_IRQHandler) referenced from startup_mdr32f9qx.o(RESET)
 <LI><a href="#[a]">SVC_Handler</a> from port.o(.emb_text) referenced from startup_mdr32f9qx.o(RESET)
 <LI><a href="#[26]">SlotL6470Tmr</a> from l6470.o(i.SlotL6470Tmr) referenced from l6470.o(i.initL6470Hw)
 <LI><a href="#[25]">SlotTmr</a> from led.o(i.SlotTmr) referenced from led.o(i.LedInit)
 <LI><a href="#[d]">SysTick_Handler</a> from port.o(i.SysTick_Handler) referenced from startup_mdr32f9qx.o(RESET)
 <LI><a href="#[23]">SystemInit</a> from system_mdr32f9qx.o(i.SystemInit) referenced from startup_mdr32f9qx.o(.text)
 <LI><a href="#[18]">Timer1_IRQHandler</a> from mdr32f9qx_it.o(i.Timer1_IRQHandler) referenced from startup_mdr32f9qx.o(RESET)
 <LI><a href="#[19]">Timer2_IRQHandler</a> from serial.o(i.Timer2_IRQHandler) referenced from startup_mdr32f9qx.o(RESET)
 <LI><a href="#[1a]">Timer3_IRQHandler</a> from calcdrive.o(i.Timer3_IRQHandler) referenced from startup_mdr32f9qx.o(RESET)
 <LI><a href="#[12]">UART1_IRQHandler</a> from mdr32f9qx_it.o(i.UART1_IRQHandler) referenced from startup_mdr32f9qx.o(RESET)
 <LI><a href="#[13]">UART2_IRQHandler</a> from serial.o(i.UART2_IRQHandler) referenced from startup_mdr32f9qx.o(RESET)
 <LI><a href="#[10]">USB_IRQHandler</a> from mdr32f9qx_it.o(i.USB_IRQHandler) referenced from startup_mdr32f9qx.o(RESET)
 <LI><a href="#[9]">UsageFault_Handler</a> from mdr32f9qx_it.o(i.UsageFault_Handler) referenced from startup_mdr32f9qx.o(RESET)
 <LI><a href="#[17]">WWDG_IRQHandler</a> from mdr32f9qx_it.o(i.WWDG_IRQHandler) referenced from startup_mdr32f9qx.o(RESET)
 <LI><a href="#[2e]">__main</a> from __main.o(!!!main) referenced from startup_mdr32f9qx.o(.text)
 <LI><a href="#[2a]">prvIdleTask</a> from tasks.o(i.prvIdleTask) referenced from tasks.o(i.vTaskStartScheduler)
 <LI><a href="#[29]">prvTaskExitError</a> from port.o(i.prvTaskExitError) referenced from port.o(i.pxPortInitialiseStack)
 <LI><a href="#[2c]">prvTimerTask</a> from timers.o(i.prvTimerTask) referenced from timers.o(i.xTimerCreateTimerTask)
 <LI><a href="#[28]">vObmenTask</a> from main.o(i.vObmenTask) referenced from main.o(i.main)
 <LI><a href="#[2b]">vSendTask</a> from serial.o(i.vSendTask) referenced from serial.o(i.xSerialPortInitMinimal)
 <LI><a href="#[27]">xTaskSendSpiData</a> from spirtos.o(i.xTaskSendSpiData) referenced from spirtos.o(i.initSpiRtos)
</UL>
<P>
<H3>
Global Symbols
</H3>
<P><STRONG><a name="[2e]"></a>__main</STRONG> (Thumb, 8 bytes, Stack size 0 bytes, __main.o(!!!main))
<BR><BR>[Calls]<UL><LI><a href="#[30]">&gt;&gt;</a>&nbsp;&nbsp;&nbsp;__scatterload
<LI><a href="#[31]">&gt;&gt;</a>&nbsp;&nbsp;&nbsp;__rt_entry
</UL>

<P><STRONG><a name="[30]"></a>__scatterload</STRONG> (Thumb, 0 bytes, Stack size unknown bytes, __scatter.o(!!!scatter))
<BR><BR>[Called By]<UL><LI><a href="#[2e]">&gt;&gt;</a>&nbsp;&nbsp;&nbsp;__main
</UL>

<P><STRONG><a name="[32]"></a>__scatterload_rt2</STRONG> (Thumb, 44 bytes, Stack size unknown bytes, __scatter.o(!!!scatter), UNUSED)
<BR><BR>[Calls]<UL><LI><a href="#[31]">&gt;&gt;</a>&nbsp;&nbsp;&nbsp;__rt_entry
</UL>

<P><STRONG><a name="[117]"></a>__scatterload_rt2_thumb_only</STRONG> (Thumb, 0 bytes, Stack size unknown bytes, __scatter.o(!!!scatter), UNUSED)

<P><STRONG><a name="[118]"></a>__scatterload_null</STRONG> (Thumb, 0 bytes, Stack size unknown bytes, __scatter.o(!!!scatter), UNUSED)

<P><STRONG><a name="[33]"></a>__scatterload_copy</STRONG> (Thumb, 26 bytes, Stack size unknown bytes, __scatter_copy.o(!!handler_copy), UNUSED)
<BR><BR>[Calls]<UL><LI><a href="#[33]">&gt;&gt;</a>&nbsp;&nbsp;&nbsp;__scatterload_copy
</UL>
<BR>[Called By]<UL><LI><a href="#[33]">&gt;&gt;</a>&nbsp;&nbsp;&nbsp;__scatterload_copy
</UL>

<P><STRONG><a name="[119]"></a>__scatterload_zeroinit</STRONG> (Thumb, 28 bytes, Stack size unknown bytes, __scatter_zi.o(!!handler_zi), UNUSED)

<P><STRONG><a name="[37]"></a>__rt_lib_init</STRONG> (Thumb, 0 bytes, Stack size unknown bytes, libinit.o(.ARM.Collect$$libinit$$00000000))
<BR><BR>[Called By]<UL><LI><a href="#[36]">&gt;&gt;</a>&nbsp;&nbsp;&nbsp;__rt_entry_li
</UL>

<P><STRONG><a name="[11a]"></a>__rt_lib_init_alloca_1</STRONG> (Thumb, 0 bytes, Stack size unknown bytes, libinit2.o(.ARM.Collect$$libinit$$0000002E))

<P><STRONG><a name="[11b]"></a>__rt_lib_init_argv_1</STRONG> (Thumb, 0 bytes, Stack size unknown bytes, libinit2.o(.ARM.Collect$$libinit$$0000002C))

<P><STRONG><a name="[11c]"></a>__rt_lib_init_atexit_1</STRONG> (Thumb, 0 bytes, Stack size unknown bytes, libinit2.o(.ARM.Collect$$libinit$$0000001B))

<P><STRONG><a name="[11d]"></a>__rt_lib_init_clock_1</STRONG> (Thumb, 0 bytes, Stack size unknown bytes, libinit2.o(.ARM.Collect$$libinit$$00000021))

<P><STRONG><a name="[11e]"></a>__rt_lib_init_cpp_1</STRONG> (Thumb, 0 bytes, Stack size unknown bytes, libinit2.o(.ARM.Collect$$libinit$$00000032))

<P><STRONG><a name="[11f]"></a>__rt_lib_init_exceptions_1</STRONG> (Thumb, 0 bytes, Stack size unknown bytes, libinit2.o(.ARM.Collect$$libinit$$00000030))

<P><STRONG><a name="[120]"></a>__rt_lib_init_fp_1</STRONG> (Thumb, 0 bytes, Stack size unknown bytes, libinit2.o(.ARM.Collect$$libinit$$00000002))

<P><STRONG><a name="[121]"></a>__rt_lib_init_fp_trap_1</STRONG> (Thumb, 0 bytes, Stack size unknown bytes, libinit2.o(.ARM.Collect$$libinit$$0000001F))

<P><STRONG><a name="[122]"></a>__rt_lib_init_getenv_1</STRONG> (Thumb, 0 bytes, Stack size unknown bytes, libinit2.o(.ARM.Collect$$libinit$$00000023))

<P><STRONG><a name="[123]"></a>__rt_lib_init_heap_1</STRONG> (Thumb, 0 bytes, Stack size unknown bytes, libinit2.o(.ARM.Collect$$libinit$$0000000A))

<P><STRONG><a name="[124]"></a>__rt_lib_init_lc_collate_1</STRONG> (Thumb, 0 bytes, Stack size unknown bytes, libinit2.o(.ARM.Collect$$libinit$$00000011))

<P><STRONG><a name="[125]"></a>__rt_lib_init_lc_ctype_1</STRONG> (Thumb, 0 bytes, Stack size unknown bytes, libinit2.o(.ARM.Collect$$libinit$$00000013))

<P><STRONG><a name="[126]"></a>__rt_lib_init_lc_monetary_1</STRONG> (Thumb, 0 bytes, Stack size unknown bytes, libinit2.o(.ARM.Collect$$libinit$$00000015))

<P><STRONG><a name="[127]"></a>__rt_lib_init_lc_numeric_1</STRONG> (Thumb, 0 bytes, Stack size unknown bytes, libinit2.o(.ARM.Collect$$libinit$$00000017))

<P><STRONG><a name="[128]"></a>__rt_lib_init_lc_time_1</STRONG> (Thumb, 0 bytes, Stack size unknown bytes, libinit2.o(.ARM.Collect$$libinit$$00000019))

<P><STRONG><a name="[129]"></a>__rt_lib_init_preinit_1</STRONG> (Thumb, 0 bytes, Stack size unknown bytes, libinit2.o(.ARM.Collect$$libinit$$00000004))

<P><STRONG><a name="[12a]"></a>__rt_lib_init_rand_1</STRONG> (Thumb, 0 bytes, Stack size unknown bytes, libinit2.o(.ARM.Collect$$libinit$$0000000E))

<P><STRONG><a name="[12b]"></a>__rt_lib_init_return</STRONG> (Thumb, 0 bytes, Stack size unknown bytes, libinit2.o(.ARM.Collect$$libinit$$00000033))

<P><STRONG><a name="[12c]"></a>__rt_lib_init_signal_1</STRONG> (Thumb, 0 bytes, Stack size unknown bytes, libinit2.o(.ARM.Collect$$libinit$$0000001D))

<P><STRONG><a name="[12d]"></a>__rt_lib_init_stdio_1</STRONG> (Thumb, 0 bytes, Stack size unknown bytes, libinit2.o(.ARM.Collect$$libinit$$00000025))

<P><STRONG><a name="[12e]"></a>__rt_lib_init_user_alloc_1</STRONG> (Thumb, 0 bytes, Stack size unknown bytes, libinit2.o(.ARM.Collect$$libinit$$0000000C))

<P><STRONG><a name="[3c]"></a>__rt_lib_shutdown</STRONG> (Thumb, 0 bytes, Stack size unknown bytes, libshutdown.o(.ARM.Collect$$libshutdown$$00000000))
<BR><BR>[Called By]<UL><LI><a href="#[3b]">&gt;&gt;</a>&nbsp;&nbsp;&nbsp;__rt_exit_ls
</UL>

<P><STRONG><a name="[12f]"></a>__rt_lib_shutdown_cpp_1</STRONG> (Thumb, 0 bytes, Stack size unknown bytes, libshutdown2.o(.ARM.Collect$$libshutdown$$00000002))

<P><STRONG><a name="[130]"></a>__rt_lib_shutdown_fp_trap_1</STRONG> (Thumb, 0 bytes, Stack size unknown bytes, libshutdown2.o(.ARM.Collect$$libshutdown$$00000007))

<P><STRONG><a name="[131]"></a>__rt_lib_shutdown_heap_1</STRONG> (Thumb, 0 bytes, Stack size unknown bytes, libshutdown2.o(.ARM.Collect$$libshutdown$$0000000F))

<P><STRONG><a name="[132]"></a>__rt_lib_shutdown_return</STRONG> (Thumb, 0 bytes, Stack size unknown bytes, libshutdown2.o(.ARM.Collect$$libshutdown$$00000010))

<P><STRONG><a name="[133]"></a>__rt_lib_shutdown_signal_1</STRONG> (Thumb, 0 bytes, Stack size unknown bytes, libshutdown2.o(.ARM.Collect$$libshutdown$$0000000A))

<P><STRONG><a name="[134]"></a>__rt_lib_shutdown_stdio_1</STRONG> (Thumb, 0 bytes, Stack size unknown bytes, libshutdown2.o(.ARM.Collect$$libshutdown$$00000004))

<P><STRONG><a name="[135]"></a>__rt_lib_shutdown_user_alloc_1</STRONG> (Thumb, 0 bytes, Stack size unknown bytes, libshutdown2.o(.ARM.Collect$$libshutdown$$0000000C))

<P><STRONG><a name="[31]"></a>__rt_entry</STRONG> (Thumb, 0 bytes, Stack size unknown bytes, __rtentry.o(.ARM.Collect$$rtentry$$00000000))
<BR><BR>[Called By]<UL><LI><a href="#[32]">&gt;&gt;</a>&nbsp;&nbsp;&nbsp;__scatterload_rt2
<LI><a href="#[2e]">&gt;&gt;</a>&nbsp;&nbsp;&nbsp;__main
</UL>

<P><STRONG><a name="[136]"></a>__rt_entry_presh_1</STRONG> (Thumb, 0 bytes, Stack size unknown bytes, __rtentry2.o(.ARM.Collect$$rtentry$$00000002))

<P><STRONG><a name="[34]"></a>__rt_entry_sh</STRONG> (Thumb, 0 bytes, Stack size unknown bytes, __rtentry4.o(.ARM.Collect$$rtentry$$00000004))
<BR><BR>[Stack]<UL><LI>Max Depth = 8 + Unknown Stack Size
<LI>Call Chain = __rt_entry_sh &rArr; __user_setup_stackheap
</UL>
<BR>[Calls]<UL><LI><a href="#[35]">&gt;&gt;</a>&nbsp;&nbsp;&nbsp;__user_setup_stackheap
</UL>

<P><STRONG><a name="[36]"></a>__rt_entry_li</STRONG> (Thumb, 0 bytes, Stack size unknown bytes, __rtentry2.o(.ARM.Collect$$rtentry$$0000000A))
<BR><BR>[Calls]<UL><LI><a href="#[37]">&gt;&gt;</a>&nbsp;&nbsp;&nbsp;__rt_lib_init
</UL>

<P><STRONG><a name="[137]"></a>__rt_entry_postsh_1</STRONG> (Thumb, 0 bytes, Stack size unknown bytes, __rtentry2.o(.ARM.Collect$$rtentry$$00000009))

<P><STRONG><a name="[38]"></a>__rt_entry_main</STRONG> (Thumb, 0 bytes, Stack size unknown bytes, __rtentry2.o(.ARM.Collect$$rtentry$$0000000D))
<BR><BR>[Stack]<UL><LI>Max Depth = 208 + Unknown Stack Size
<LI>Call Chain = __rt_entry_main &rArr; main &rArr; initL6470Hw &rArr; xTimerCreate &rArr; prvInitialiseNewTimer &rArr; prvCheckForValidListAndQueue &rArr; xQueueGenericCreate &rArr; pvPortMalloc &rArr; xTaskResumeAll &rArr; xTaskIncrementTick
</UL>
<BR>[Calls]<UL><LI><a href="#[39]">&gt;&gt;</a>&nbsp;&nbsp;&nbsp;main
<LI><a href="#[3a]">&gt;&gt;</a>&nbsp;&nbsp;&nbsp;exit
</UL>

<P><STRONG><a name="[138]"></a>__rt_entry_postli_1</STRONG> (Thumb, 0 bytes, Stack size unknown bytes, __rtentry2.o(.ARM.Collect$$rtentry$$0000000C))

<P><STRONG><a name="[46]"></a>__rt_exit</STRONG> (Thumb, 0 bytes, Stack size unknown bytes, rtexit.o(.ARM.Collect$$rtexit$$00000000))
<BR><BR>[Called By]<UL><LI><a href="#[3a]">&gt;&gt;</a>&nbsp;&nbsp;&nbsp;exit
</UL>

<P><STRONG><a name="[3b]"></a>__rt_exit_ls</STRONG> (Thumb, 0 bytes, Stack size unknown bytes, rtexit2.o(.ARM.Collect$$rtexit$$00000003))
<BR><BR>[Calls]<UL><LI><a href="#[3c]">&gt;&gt;</a>&nbsp;&nbsp;&nbsp;__rt_lib_shutdown
</UL>

<P><STRONG><a name="[139]"></a>__rt_exit_prels_1</STRONG> (Thumb, 0 bytes, Stack size unknown bytes, rtexit2.o(.ARM.Collect$$rtexit$$00000002))

<P><STRONG><a name="[3d]"></a>__rt_exit_exit</STRONG> (Thumb, 0 bytes, Stack size unknown bytes, rtexit2.o(.ARM.Collect$$rtexit$$00000004))
<BR><BR>[Calls]<UL><LI><a href="#[3e]">&gt;&gt;</a>&nbsp;&nbsp;&nbsp;_sys_exit
</UL>

<P><STRONG><a name="[a]"></a>SVC_Handler</STRONG> (Thumb, 32 bytes, Stack size 0 bytes, port.o(.emb_text))
<BR>[Address Reference Count : 1]<UL><LI> startup_mdr32f9qx.o(RESET)
</UL>
<P><STRONG><a name="[105]"></a>__asm___6_port_c_39a90d8d__prvStartFirstTask</STRONG> (Thumb, 28 bytes, Stack size 0 bytes, port.o(.emb_text))
<BR><BR>[Called By]<UL><LI><a href="#[103]">&gt;&gt;</a>&nbsp;&nbsp;&nbsp;xPortStartScheduler
</UL>

<P><STRONG><a name="[c]"></a>PendSV_Handler</STRONG> (Thumb, 72 bytes, Stack size 0 bytes, port.o(.emb_text))
<BR><BR>[Calls]<UL><LI><a href="#[3f]">&gt;&gt;</a>&nbsp;&nbsp;&nbsp;vTaskSwitchContext
</UL>
<BR>[Address Reference Count : 1]<UL><LI> startup_mdr32f9qx.o(RESET)
</UL>
<P><STRONG><a name="[13a]"></a>vPortGetIPSR</STRONG> (Thumb, 6 bytes, Stack size 0 bytes, port.o(.emb_text), UNUSED)

<P><STRONG><a name="[2d]"></a>Reset_Handler</STRONG> (Thumb, 8 bytes, Stack size 0 bytes, startup_mdr32f9qx.o(.text))

<P><STRONG><a name="[2f]"></a>__user_initial_stackheap</STRONG> (Thumb, 0 bytes, Stack size unknown bytes, startup_mdr32f9qx.o(.text))
<BR><BR>[Called By]<UL><LI><a href="#[35]">&gt;&gt;</a>&nbsp;&nbsp;&nbsp;__user_setup_stackheap
</UL>

<P><STRONG><a name="[e0]"></a>__aeabi_uldivmod</STRONG> (Thumb, 0 bytes, Stack size 48 bytes, lludivv7m.o(.text))
<BR><BR>[Stack]<UL><LI>Max Depth = 48<LI>Call Chain = __aeabi_uldivmod
</UL>
<BR>[Called By]<UL><LI><a href="#[da]">&gt;&gt;</a>&nbsp;&nbsp;&nbsp;reCalc
</UL>

<P><STRONG><a name="[13b]"></a>_ll_udiv</STRONG> (Thumb, 238 bytes, Stack size 48 bytes, lludivv7m.o(.text), UNUSED)

<P><STRONG><a name="[bd]"></a>__aeabi_memcpy</STRONG> (Thumb, 0 bytes, Stack size 0 bytes, rt_memcpy_v6.o(.text))
<BR><BR>[Called By]<UL><LI><a href="#[be]">&gt;&gt;</a>&nbsp;&nbsp;&nbsp;prvCopyDataToQueue
<LI><a href="#[bc]">&gt;&gt;</a>&nbsp;&nbsp;&nbsp;prvCopyDataFromQueue
</UL>

<P><STRONG><a name="[40]"></a>__rt_memcpy</STRONG> (Thumb, 138 bytes, Stack size 0 bytes, rt_memcpy_v6.o(.text), UNUSED)
<BR><BR>[Calls]<UL><LI><a href="#[41]">&gt;&gt;</a>&nbsp;&nbsp;&nbsp;__aeabi_memcpy4
</UL>

<P><STRONG><a name="[13c]"></a>_memcpy_lastbytes</STRONG> (Thumb, 0 bytes, Stack size unknown bytes, rt_memcpy_v6.o(.text), UNUSED)

<P><STRONG><a name="[13d]"></a>__use_two_region_memory</STRONG> (Thumb, 2 bytes, Stack size 0 bytes, heapauxi.o(.text), UNUSED)

<P><STRONG><a name="[13e]"></a>__rt_heap_escrow$2region</STRONG> (Thumb, 2 bytes, Stack size 0 bytes, heapauxi.o(.text), UNUSED)

<P><STRONG><a name="[13f]"></a>__rt_heap_expand$2region</STRONG> (Thumb, 2 bytes, Stack size 0 bytes, heapauxi.o(.text), UNUSED)

<P><STRONG><a name="[42]"></a>__read_errno</STRONG> (Thumb, 10 bytes, Stack size 8 bytes, _rserrno.o(.text), UNUSED)
<BR><BR>[Calls]<UL><LI><a href="#[43]">&gt;&gt;</a>&nbsp;&nbsp;&nbsp;__aeabi_errno_addr
</UL>

<P><STRONG><a name="[44]"></a>__set_errno</STRONG> (Thumb, 12 bytes, Stack size 8 bytes, _rserrno.o(.text))
<BR><BR>[Stack]<UL><LI>Max Depth = 8<LI>Call Chain = __set_errno
</UL>
<BR>[Calls]<UL><LI><a href="#[43]">&gt;&gt;</a>&nbsp;&nbsp;&nbsp;__aeabi_errno_addr
</UL>
<BR>[Called By]<UL><LI><a href="#[dd]">&gt;&gt;</a>&nbsp;&nbsp;&nbsp;sqrt
</UL>

<P><STRONG><a name="[41]"></a>__aeabi_memcpy4</STRONG> (Thumb, 0 bytes, Stack size 8 bytes, rt_memcpy_w.o(.text), UNUSED)
<BR><BR>[Called By]<UL><LI><a href="#[40]">&gt;&gt;</a>&nbsp;&nbsp;&nbsp;__rt_memcpy
</UL>

<P><STRONG><a name="[140]"></a>__aeabi_memcpy8</STRONG> (Thumb, 0 bytes, Stack size 8 bytes, rt_memcpy_w.o(.text), UNUSED)

<P><STRONG><a name="[141]"></a>__rt_memcpy_w</STRONG> (Thumb, 100 bytes, Stack size 8 bytes, rt_memcpy_w.o(.text), UNUSED)

<P><STRONG><a name="[142]"></a>_memcpy_lastbytes_aligned</STRONG> (Thumb, 0 bytes, Stack size unknown bytes, rt_memcpy_w.o(.text), UNUSED)

<P><STRONG><a name="[43]"></a>__aeabi_errno_addr</STRONG> (Thumb, 8 bytes, Stack size 0 bytes, rt_errno_addr_intlibspace.o(.text))
<BR><BR>[Called By]<UL><LI><a href="#[44]">&gt;&gt;</a>&nbsp;&nbsp;&nbsp;__set_errno
<LI><a href="#[42]">&gt;&gt;</a>&nbsp;&nbsp;&nbsp;__read_errno
</UL>

<P><STRONG><a name="[143]"></a>__errno$intlibspace</STRONG> (Thumb, 0 bytes, Stack size 0 bytes, rt_errno_addr_intlibspace.o(.text), UNUSED)

<P><STRONG><a name="[144]"></a>__rt_errno_addr$intlibspace</STRONG> (Thumb, 0 bytes, Stack size 0 bytes, rt_errno_addr_intlibspace.o(.text), UNUSED)

<P><STRONG><a name="[145]"></a>__user_libspace</STRONG> (Thumb, 8 bytes, Stack size 0 bytes, libspace.o(.text), UNUSED)

<P><STRONG><a name="[45]"></a>__user_perproc_libspace</STRONG> (Thumb, 0 bytes, Stack size 0 bytes, libspace.o(.text))
<BR><BR>[Called By]<UL><LI><a href="#[35]">&gt;&gt;</a>&nbsp;&nbsp;&nbsp;__user_setup_stackheap
</UL>

<P><STRONG><a name="[146]"></a>__user_perthread_libspace</STRONG> (Thumb, 0 bytes, Stack size 0 bytes, libspace.o(.text), UNUSED)

<P><STRONG><a name="[35]"></a>__user_setup_stackheap</STRONG> (Thumb, 74 bytes, Stack size 8 bytes, sys_stackheap_outer.o(.text))
<BR><BR>[Stack]<UL><LI>Max Depth = 8 + Unknown Stack Size
<LI>Call Chain = __user_setup_stackheap
</UL>
<BR>[Calls]<UL><LI><a href="#[2f]">&gt;&gt;</a>&nbsp;&nbsp;&nbsp;__user_initial_stackheap
<LI><a href="#[45]">&gt;&gt;</a>&nbsp;&nbsp;&nbsp;__user_perproc_libspace
</UL>
<BR>[Called By]<UL><LI><a href="#[34]">&gt;&gt;</a>&nbsp;&nbsp;&nbsp;__rt_entry_sh
</UL>

<P><STRONG><a name="[3a]"></a>exit</STRONG> (Thumb, 18 bytes, Stack size 8 bytes, exit.o(.text))
<BR><BR>[Stack]<UL><LI>Max Depth = 8 + Unknown Stack Size
<LI>Call Chain = exit
</UL>
<BR>[Calls]<UL><LI><a href="#[46]">&gt;&gt;</a>&nbsp;&nbsp;&nbsp;__rt_exit
</UL>
<BR>[Called By]<UL><LI><a href="#[38]">&gt;&gt;</a>&nbsp;&nbsp;&nbsp;__rt_entry_main
</UL>

<P><STRONG><a name="[3e]"></a>_sys_exit</STRONG> (Thumb, 8 bytes, Stack size 0 bytes, sys_exit.o(.text))
<BR><BR>[Called By]<UL><LI><a href="#[3d]">&gt;&gt;</a>&nbsp;&nbsp;&nbsp;__rt_exit_exit
</UL>

<P><STRONG><a name="[147]"></a>__I$use$semihosting</STRONG> (Thumb, 0 bytes, Stack size 0 bytes, use_no_semi.o(.text), UNUSED)

<P><STRONG><a name="[148]"></a>__use_no_semihosting_swi</STRONG> (Thumb, 2 bytes, Stack size 0 bytes, use_no_semi.o(.text), UNUSED)

<P><STRONG><a name="[1b]"></a>ADC_IRQHandler</STRONG> (Thumb, 2 bytes, Stack size 0 bytes, mdr32f9qx_it.o(i.ADC_IRQHandler))
<BR>[Address Reference Count : 1]<UL><LI> startup_mdr32f9qx.o(RESET)
</UL>
<P><STRONG><a name="[149]"></a>__semihosting_library_function</STRONG> (Thumb, 0 bytes, Stack size 0 bytes, indicate_semi.o(.text), UNUSED)

<P><STRONG><a name="[1e]"></a>BACKUP_IRQHandler</STRONG> (Thumb, 2 bytes, Stack size 0 bytes, mdr32f9qx_it.o(i.BACKUP_IRQHandler))
<BR>[Address Reference Count : 1]<UL><LI> startup_mdr32f9qx.o(RESET)
</UL>
<P><STRONG><a name="[8]"></a>BusFault_Handler</STRONG> (Thumb, 4 bytes, Stack size 0 bytes, mdr32f9qx_it.o(i.BusFault_Handler))
<BR>[Address Reference Count : 1]<UL><LI> startup_mdr32f9qx.o(RESET)
</UL>
<P><STRONG><a name="[e]"></a>CAN1_IRQHandler</STRONG> (Thumb, 2 bytes, Stack size 0 bytes, mdr32f9qx_it.o(i.CAN1_IRQHandler))
<BR>[Address Reference Count : 1]<UL><LI> startup_mdr32f9qx.o(RESET)
</UL>
<P><STRONG><a name="[f]"></a>CAN2_IRQHandler</STRONG> (Thumb, 2 bytes, Stack size 0 bytes, mdr32f9qx_it.o(i.CAN2_IRQHandler))
<BR>[Address Reference Count : 1]<UL><LI> startup_mdr32f9qx.o(RESET)
</UL>
<P><STRONG><a name="[1c]"></a>COMPARATOR_IRQHandler</STRONG> (Thumb, 2 bytes, Stack size 0 bytes, mdr32f9qx_it.o(i.COMPARATOR_IRQHandler))
<BR>[Address Reference Count : 1]<UL><LI> startup_mdr32f9qx.o(RESET)
</UL>
<P><STRONG><a name="[11]"></a>DMA_IRQHandler</STRONG> (Thumb, 2 bytes, Stack size 0 bytes, mdr32f9qx_it.o(i.DMA_IRQHandler))
<BR>[Address Reference Count : 1]<UL><LI> startup_mdr32f9qx.o(RESET)
</UL>
<P><STRONG><a name="[b]"></a>DebugMon_Handler</STRONG> (Thumb, 2 bytes, Stack size 0 bytes, mdr32f9qx_it.o(i.DebugMon_Handler))
<BR>[Address Reference Count : 1]<UL><LI> startup_mdr32f9qx.o(RESET)
</UL>
<P><STRONG><a name="[47]"></a>DisableIrqDma</STRONG> (Thumb, 66 bytes, Stack size 8 bytes, board.o(i.DisableIrqDma))
<BR><BR>[Stack]<UL><LI>Max Depth = 64<LI>Call Chain = DisableIrqDma &rArr; Init_All_Ports &rArr; PORT_Init
</UL>
<BR>[Calls]<UL><LI><a href="#[48]">&gt;&gt;</a>&nbsp;&nbsp;&nbsp;RST_CLK_PCLKcmd
<LI><a href="#[49]">&gt;&gt;</a>&nbsp;&nbsp;&nbsp;Init_All_Ports
</UL>
<BR>[Called By]<UL><LI><a href="#[39]">&gt;&gt;</a>&nbsp;&nbsp;&nbsp;main
</UL>

<P><STRONG><a name="[1f]"></a>EXT_INT1_IRQHandler</STRONG> (Thumb, 2 bytes, Stack size 0 bytes, mdr32f9qx_it.o(i.EXT_INT1_IRQHandler))
<BR>[Address Reference Count : 1]<UL><LI> startup_mdr32f9qx.o(RESET)
</UL>
<P><STRONG><a name="[20]"></a>EXT_INT2_IRQHandler</STRONG> (Thumb, 2 bytes, Stack size 0 bytes, mdr32f9qx_it.o(i.EXT_INT2_IRQHandler))
<BR>[Address Reference Count : 1]<UL><LI> startup_mdr32f9qx.o(RESET)
</UL>
<P><STRONG><a name="[21]"></a>EXT_INT3_IRQHandler</STRONG> (Thumb, 2 bytes, Stack size 0 bytes, mdr32f9qx_it.o(i.EXT_INT3_IRQHandler))
<BR>[Address Reference Count : 1]<UL><LI> startup_mdr32f9qx.o(RESET)
</UL>
<P><STRONG><a name="[22]"></a>EXT_INT4_IRQHandler</STRONG> (Thumb, 2 bytes, Stack size 0 bytes, mdr32f9qx_it.o(i.EXT_INT4_IRQHandler))
<BR>[Address Reference Count : 1]<UL><LI> startup_mdr32f9qx.o(RESET)
</UL>
<P><STRONG><a name="[ab]"></a>GetCounterSemaphor</STRONG> (Thumb, 4 bytes, Stack size 0 bytes, serial.o(i.GetCounterSemaphor))
<BR><BR>[Called By]<UL><LI><a href="#[39]">&gt;&gt;</a>&nbsp;&nbsp;&nbsp;main
</UL>

<P><STRONG><a name="[ac]"></a>GetReciveList</STRONG> (Thumb, 4 bytes, Stack size 0 bytes, serial.o(i.GetReciveList))
<BR><BR>[Called By]<UL><LI><a href="#[39]">&gt;&gt;</a>&nbsp;&nbsp;&nbsp;main
</UL>

<P><STRONG><a name="[ad]"></a>GetSendList</STRONG> (Thumb, 4 bytes, Stack size 0 bytes, serial.o(i.GetSendList))
<BR><BR>[Called By]<UL><LI><a href="#[39]">&gt;&gt;</a>&nbsp;&nbsp;&nbsp;main
</UL>

<P><STRONG><a name="[ae]"></a>GetShdInfo</STRONG> (Thumb, 4 bytes, Stack size 0 bytes, calcdrive.o(i.GetShdInfo))
<BR><BR>[Called By]<UL><LI><a href="#[39]">&gt;&gt;</a>&nbsp;&nbsp;&nbsp;main
</UL>

<P><STRONG><a name="[f8]"></a>GetSpeed</STRONG> (Thumb, 38 bytes, Stack size 0 bytes, calcdrive.o(i.GetSpeed))
<BR><BR>[Called By]<UL><LI><a href="#[28]">&gt;&gt;</a>&nbsp;&nbsp;&nbsp;vObmenTask
</UL>

<P><STRONG><a name="[6]"></a>HardFault_Handler</STRONG> (Thumb, 4 bytes, Stack size 0 bytes, mdr32f9qx_it.o(i.HardFault_Handler))
<BR>[Address Reference Count : 1]<UL><LI> startup_mdr32f9qx.o(RESET)
</UL>
<P><STRONG><a name="[15]"></a>I2C_IRQHandler</STRONG> (Thumb, 2 bytes, Stack size 0 bytes, mdr32f9qx_it.o(i.I2C_IRQHandler))
<BR>[Address Reference Count : 1]<UL><LI> startup_mdr32f9qx.o(RESET)
</UL>
<P><STRONG><a name="[49]"></a>Init_All_Ports</STRONG> (Thumb, 74 bytes, Stack size 8 bytes, board.o(i.Init_All_Ports))
<BR><BR>[Stack]<UL><LI>Max Depth = 56<LI>Call Chain = Init_All_Ports &rArr; PORT_Init
</UL>
<BR>[Calls]<UL><LI><a href="#[48]">&gt;&gt;</a>&nbsp;&nbsp;&nbsp;RST_CLK_PCLKcmd
<LI><a href="#[4a]">&gt;&gt;</a>&nbsp;&nbsp;&nbsp;PORT_StructInit
<LI><a href="#[4b]">&gt;&gt;</a>&nbsp;&nbsp;&nbsp;PORT_Init
</UL>
<BR>[Called By]<UL><LI><a href="#[47]">&gt;&gt;</a>&nbsp;&nbsp;&nbsp;DisableIrqDma
</UL>

<P><STRONG><a name="[4c]"></a>LedInit</STRONG> (Thumb, 158 bytes, Stack size 8 bytes, led.o(i.LedInit))
<BR><BR>[Stack]<UL><LI>Max Depth = 184<LI>Call Chain = LedInit &rArr; xTimerCreate &rArr; prvInitialiseNewTimer &rArr; prvCheckForValidListAndQueue &rArr; xQueueGenericCreate &rArr; pvPortMalloc &rArr; xTaskResumeAll &rArr; xTaskIncrementTick
</UL>
<BR>[Calls]<UL><LI><a href="#[4e]">&gt;&gt;</a>&nbsp;&nbsp;&nbsp;xTimerCreate
<LI><a href="#[4d]">&gt;&gt;</a>&nbsp;&nbsp;&nbsp;SetOutputMode
<LI><a href="#[4f]">&gt;&gt;</a>&nbsp;&nbsp;&nbsp;ShotLed
</UL>
<BR>[Called By]<UL><LI><a href="#[39]">&gt;&gt;</a>&nbsp;&nbsp;&nbsp;main
</UL>

<P><STRONG><a name="[50]"></a>LedOff</STRONG> (Thumb, 96 bytes, Stack size 8 bytes, led.o(i.LedOff))
<BR><BR>[Stack]<UL><LI>Max Depth = 8<LI>Call Chain = LedOff
</UL>
<BR>[Calls]<UL><LI><a href="#[51]">&gt;&gt;</a>&nbsp;&nbsp;&nbsp;PORT_SetBits
<LI><a href="#[52]">&gt;&gt;</a>&nbsp;&nbsp;&nbsp;PORT_ResetBits
</UL>
<BR>[Called By]<UL><LI><a href="#[54]">&gt;&gt;</a>&nbsp;&nbsp;&nbsp;LedToggle
<LI><a href="#[4f]">&gt;&gt;</a>&nbsp;&nbsp;&nbsp;ShotLed
</UL>

<P><STRONG><a name="[53]"></a>LedOn</STRONG> (Thumb, 90 bytes, Stack size 8 bytes, led.o(i.LedOn))
<BR><BR>[Stack]<UL><LI>Max Depth = 8<LI>Call Chain = LedOn
</UL>
<BR>[Calls]<UL><LI><a href="#[51]">&gt;&gt;</a>&nbsp;&nbsp;&nbsp;PORT_SetBits
<LI><a href="#[52]">&gt;&gt;</a>&nbsp;&nbsp;&nbsp;PORT_ResetBits
</UL>
<BR>[Called By]<UL><LI><a href="#[54]">&gt;&gt;</a>&nbsp;&nbsp;&nbsp;LedToggle
<LI><a href="#[4f]">&gt;&gt;</a>&nbsp;&nbsp;&nbsp;ShotLed
<LI><a href="#[39]">&gt;&gt;</a>&nbsp;&nbsp;&nbsp;main
</UL>

<P><STRONG><a name="[54]"></a>LedToggle</STRONG> (Thumb, 104 bytes, Stack size 16 bytes, led.o(i.LedToggle))
<BR><BR>[Stack]<UL><LI>Max Depth = 24<LI>Call Chain = LedToggle &rArr; LedOff
</UL>
<BR>[Calls]<UL><LI><a href="#[50]">&gt;&gt;</a>&nbsp;&nbsp;&nbsp;LedOff
<LI><a href="#[53]">&gt;&gt;</a>&nbsp;&nbsp;&nbsp;LedOn
</UL>
<BR>[Called By]<UL><LI><a href="#[25]">&gt;&gt;</a>&nbsp;&nbsp;&nbsp;SlotTmr
<LI><a href="#[e1]">&gt;&gt;</a>&nbsp;&nbsp;&nbsp;readRegister
<LI><a href="#[1a]">&gt;&gt;</a>&nbsp;&nbsp;&nbsp;Timer3_IRQHandler
</UL>

<P><STRONG><a name="[7]"></a>MemManage_Handler</STRONG> (Thumb, 4 bytes, Stack size 0 bytes, mdr32f9qx_it.o(i.MemManage_Handler))
<BR>[Address Reference Count : 1]<UL><LI> startup_mdr32f9qx.o(RESET)
</UL>
<P><STRONG><a name="[5]"></a>NMI_Handler</STRONG> (Thumb, 2 bytes, Stack size 0 bytes, mdr32f9qx_it.o(i.NMI_Handler))
<BR>[Address Reference Count : 1]<UL><LI> startup_mdr32f9qx.o(RESET)
</UL>
<P><STRONG><a name="[4b]"></a>PORT_Init</STRONG> (Thumb, 306 bytes, Stack size 48 bytes, mdr32f9qx_port.o(i.PORT_Init))
<BR><BR>[Stack]<UL><LI>Max Depth = 48<LI>Call Chain = PORT_Init
</UL>
<BR>[Called By]<UL><LI><a href="#[78]">&gt;&gt;</a>&nbsp;&nbsp;&nbsp;UartRxTxPin
<LI><a href="#[77]">&gt;&gt;</a>&nbsp;&nbsp;&nbsp;UartDirPin
<LI><a href="#[4d]">&gt;&gt;</a>&nbsp;&nbsp;&nbsp;SetOutputMode
<LI><a href="#[5e]">&gt;&gt;</a>&nbsp;&nbsp;&nbsp;SetInputMode
<LI><a href="#[49]">&gt;&gt;</a>&nbsp;&nbsp;&nbsp;Init_All_Ports
<LI><a href="#[99]">&gt;&gt;</a>&nbsp;&nbsp;&nbsp;initPinTimerL6470
<LI><a href="#[95]">&gt;&gt;</a>&nbsp;&nbsp;&nbsp;initPin
<LI><a href="#[9b]">&gt;&gt;</a>&nbsp;&nbsp;&nbsp;initSpiPin
</UL>

<P><STRONG><a name="[83]"></a>PORT_ReadInputData</STRONG> (Thumb, 6 bytes, Stack size 0 bytes, mdr32f9qx_port.o(i.PORT_ReadInputData))
<BR><BR>[Called By]<UL><LI><a href="#[84]">&gt;&gt;</a>&nbsp;&nbsp;&nbsp;getSensorRead
<LI><a href="#[82]">&gt;&gt;</a>&nbsp;&nbsp;&nbsp;getDipValue
</UL>

<P><STRONG><a name="[52]"></a>PORT_ResetBits</STRONG> (Thumb, 8 bytes, Stack size 0 bytes, mdr32f9qx_port.o(i.PORT_ResetBits))
<BR><BR>[Called By]<UL><LI><a href="#[5f]">&gt;&gt;</a>&nbsp;&nbsp;&nbsp;SetModeRx
<LI><a href="#[50]">&gt;&gt;</a>&nbsp;&nbsp;&nbsp;LedOff
<LI><a href="#[53]">&gt;&gt;</a>&nbsp;&nbsp;&nbsp;LedOn
<LI><a href="#[97]">&gt;&gt;</a>&nbsp;&nbsp;&nbsp;resetL6470
</UL>

<P><STRONG><a name="[51]"></a>PORT_SetBits</STRONG> (Thumb, 8 bytes, Stack size 0 bytes, mdr32f9qx_port.o(i.PORT_SetBits))
<BR><BR>[Called By]<UL><LI><a href="#[60]">&gt;&gt;</a>&nbsp;&nbsp;&nbsp;SetModeTx
<LI><a href="#[50]">&gt;&gt;</a>&nbsp;&nbsp;&nbsp;LedOff
<LI><a href="#[53]">&gt;&gt;</a>&nbsp;&nbsp;&nbsp;LedOn
<LI><a href="#[95]">&gt;&gt;</a>&nbsp;&nbsp;&nbsp;initPin
<LI><a href="#[26]">&gt;&gt;</a>&nbsp;&nbsp;&nbsp;SlotL6470Tmr
</UL>

<P><STRONG><a name="[4a]"></a>PORT_StructInit</STRONG> (Thumb, 28 bytes, Stack size 0 bytes, mdr32f9qx_port.o(i.PORT_StructInit))
<BR><BR>[Called By]<UL><LI><a href="#[78]">&gt;&gt;</a>&nbsp;&nbsp;&nbsp;UartRxTxPin
<LI><a href="#[77]">&gt;&gt;</a>&nbsp;&nbsp;&nbsp;UartDirPin
<LI><a href="#[4d]">&gt;&gt;</a>&nbsp;&nbsp;&nbsp;SetOutputMode
<LI><a href="#[5e]">&gt;&gt;</a>&nbsp;&nbsp;&nbsp;SetInputMode
<LI><a href="#[49]">&gt;&gt;</a>&nbsp;&nbsp;&nbsp;Init_All_Ports
<LI><a href="#[99]">&gt;&gt;</a>&nbsp;&nbsp;&nbsp;initPinTimerL6470
<LI><a href="#[95]">&gt;&gt;</a>&nbsp;&nbsp;&nbsp;initPin
<LI><a href="#[9b]">&gt;&gt;</a>&nbsp;&nbsp;&nbsp;initSpiPin
</UL>

<P><STRONG><a name="[16]"></a>POWER_IRQHandler</STRONG> (Thumb, 2 bytes, Stack size 0 bytes, mdr32f9qx_it.o(i.POWER_IRQHandler))
<BR>[Address Reference Count : 1]<UL><LI> startup_mdr32f9qx.o(RESET)
</UL>
<P><STRONG><a name="[90]"></a>RST_CLK_CPU_PLLcmd</STRONG> (Thumb, 6 bytes, Stack size 0 bytes, mdr32f9qx_rst_clk.o(i.RST_CLK_CPU_PLLcmd))
<BR><BR>[Called By]<UL><LI><a href="#[8d]">&gt;&gt;</a>&nbsp;&nbsp;&nbsp;initClk
</UL>

<P><STRONG><a name="[8f]"></a>RST_CLK_CPU_PLLconfig</STRONG> (Thumb, 54 bytes, Stack size 8 bytes, mdr32f9qx_rst_clk.o(i.RST_CLK_CPU_PLLconfig))
<BR><BR>[Stack]<UL><LI>Max Depth = 8<LI>Call Chain = RST_CLK_CPU_PLLconfig
</UL>
<BR>[Called By]<UL><LI><a href="#[8d]">&gt;&gt;</a>&nbsp;&nbsp;&nbsp;initClk
</UL>

<P><STRONG><a name="[92]"></a>RST_CLK_CPU_PLLuse</STRONG> (Thumb, 6 bytes, Stack size 0 bytes, mdr32f9qx_rst_clk.o(i.RST_CLK_CPU_PLLuse))
<BR><BR>[Called By]<UL><LI><a href="#[8d]">&gt;&gt;</a>&nbsp;&nbsp;&nbsp;initClk
</UL>

<P><STRONG><a name="[91]"></a>RST_CLK_CPUclkPrescaler</STRONG> (Thumb, 18 bytes, Stack size 0 bytes, mdr32f9qx_rst_clk.o(i.RST_CLK_CPUclkPrescaler))
<BR><BR>[Called By]<UL><LI><a href="#[8d]">&gt;&gt;</a>&nbsp;&nbsp;&nbsp;initClk
</UL>

<P><STRONG><a name="[5b]"></a>RST_CLK_CPUclkSelection</STRONG> (Thumb, 16 bytes, Stack size 0 bytes, mdr32f9qx_rst_clk.o(i.RST_CLK_CPUclkSelection))
<BR><BR>[Called By]<UL><LI><a href="#[8d]">&gt;&gt;</a>&nbsp;&nbsp;&nbsp;initClk
<LI><a href="#[56]">&gt;&gt;</a>&nbsp;&nbsp;&nbsp;RST_CLK_WarmDeInit
</UL>

<P><STRONG><a name="[55]"></a>RST_CLK_DeInit</STRONG> (Thumb, 38 bytes, Stack size 4 bytes, mdr32f9qx_rst_clk.o(i.RST_CLK_DeInit))
<BR><BR>[Stack]<UL><LI>Max Depth = 32<LI>Call Chain = RST_CLK_DeInit &rArr; RST_CLK_WarmDeInit &rArr; RST_CLK_HSIstatus &rArr; RST_CLK_GetFlagStatus
</UL>
<BR>[Calls]<UL><LI><a href="#[48]">&gt;&gt;</a>&nbsp;&nbsp;&nbsp;RST_CLK_PCLKcmd
<LI><a href="#[56]">&gt;&gt;</a>&nbsp;&nbsp;&nbsp;RST_CLK_WarmDeInit
</UL>
<BR>[Called By]<UL><LI><a href="#[8d]">&gt;&gt;</a>&nbsp;&nbsp;&nbsp;initClk
</UL>

<P><STRONG><a name="[76]"></a>RST_CLK_GetClocksFreq</STRONG> (Thumb, 620 bytes, Stack size 44 bytes, mdr32f9qx_rst_clk.o(i.RST_CLK_GetClocksFreq))
<BR><BR>[Stack]<UL><LI>Max Depth = 44<LI>Call Chain = RST_CLK_GetClocksFreq
</UL>
<BR>[Called By]<UL><LI><a href="#[75]">&gt;&gt;</a>&nbsp;&nbsp;&nbsp;UART_Init
</UL>

<P><STRONG><a name="[58]"></a>RST_CLK_GetFlagStatus</STRONG> (Thumb, 42 bytes, Stack size 8 bytes, mdr32f9qx_rst_clk.o(i.RST_CLK_GetFlagStatus))
<BR><BR>[Stack]<UL><LI>Max Depth = 8<LI>Call Chain = RST_CLK_GetFlagStatus
</UL>
<BR>[Called By]<UL><LI><a href="#[59]">&gt;&gt;</a>&nbsp;&nbsp;&nbsp;RST_CLK_HSIstatus
<LI><a href="#[57]">&gt;&gt;</a>&nbsp;&nbsp;&nbsp;RST_CLK_HSEstatus
</UL>

<P><STRONG><a name="[8e]"></a>RST_CLK_HSEconfig</STRONG> (Thumb, 56 bytes, Stack size 0 bytes, mdr32f9qx_rst_clk.o(i.RST_CLK_HSEconfig))
<BR><BR>[Called By]<UL><LI><a href="#[8d]">&gt;&gt;</a>&nbsp;&nbsp;&nbsp;initClk
</UL>

<P><STRONG><a name="[57]"></a>RST_CLK_HSEstatus</STRONG> (Thumb, 52 bytes, Stack size 16 bytes, mdr32f9qx_rst_clk.o(i.RST_CLK_HSEstatus))
<BR><BR>[Stack]<UL><LI>Max Depth = 24<LI>Call Chain = RST_CLK_HSEstatus &rArr; RST_CLK_GetFlagStatus
</UL>
<BR>[Calls]<UL><LI><a href="#[58]">&gt;&gt;</a>&nbsp;&nbsp;&nbsp;RST_CLK_GetFlagStatus
</UL>
<BR>[Called By]<UL><LI><a href="#[8d]">&gt;&gt;</a>&nbsp;&nbsp;&nbsp;initClk
</UL>

<P><STRONG><a name="[5a]"></a>RST_CLK_HSIcmd</STRONG> (Thumb, 6 bytes, Stack size 0 bytes, mdr32f9qx_rst_clk.o(i.RST_CLK_HSIcmd))
<BR><BR>[Called By]<UL><LI><a href="#[8d]">&gt;&gt;</a>&nbsp;&nbsp;&nbsp;initClk
<LI><a href="#[56]">&gt;&gt;</a>&nbsp;&nbsp;&nbsp;RST_CLK_WarmDeInit
</UL>

<P><STRONG><a name="[59]"></a>RST_CLK_HSIstatus</STRONG> (Thumb, 52 bytes, Stack size 16 bytes, mdr32f9qx_rst_clk.o(i.RST_CLK_HSIstatus))
<BR><BR>[Stack]<UL><LI>Max Depth = 24<LI>Call Chain = RST_CLK_HSIstatus &rArr; RST_CLK_GetFlagStatus
</UL>
<BR>[Calls]<UL><LI><a href="#[58]">&gt;&gt;</a>&nbsp;&nbsp;&nbsp;RST_CLK_GetFlagStatus
</UL>
<BR>[Called By]<UL><LI><a href="#[8d]">&gt;&gt;</a>&nbsp;&nbsp;&nbsp;initClk
<LI><a href="#[56]">&gt;&gt;</a>&nbsp;&nbsp;&nbsp;RST_CLK_WarmDeInit
</UL>

<P><STRONG><a name="[48]"></a>RST_CLK_PCLKcmd</STRONG> (Thumb, 26 bytes, Stack size 0 bytes, mdr32f9qx_rst_clk.o(i.RST_CLK_PCLKcmd))
<BR><BR>[Called By]<UL><LI><a href="#[79]">&gt;&gt;</a>&nbsp;&nbsp;&nbsp;UartTimerInit
<LI><a href="#[78]">&gt;&gt;</a>&nbsp;&nbsp;&nbsp;UartRxTxPin
<LI><a href="#[77]">&gt;&gt;</a>&nbsp;&nbsp;&nbsp;UartDirPin
<LI><a href="#[55]">&gt;&gt;</a>&nbsp;&nbsp;&nbsp;RST_CLK_DeInit
<LI><a href="#[4d]">&gt;&gt;</a>&nbsp;&nbsp;&nbsp;SetOutputMode
<LI><a href="#[5e]">&gt;&gt;</a>&nbsp;&nbsp;&nbsp;SetInputMode
<LI><a href="#[49]">&gt;&gt;</a>&nbsp;&nbsp;&nbsp;Init_All_Ports
<LI><a href="#[aa]">&gt;&gt;</a>&nbsp;&nbsp;&nbsp;xSerialPortInitMinimal
<LI><a href="#[47]">&gt;&gt;</a>&nbsp;&nbsp;&nbsp;DisableIrqDma
<LI><a href="#[99]">&gt;&gt;</a>&nbsp;&nbsp;&nbsp;initPinTimerL6470
<LI><a href="#[96]">&gt;&gt;</a>&nbsp;&nbsp;&nbsp;initTimerL6470
<LI><a href="#[95]">&gt;&gt;</a>&nbsp;&nbsp;&nbsp;initPin
<LI><a href="#[9c]">&gt;&gt;</a>&nbsp;&nbsp;&nbsp;initSpi_HW
<LI><a href="#[9b]">&gt;&gt;</a>&nbsp;&nbsp;&nbsp;initSpiPin
</UL>

<P><STRONG><a name="[56]"></a>RST_CLK_WarmDeInit</STRONG> (Thumb, 106 bytes, Stack size 4 bytes, mdr32f9qx_rst_clk.o(i.RST_CLK_WarmDeInit))
<BR><BR>[Stack]<UL><LI>Max Depth = 28<LI>Call Chain = RST_CLK_WarmDeInit &rArr; RST_CLK_HSIstatus &rArr; RST_CLK_GetFlagStatus
</UL>
<BR>[Calls]<UL><LI><a href="#[59]">&gt;&gt;</a>&nbsp;&nbsp;&nbsp;RST_CLK_HSIstatus
<LI><a href="#[5a]">&gt;&gt;</a>&nbsp;&nbsp;&nbsp;RST_CLK_HSIcmd
<LI><a href="#[5b]">&gt;&gt;</a>&nbsp;&nbsp;&nbsp;RST_CLK_CPUclkSelection
</UL>
<BR>[Called By]<UL><LI><a href="#[55]">&gt;&gt;</a>&nbsp;&nbsp;&nbsp;RST_CLK_DeInit
</UL>

<P><STRONG><a name="[14]"></a>SSP1_IRQHandler</STRONG> (Thumb, 2 bytes, Stack size 0 bytes, mdr32f9qx_it.o(i.SSP1_IRQHandler))
<BR>[Address Reference Count : 1]<UL><LI> startup_mdr32f9qx.o(RESET)
</UL>
<P><STRONG><a name="[1d]"></a>SSP2_IRQHandler</STRONG> (Thumb, 24 bytes, Stack size 8 bytes, spi.o(i.SSP2_IRQHandler))
<BR><BR>[Stack]<UL><LI>Max Depth = 8<LI>Call Chain = SSP2_IRQHandler
</UL>
<BR>[Calls]<UL><LI><a href="#[5c]">&gt;&gt;</a>&nbsp;&nbsp;&nbsp;SSP_GetITStatusMasked
<LI><a href="#[5d]">&gt;&gt;</a>&nbsp;&nbsp;&nbsp;SSP_ClearITPendingBit
</UL>
<BR>[Address Reference Count : 1]<UL><LI> startup_mdr32f9qx.o(RESET)
</UL>
<P><STRONG><a name="[a1]"></a>SSP_BRGInit</STRONG> (Thumb, 48 bytes, Stack size 0 bytes, mdr32f9qx_ssp.o(i.SSP_BRGInit))
<BR><BR>[Called By]<UL><LI><a href="#[9c]">&gt;&gt;</a>&nbsp;&nbsp;&nbsp;initSpi_HW
</UL>

<P><STRONG><a name="[5d]"></a>SSP_ClearITPendingBit</STRONG> (Thumb, 8 bytes, Stack size 0 bytes, mdr32f9qx_ssp.o(i.SSP_ClearITPendingBit))
<BR><BR>[Called By]<UL><LI><a href="#[1d]">&gt;&gt;</a>&nbsp;&nbsp;&nbsp;SSP2_IRQHandler
</UL>

<P><STRONG><a name="[a4]"></a>SSP_Cmd</STRONG> (Thumb, 24 bytes, Stack size 0 bytes, mdr32f9qx_ssp.o(i.SSP_Cmd))
<BR><BR>[Called By]<UL><LI><a href="#[9c]">&gt;&gt;</a>&nbsp;&nbsp;&nbsp;initSpi_HW
</UL>

<P><STRONG><a name="[a0]"></a>SSP_DeInit</STRONG> (Thumb, 18 bytes, Stack size 0 bytes, mdr32f9qx_ssp.o(i.SSP_DeInit))
<BR><BR>[Called By]<UL><LI><a href="#[9c]">&gt;&gt;</a>&nbsp;&nbsp;&nbsp;initSpi_HW
</UL>

<P><STRONG><a name="[81]"></a>SSP_GetFlagStatus</STRONG> (Thumb, 16 bytes, Stack size 0 bytes, mdr32f9qx_ssp.o(i.SSP_GetFlagStatus))
<BR><BR>[Called By]<UL><LI><a href="#[e8]">&gt;&gt;</a>&nbsp;&nbsp;&nbsp;sendSpi16
<LI><a href="#[88]">&gt;&gt;</a>&nbsp;&nbsp;&nbsp;readSpi8
<LI><a href="#[7f]">&gt;&gt;</a>&nbsp;&nbsp;&nbsp;clearReadBufSpi
</UL>

<P><STRONG><a name="[5c]"></a>SSP_GetITStatusMasked</STRONG> (Thumb, 16 bytes, Stack size 0 bytes, mdr32f9qx_ssp.o(i.SSP_GetITStatusMasked))
<BR><BR>[Called By]<UL><LI><a href="#[1d]">&gt;&gt;</a>&nbsp;&nbsp;&nbsp;SSP2_IRQHandler
</UL>

<P><STRONG><a name="[a3]"></a>SSP_Init</STRONG> (Thumb, 38 bytes, Stack size 8 bytes, mdr32f9qx_ssp.o(i.SSP_Init))
<BR><BR>[Stack]<UL><LI>Max Depth = 8<LI>Call Chain = SSP_Init
</UL>
<BR>[Called By]<UL><LI><a href="#[9c]">&gt;&gt;</a>&nbsp;&nbsp;&nbsp;initSpi_HW
</UL>

<P><STRONG><a name="[80]"></a>SSP_ReceiveData</STRONG> (Thumb, 8 bytes, Stack size 0 bytes, mdr32f9qx_ssp.o(i.SSP_ReceiveData))
<BR><BR>[Called By]<UL><LI><a href="#[88]">&gt;&gt;</a>&nbsp;&nbsp;&nbsp;readSpi8
<LI><a href="#[7f]">&gt;&gt;</a>&nbsp;&nbsp;&nbsp;clearReadBufSpi
</UL>

<P><STRONG><a name="[e9]"></a>SSP_SendData</STRONG> (Thumb, 4 bytes, Stack size 0 bytes, mdr32f9qx_ssp.o(i.SSP_SendData))
<BR><BR>[Called By]<UL><LI><a href="#[e8]">&gt;&gt;</a>&nbsp;&nbsp;&nbsp;sendSpi16
</UL>

<P><STRONG><a name="[a2]"></a>SSP_StructInit</STRONG> (Thumb, 28 bytes, Stack size 0 bytes, mdr32f9qx_ssp.o(i.SSP_StructInit))
<BR><BR>[Called By]<UL><LI><a href="#[9c]">&gt;&gt;</a>&nbsp;&nbsp;&nbsp;initSpi_HW
</UL>

<P><STRONG><a name="[5e]"></a>SetInputMode</STRONG> (Thumb, 48 bytes, Stack size 16 bytes, board.o(i.SetInputMode))
<BR><BR>[Stack]<UL><LI>Max Depth = 64<LI>Call Chain = SetInputMode &rArr; PORT_Init
</UL>
<BR>[Calls]<UL><LI><a href="#[48]">&gt;&gt;</a>&nbsp;&nbsp;&nbsp;RST_CLK_PCLKcmd
<LI><a href="#[4a]">&gt;&gt;</a>&nbsp;&nbsp;&nbsp;PORT_StructInit
<LI><a href="#[4b]">&gt;&gt;</a>&nbsp;&nbsp;&nbsp;PORT_Init
</UL>
<BR>[Called By]<UL><LI><a href="#[93]">&gt;&gt;</a>&nbsp;&nbsp;&nbsp;initInput
</UL>

<P><STRONG><a name="[5f]"></a>SetModeRx</STRONG> (Thumb, 18 bytes, Stack size 8 bytes, serial.o(i.SetModeRx))
<BR><BR>[Stack]<UL><LI>Max Depth = 8<LI>Call Chain = SetModeRx
</UL>
<BR>[Calls]<UL><LI><a href="#[52]">&gt;&gt;</a>&nbsp;&nbsp;&nbsp;PORT_ResetBits
</UL>
<BR>[Called By]<UL><LI><a href="#[e4]">&gt;&gt;</a>&nbsp;&nbsp;&nbsp;send8
<LI><a href="#[77]">&gt;&gt;</a>&nbsp;&nbsp;&nbsp;UartDirPin
<LI><a href="#[aa]">&gt;&gt;</a>&nbsp;&nbsp;&nbsp;xSerialPortInitMinimal
</UL>

<P><STRONG><a name="[60]"></a>SetModeTx</STRONG> (Thumb, 18 bytes, Stack size 8 bytes, serial.o(i.SetModeTx))
<BR><BR>[Stack]<UL><LI>Max Depth = 8<LI>Call Chain = SetModeTx
</UL>
<BR>[Calls]<UL><LI><a href="#[51]">&gt;&gt;</a>&nbsp;&nbsp;&nbsp;PORT_SetBits
</UL>
<BR>[Called By]<UL><LI><a href="#[e4]">&gt;&gt;</a>&nbsp;&nbsp;&nbsp;send8
</UL>

<P><STRONG><a name="[4d]"></a>SetOutputMode</STRONG> (Thumb, 50 bytes, Stack size 16 bytes, board.o(i.SetOutputMode))
<BR><BR>[Stack]<UL><LI>Max Depth = 64<LI>Call Chain = SetOutputMode &rArr; PORT_Init
</UL>
<BR>[Calls]<UL><LI><a href="#[48]">&gt;&gt;</a>&nbsp;&nbsp;&nbsp;RST_CLK_PCLKcmd
<LI><a href="#[4a]">&gt;&gt;</a>&nbsp;&nbsp;&nbsp;PORT_StructInit
<LI><a href="#[4b]">&gt;&gt;</a>&nbsp;&nbsp;&nbsp;PORT_Init
</UL>
<BR>[Called By]<UL><LI><a href="#[4c]">&gt;&gt;</a>&nbsp;&nbsp;&nbsp;LedInit
</UL>

<P><STRONG><a name="[f7]"></a>SetSpeed</STRONG> (Thumb, 8 bytes, Stack size 0 bytes, calcdrive.o(i.SetSpeed))
<BR><BR>[Called By]<UL><LI><a href="#[28]">&gt;&gt;</a>&nbsp;&nbsp;&nbsp;vObmenTask
</UL>

<P><STRONG><a name="[4f]"></a>ShotLed</STRONG> (Thumb, 120 bytes, Stack size 16 bytes, led.o(i.ShotLed))
<BR><BR>[Stack]<UL><LI>Max Depth = 160<LI>Call Chain = ShotLed &rArr; xTimerGenericCommand &rArr; xQueueGenericSend &rArr; vTaskPlaceOnEventList &rArr; prvAddCurrentTaskToDelayedList &rArr; vListInsert
</UL>
<BR>[Calls]<UL><LI><a href="#[62]">&gt;&gt;</a>&nbsp;&nbsp;&nbsp;xTimerGenericCommand
<LI><a href="#[61]">&gt;&gt;</a>&nbsp;&nbsp;&nbsp;xTaskGetTickCount
<LI><a href="#[50]">&gt;&gt;</a>&nbsp;&nbsp;&nbsp;LedOff
<LI><a href="#[53]">&gt;&gt;</a>&nbsp;&nbsp;&nbsp;LedOn
</UL>
<BR>[Called By]<UL><LI><a href="#[2b]">&gt;&gt;</a>&nbsp;&nbsp;&nbsp;vSendTask
<LI><a href="#[4c]">&gt;&gt;</a>&nbsp;&nbsp;&nbsp;LedInit
<LI><a href="#[28]">&gt;&gt;</a>&nbsp;&nbsp;&nbsp;vObmenTask
</UL>

<P><STRONG><a name="[26]"></a>SlotL6470Tmr</STRONG> (Thumb, 100 bytes, Stack size 16 bytes, l6470.o(i.SlotL6470Tmr))
<BR><BR>[Stack]<UL><LI>Max Depth = 176<LI>Call Chain = SlotL6470Tmr &rArr; initL6470Register &rArr; writeRegister &rArr; sendSpiByte &rArr; xQueueGenericSend &rArr; vTaskPlaceOnEventList &rArr; prvAddCurrentTaskToDelayedList &rArr; vListInsert
</UL>
<BR>[Calls]<UL><LI><a href="#[62]">&gt;&gt;</a>&nbsp;&nbsp;&nbsp;xTimerGenericCommand
<LI><a href="#[61]">&gt;&gt;</a>&nbsp;&nbsp;&nbsp;xTaskGetTickCount
<LI><a href="#[51]">&gt;&gt;</a>&nbsp;&nbsp;&nbsp;PORT_SetBits
<LI><a href="#[64]">&gt;&gt;</a>&nbsp;&nbsp;&nbsp;initL6470Register
<LI><a href="#[63]">&gt;&gt;</a>&nbsp;&nbsp;&nbsp;addStatusL6470
</UL>
<BR>[Address Reference Count : 1]<UL><LI> l6470.o(i.initL6470Hw)
</UL>
<P><STRONG><a name="[25]"></a>SlotTmr</STRONG> (Thumb, 52 bytes, Stack size 8 bytes, led.o(i.SlotTmr))
<BR><BR>[Stack]<UL><LI>Max Depth = 32<LI>Call Chain = SlotTmr &rArr; LedToggle &rArr; LedOff
</UL>
<BR>[Calls]<UL><LI><a href="#[54]">&gt;&gt;</a>&nbsp;&nbsp;&nbsp;LedToggle
</UL>
<BR>[Address Reference Count : 1]<UL><LI> led.o(i.LedInit)
</UL>
<P><STRONG><a name="[65]"></a>StartMove</STRONG> (Thumb, 54 bytes, Stack size 16 bytes, calcdrive.o(i.StartMove))
<BR><BR>[Stack]<UL><LI>Max Depth = 152<LI>Call Chain = StartMove &rArr; stepClock &rArr; sendSpiByte &rArr; xQueueGenericSend &rArr; vTaskPlaceOnEventList &rArr; prvAddCurrentTaskToDelayedList &rArr; vListInsert
</UL>
<BR>[Calls]<UL><LI><a href="#[66]">&gt;&gt;</a>&nbsp;&nbsp;&nbsp;stepClock
<LI><a href="#[67]">&gt;&gt;</a>&nbsp;&nbsp;&nbsp;startMoveTimer
</UL>
<BR>[Called By]<UL><LI><a href="#[28]">&gt;&gt;</a>&nbsp;&nbsp;&nbsp;vObmenTask
</UL>

<P><STRONG><a name="[68]"></a>StartUartTimer</STRONG> (Thumb, 18 bytes, Stack size 8 bytes, uarttimer.o(i.StartUartTimer))
<BR><BR>[Stack]<UL><LI>Max Depth = 8<LI>Call Chain = StartUartTimer
</UL>
<BR>[Calls]<UL><LI><a href="#[69]">&gt;&gt;</a>&nbsp;&nbsp;&nbsp;TIMER_Cmd
</UL>
<BR>[Called By]<UL><LI><a href="#[13]">&gt;&gt;</a>&nbsp;&nbsp;&nbsp;UART2_IRQHandler
</UL>

<P><STRONG><a name="[f5]"></a>StopMove</STRONG> (Thumb, 16 bytes, Stack size 0 bytes, calcdrive.o(i.StopMove))
<BR><BR>[Called By]<UL><LI><a href="#[28]">&gt;&gt;</a>&nbsp;&nbsp;&nbsp;vObmenTask
</UL>

<P><STRONG><a name="[6a]"></a>StopUartTimer</STRONG> (Thumb, 12 bytes, Stack size 8 bytes, uarttimer.o(i.StopUartTimer))
<BR><BR>[Stack]<UL><LI>Max Depth = 8<LI>Call Chain = StopUartTimer
</UL>
<BR>[Calls]<UL><LI><a href="#[69]">&gt;&gt;</a>&nbsp;&nbsp;&nbsp;TIMER_Cmd
</UL>
<BR>[Called By]<UL><LI><a href="#[19]">&gt;&gt;</a>&nbsp;&nbsp;&nbsp;Timer2_IRQHandler
</UL>

<P><STRONG><a name="[d]"></a>SysTick_Handler</STRONG> (Thumb, 46 bytes, Stack size 8 bytes, port.o(i.SysTick_Handler))
<BR><BR>[Stack]<UL><LI>Max Depth = 32<LI>Call Chain = SysTick_Handler &rArr; xTaskIncrementTick
</UL>
<BR>[Calls]<UL><LI><a href="#[6b]">&gt;&gt;</a>&nbsp;&nbsp;&nbsp;xTaskIncrementTick
</UL>
<BR>[Address Reference Count : 1]<UL><LI> startup_mdr32f9qx.o(RESET)
</UL>
<P><STRONG><a name="[6c]"></a>SystemCoreClockUpdate</STRONG> (Thumb, 130 bytes, Stack size 12 bytes, system_mdr32f9qx.o(i.SystemCoreClockUpdate))
<BR><BR>[Stack]<UL><LI>Max Depth = 12<LI>Call Chain = SystemCoreClockUpdate
</UL>
<BR>[Called By]<UL><LI><a href="#[23]">&gt;&gt;</a>&nbsp;&nbsp;&nbsp;SystemInit
</UL>

<P><STRONG><a name="[23]"></a>SystemInit</STRONG> (Thumb, 36 bytes, Stack size 4 bytes, system_mdr32f9qx.o(i.SystemInit))
<BR><BR>[Stack]<UL><LI>Max Depth = 16<LI>Call Chain = SystemInit &rArr; SystemCoreClockUpdate
</UL>
<BR>[Calls]<UL><LI><a href="#[6c]">&gt;&gt;</a>&nbsp;&nbsp;&nbsp;SystemCoreClockUpdate
</UL>
<BR>[Called By]<UL><LI><a href="#[39]">&gt;&gt;</a>&nbsp;&nbsp;&nbsp;main
</UL>
<BR>[Address Reference Count : 1]<UL><LI> startup_mdr32f9qx.o(.text)
</UL>
<P><STRONG><a name="[7b]"></a>TIMER_BRGInit</STRONG> (Thumb, 68 bytes, Stack size 0 bytes, mdr32f9qx_timer.o(i.TIMER_BRGInit))
<BR><BR>[Called By]<UL><LI><a href="#[79]">&gt;&gt;</a>&nbsp;&nbsp;&nbsp;UartTimerInit
<LI><a href="#[96]">&gt;&gt;</a>&nbsp;&nbsp;&nbsp;initTimerL6470
</UL>

<P><STRONG><a name="[a6]"></a>TIMER_ChnInit</STRONG> (Thumb, 70 bytes, Stack size 16 bytes, mdr32f9qx_timer.o(i.TIMER_ChnInit))
<BR><BR>[Stack]<UL><LI>Max Depth = 16<LI>Call Chain = TIMER_ChnInit
</UL>
<BR>[Called By]<UL><LI><a href="#[96]">&gt;&gt;</a>&nbsp;&nbsp;&nbsp;initTimerL6470
</UL>

<P><STRONG><a name="[a9]"></a>TIMER_ChnOutInit</STRONG> (Thumb, 66 bytes, Stack size 16 bytes, mdr32f9qx_timer.o(i.TIMER_ChnOutInit))
<BR><BR>[Stack]<UL><LI>Max Depth = 16<LI>Call Chain = TIMER_ChnOutInit
</UL>
<BR>[Called By]<UL><LI><a href="#[96]">&gt;&gt;</a>&nbsp;&nbsp;&nbsp;initTimerL6470
</UL>

<P><STRONG><a name="[a8]"></a>TIMER_ChnOutStructInit</STRONG> (Thumb, 22 bytes, Stack size 0 bytes, mdr32f9qx_timer.o(i.TIMER_ChnOutStructInit))
<BR><BR>[Called By]<UL><LI><a href="#[96]">&gt;&gt;</a>&nbsp;&nbsp;&nbsp;initTimerL6470
</UL>

<P><STRONG><a name="[a5]"></a>TIMER_ChnStructInit</STRONG> (Thumb, 28 bytes, Stack size 0 bytes, mdr32f9qx_timer.o(i.TIMER_ChnStructInit))
<BR><BR>[Called By]<UL><LI><a href="#[96]">&gt;&gt;</a>&nbsp;&nbsp;&nbsp;initTimerL6470
</UL>

<P><STRONG><a name="[6e]"></a>TIMER_ClearFlag</STRONG> (Thumb, 6 bytes, Stack size 0 bytes, mdr32f9qx_timer.o(i.TIMER_ClearFlag))
<BR><BR>[Called By]<UL><LI><a href="#[19]">&gt;&gt;</a>&nbsp;&nbsp;&nbsp;Timer2_IRQHandler
<LI><a href="#[1a]">&gt;&gt;</a>&nbsp;&nbsp;&nbsp;Timer3_IRQHandler
<LI><a href="#[96]">&gt;&gt;</a>&nbsp;&nbsp;&nbsp;initTimerL6470
</UL>

<P><STRONG><a name="[69]"></a>TIMER_Cmd</STRONG> (Thumb, 20 bytes, Stack size 0 bytes, mdr32f9qx_timer.o(i.TIMER_Cmd))
<BR><BR>[Called By]<UL><LI><a href="#[79]">&gt;&gt;</a>&nbsp;&nbsp;&nbsp;UartTimerInit
<LI><a href="#[6a]">&gt;&gt;</a>&nbsp;&nbsp;&nbsp;StopUartTimer
<LI><a href="#[68]">&gt;&gt;</a>&nbsp;&nbsp;&nbsp;StartUartTimer
<LI><a href="#[ee]">&gt;&gt;</a>&nbsp;&nbsp;&nbsp;stopTimerL6470
<LI><a href="#[ed]">&gt;&gt;</a>&nbsp;&nbsp;&nbsp;startTimerL6470
<LI><a href="#[1a]">&gt;&gt;</a>&nbsp;&nbsp;&nbsp;Timer3_IRQHandler
<LI><a href="#[67]">&gt;&gt;</a>&nbsp;&nbsp;&nbsp;startMoveTimer
<LI><a href="#[70]">&gt;&gt;</a>&nbsp;&nbsp;&nbsp;restartTimerMoreFFFF
<LI><a href="#[96]">&gt;&gt;</a>&nbsp;&nbsp;&nbsp;initTimerL6470
</UL>

<P><STRONG><a name="[7d]"></a>TIMER_CntInit</STRONG> (Thumb, 54 bytes, Stack size 12 bytes, mdr32f9qx_timer.o(i.TIMER_CntInit))
<BR><BR>[Stack]<UL><LI>Max Depth = 12<LI>Call Chain = TIMER_CntInit
</UL>
<BR>[Called By]<UL><LI><a href="#[79]">&gt;&gt;</a>&nbsp;&nbsp;&nbsp;UartTimerInit
<LI><a href="#[96]">&gt;&gt;</a>&nbsp;&nbsp;&nbsp;initTimerL6470
</UL>

<P><STRONG><a name="[7c]"></a>TIMER_CntStructInit</STRONG> (Thumb, 28 bytes, Stack size 0 bytes, mdr32f9qx_timer.o(i.TIMER_CntStructInit))
<BR><BR>[Called By]<UL><LI><a href="#[79]">&gt;&gt;</a>&nbsp;&nbsp;&nbsp;UartTimerInit
<LI><a href="#[96]">&gt;&gt;</a>&nbsp;&nbsp;&nbsp;initTimerL6470
</UL>

<P><STRONG><a name="[7a]"></a>TIMER_DeInit</STRONG> (Thumb, 68 bytes, Stack size 0 bytes, mdr32f9qx_timer.o(i.TIMER_DeInit))
<BR><BR>[Called By]<UL><LI><a href="#[79]">&gt;&gt;</a>&nbsp;&nbsp;&nbsp;UartTimerInit
<LI><a href="#[96]">&gt;&gt;</a>&nbsp;&nbsp;&nbsp;initTimerL6470
</UL>

<P><STRONG><a name="[6d]"></a>TIMER_GetITStatus</STRONG> (Thumb, 24 bytes, Stack size 8 bytes, mdr32f9qx_timer.o(i.TIMER_GetITStatus))
<BR><BR>[Stack]<UL><LI>Max Depth = 8<LI>Call Chain = TIMER_GetITStatus
</UL>
<BR>[Called By]<UL><LI><a href="#[19]">&gt;&gt;</a>&nbsp;&nbsp;&nbsp;Timer2_IRQHandler
<LI><a href="#[1a]">&gt;&gt;</a>&nbsp;&nbsp;&nbsp;Timer3_IRQHandler
</UL>

<P><STRONG><a name="[7e]"></a>TIMER_ITConfig</STRONG> (Thumb, 18 bytes, Stack size 8 bytes, mdr32f9qx_timer.o(i.TIMER_ITConfig))
<BR><BR>[Stack]<UL><LI>Max Depth = 8<LI>Call Chain = TIMER_ITConfig
</UL>
<BR>[Called By]<UL><LI><a href="#[79]">&gt;&gt;</a>&nbsp;&nbsp;&nbsp;UartTimerInit
<LI><a href="#[96]">&gt;&gt;</a>&nbsp;&nbsp;&nbsp;initTimerL6470
</UL>

<P><STRONG><a name="[a7]"></a>TIMER_SetChnCompare</STRONG> (Thumb, 14 bytes, Stack size 8 bytes, mdr32f9qx_timer.o(i.TIMER_SetChnCompare))
<BR><BR>[Stack]<UL><LI>Max Depth = 8<LI>Call Chain = TIMER_SetChnCompare
</UL>
<BR>[Called By]<UL><LI><a href="#[96]">&gt;&gt;</a>&nbsp;&nbsp;&nbsp;initTimerL6470
</UL>

<P><STRONG><a name="[18]"></a>Timer1_IRQHandler</STRONG> (Thumb, 2 bytes, Stack size 0 bytes, mdr32f9qx_it.o(i.Timer1_IRQHandler))
<BR>[Address Reference Count : 1]<UL><LI> startup_mdr32f9qx.o(RESET)
</UL>
<P><STRONG><a name="[19]"></a>Timer2_IRQHandler</STRONG> (Thumb, 66 bytes, Stack size 8 bytes, serial.o(i.Timer2_IRQHandler))
<BR><BR>[Stack]<UL><LI>Max Depth = 56<LI>Call Chain = Timer2_IRQHandler &rArr; xQueueGiveFromISR &rArr; xTaskRemoveFromEventList
</UL>
<BR>[Calls]<UL><LI><a href="#[6f]">&gt;&gt;</a>&nbsp;&nbsp;&nbsp;xQueueGiveFromISR
<LI><a href="#[6d]">&gt;&gt;</a>&nbsp;&nbsp;&nbsp;TIMER_GetITStatus
<LI><a href="#[6e]">&gt;&gt;</a>&nbsp;&nbsp;&nbsp;TIMER_ClearFlag
<LI><a href="#[6a]">&gt;&gt;</a>&nbsp;&nbsp;&nbsp;StopUartTimer
</UL>
<BR>[Address Reference Count : 1]<UL><LI> startup_mdr32f9qx.o(RESET)
</UL>
<P><STRONG><a name="[1a]"></a>Timer3_IRQHandler</STRONG> (Thumb, 172 bytes, Stack size 8 bytes, calcdrive.o(i.Timer3_IRQHandler))
<BR><BR>[Stack]<UL><LI>Max Depth = 32<LI>Call Chain = Timer3_IRQHandler &rArr; LedToggle &rArr; LedOff
</UL>
<BR>[Calls]<UL><LI><a href="#[69]">&gt;&gt;</a>&nbsp;&nbsp;&nbsp;TIMER_Cmd
<LI><a href="#[6d]">&gt;&gt;</a>&nbsp;&nbsp;&nbsp;TIMER_GetITStatus
<LI><a href="#[6e]">&gt;&gt;</a>&nbsp;&nbsp;&nbsp;TIMER_ClearFlag
<LI><a href="#[54]">&gt;&gt;</a>&nbsp;&nbsp;&nbsp;LedToggle
<LI><a href="#[70]">&gt;&gt;</a>&nbsp;&nbsp;&nbsp;restartTimerMoreFFFF
</UL>
<BR>[Address Reference Count : 1]<UL><LI> startup_mdr32f9qx.o(RESET)
</UL>
<P><STRONG><a name="[12]"></a>UART1_IRQHandler</STRONG> (Thumb, 2 bytes, Stack size 0 bytes, mdr32f9qx_it.o(i.UART1_IRQHandler))
<BR>[Address Reference Count : 1]<UL><LI> startup_mdr32f9qx.o(RESET)
</UL>
<P><STRONG><a name="[13]"></a>UART2_IRQHandler</STRONG> (Thumb, 154 bytes, Stack size 16 bytes, serial.o(i.UART2_IRQHandler))
<BR><BR>[Stack]<UL><LI>Max Depth = 96<LI>Call Chain = UART2_IRQHandler &rArr; xQueueGenericSendFromISR &rArr; prvCopyDataToQueue &rArr; xTaskPriorityDisinherit
</UL>
<BR>[Calls]<UL><LI><a href="#[74]">&gt;&gt;</a>&nbsp;&nbsp;&nbsp;xQueueGenericSendFromISR
<LI><a href="#[73]">&gt;&gt;</a>&nbsp;&nbsp;&nbsp;UART_ReceiveData
<LI><a href="#[71]">&gt;&gt;</a>&nbsp;&nbsp;&nbsp;UART_GetITStatusMasked
<LI><a href="#[72]">&gt;&gt;</a>&nbsp;&nbsp;&nbsp;UART_ClearITPendingBit
<LI><a href="#[68]">&gt;&gt;</a>&nbsp;&nbsp;&nbsp;StartUartTimer
</UL>
<BR>[Address Reference Count : 1]<UL><LI> startup_mdr32f9qx.o(RESET)
</UL>
<P><STRONG><a name="[10c]"></a>UART_BRGInit</STRONG> (Thumb, 48 bytes, Stack size 0 bytes, mdr32f9qx_uart.o(i.UART_BRGInit))
<BR><BR>[Called By]<UL><LI><a href="#[aa]">&gt;&gt;</a>&nbsp;&nbsp;&nbsp;xSerialPortInitMinimal
</UL>

<P><STRONG><a name="[72]"></a>UART_ClearITPendingBit</STRONG> (Thumb, 8 bytes, Stack size 0 bytes, mdr32f9qx_uart.o(i.UART_ClearITPendingBit))
<BR><BR>[Called By]<UL><LI><a href="#[13]">&gt;&gt;</a>&nbsp;&nbsp;&nbsp;UART2_IRQHandler
</UL>

<P><STRONG><a name="[10f]"></a>UART_Cmd</STRONG> (Thumb, 24 bytes, Stack size 0 bytes, mdr32f9qx_uart.o(i.UART_Cmd))
<BR><BR>[Called By]<UL><LI><a href="#[aa]">&gt;&gt;</a>&nbsp;&nbsp;&nbsp;xSerialPortInitMinimal
</UL>

<P><STRONG><a name="[e6]"></a>UART_GetFlagStatus</STRONG> (Thumb, 16 bytes, Stack size 0 bytes, mdr32f9qx_uart.o(i.UART_GetFlagStatus))
<BR><BR>[Called By]<UL><LI><a href="#[e4]">&gt;&gt;</a>&nbsp;&nbsp;&nbsp;send8
</UL>

<P><STRONG><a name="[71]"></a>UART_GetITStatusMasked</STRONG> (Thumb, 16 bytes, Stack size 0 bytes, mdr32f9qx_uart.o(i.UART_GetITStatusMasked))
<BR><BR>[Called By]<UL><LI><a href="#[13]">&gt;&gt;</a>&nbsp;&nbsp;&nbsp;UART2_IRQHandler
</UL>

<P><STRONG><a name="[10e]"></a>UART_ITConfig</STRONG> (Thumb, 18 bytes, Stack size 0 bytes, mdr32f9qx_uart.o(i.UART_ITConfig))
<BR><BR>[Called By]<UL><LI><a href="#[aa]">&gt;&gt;</a>&nbsp;&nbsp;&nbsp;xSerialPortInitMinimal
</UL>

<P><STRONG><a name="[75]"></a>UART_Init</STRONG> (Thumb, 166 bytes, Stack size 64 bytes, mdr32f9qx_uart.o(i.UART_Init))
<BR><BR>[Stack]<UL><LI>Max Depth = 108<LI>Call Chain = UART_Init &rArr; RST_CLK_GetClocksFreq
</UL>
<BR>[Calls]<UL><LI><a href="#[76]">&gt;&gt;</a>&nbsp;&nbsp;&nbsp;RST_CLK_GetClocksFreq
</UL>
<BR>[Called By]<UL><LI><a href="#[aa]">&gt;&gt;</a>&nbsp;&nbsp;&nbsp;xSerialPortInitMinimal
</UL>

<P><STRONG><a name="[73]"></a>UART_ReceiveData</STRONG> (Thumb, 8 bytes, Stack size 0 bytes, mdr32f9qx_uart.o(i.UART_ReceiveData))
<BR><BR>[Called By]<UL><LI><a href="#[13]">&gt;&gt;</a>&nbsp;&nbsp;&nbsp;UART2_IRQHandler
</UL>

<P><STRONG><a name="[e5]"></a>UART_SendData</STRONG> (Thumb, 4 bytes, Stack size 0 bytes, mdr32f9qx_uart.o(i.UART_SendData))
<BR><BR>[Called By]<UL><LI><a href="#[e4]">&gt;&gt;</a>&nbsp;&nbsp;&nbsp;send8
</UL>

<P><STRONG><a name="[10d]"></a>UART_StructInit</STRONG> (Thumb, 24 bytes, Stack size 0 bytes, mdr32f9qx_uart.o(i.UART_StructInit))
<BR><BR>[Called By]<UL><LI><a href="#[aa]">&gt;&gt;</a>&nbsp;&nbsp;&nbsp;xSerialPortInitMinimal
</UL>

<P><STRONG><a name="[10]"></a>USB_IRQHandler</STRONG> (Thumb, 2 bytes, Stack size 0 bytes, mdr32f9qx_it.o(i.USB_IRQHandler))
<BR>[Address Reference Count : 1]<UL><LI> startup_mdr32f9qx.o(RESET)
</UL>
<P><STRONG><a name="[77]"></a>UartDirPin</STRONG> (Thumb, 62 bytes, Stack size 8 bytes, serial.o(i.UartDirPin))
<BR><BR>[Stack]<UL><LI>Max Depth = 56<LI>Call Chain = UartDirPin &rArr; PORT_Init
</UL>
<BR>[Calls]<UL><LI><a href="#[5f]">&gt;&gt;</a>&nbsp;&nbsp;&nbsp;SetModeRx
<LI><a href="#[48]">&gt;&gt;</a>&nbsp;&nbsp;&nbsp;RST_CLK_PCLKcmd
<LI><a href="#[4a]">&gt;&gt;</a>&nbsp;&nbsp;&nbsp;PORT_StructInit
<LI><a href="#[4b]">&gt;&gt;</a>&nbsp;&nbsp;&nbsp;PORT_Init
</UL>
<BR>[Called By]<UL><LI><a href="#[aa]">&gt;&gt;</a>&nbsp;&nbsp;&nbsp;xSerialPortInitMinimal
</UL>

<P><STRONG><a name="[78]"></a>UartRxTxPin</STRONG> (Thumb, 72 bytes, Stack size 8 bytes, serial.o(i.UartRxTxPin))
<BR><BR>[Stack]<UL><LI>Max Depth = 56<LI>Call Chain = UartRxTxPin &rArr; PORT_Init
</UL>
<BR>[Calls]<UL><LI><a href="#[48]">&gt;&gt;</a>&nbsp;&nbsp;&nbsp;RST_CLK_PCLKcmd
<LI><a href="#[4a]">&gt;&gt;</a>&nbsp;&nbsp;&nbsp;PORT_StructInit
<LI><a href="#[4b]">&gt;&gt;</a>&nbsp;&nbsp;&nbsp;PORT_Init
</UL>
<BR>[Called By]<UL><LI><a href="#[aa]">&gt;&gt;</a>&nbsp;&nbsp;&nbsp;xSerialPortInitMinimal
</UL>

<P><STRONG><a name="[79]"></a>UartTimerInit</STRONG> (Thumb, 106 bytes, Stack size 8 bytes, uarttimer.o(i.UartTimerInit))
<BR><BR>[Stack]<UL><LI>Max Depth = 20<LI>Call Chain = UartTimerInit &rArr; TIMER_CntInit
</UL>
<BR>[Calls]<UL><LI><a href="#[7e]">&gt;&gt;</a>&nbsp;&nbsp;&nbsp;TIMER_ITConfig
<LI><a href="#[7a]">&gt;&gt;</a>&nbsp;&nbsp;&nbsp;TIMER_DeInit
<LI><a href="#[7c]">&gt;&gt;</a>&nbsp;&nbsp;&nbsp;TIMER_CntStructInit
<LI><a href="#[7d]">&gt;&gt;</a>&nbsp;&nbsp;&nbsp;TIMER_CntInit
<LI><a href="#[69]">&gt;&gt;</a>&nbsp;&nbsp;&nbsp;TIMER_Cmd
<LI><a href="#[7b]">&gt;&gt;</a>&nbsp;&nbsp;&nbsp;TIMER_BRGInit
<LI><a href="#[48]">&gt;&gt;</a>&nbsp;&nbsp;&nbsp;RST_CLK_PCLKcmd
</UL>
<BR>[Called By]<UL><LI><a href="#[aa]">&gt;&gt;</a>&nbsp;&nbsp;&nbsp;xSerialPortInitMinimal
</UL>

<P><STRONG><a name="[9]"></a>UsageFault_Handler</STRONG> (Thumb, 4 bytes, Stack size 0 bytes, mdr32f9qx_it.o(i.UsageFault_Handler))
<BR>[Address Reference Count : 1]<UL><LI> startup_mdr32f9qx.o(RESET)
</UL>
<P><STRONG><a name="[17]"></a>WWDG_IRQHandler</STRONG> (Thumb, 2 bytes, Stack size 0 bytes, mdr32f9qx_it.o(i.WWDG_IRQHandler))
<BR>[Address Reference Count : 1]<UL><LI> startup_mdr32f9qx.o(RESET)
</UL>
<P><STRONG><a name="[9f]"></a>addError</STRONG> (Thumb, 30 bytes, Stack size 0 bytes, spirtos.o(i.addError))
<BR><BR>[Called By]<UL><LI><a href="#[9d]">&gt;&gt;</a>&nbsp;&nbsp;&nbsp;initSpiRtos
</UL>

<P><STRONG><a name="[e2]"></a>addErrorL6470</STRONG> (Thumb, 30 bytes, Stack size 0 bytes, l6470.o(i.addErrorL6470))
<BR><BR>[Called By]<UL><LI><a href="#[97]">&gt;&gt;</a>&nbsp;&nbsp;&nbsp;resetL6470
</UL>

<P><STRONG><a name="[63]"></a>addStatusL6470</STRONG> (Thumb, 12 bytes, Stack size 0 bytes, l6470.o(i.addStatusL6470))
<BR><BR>[Called By]<UL><LI><a href="#[64]">&gt;&gt;</a>&nbsp;&nbsp;&nbsp;initL6470Register
<LI><a href="#[94]">&gt;&gt;</a>&nbsp;&nbsp;&nbsp;initL6470Hw
<LI><a href="#[26]">&gt;&gt;</a>&nbsp;&nbsp;&nbsp;SlotL6470Tmr
</UL>

<P><STRONG><a name="[fe]"></a>calcCn</STRONG> (Thumb, 10 bytes, Stack size 0 bytes, calcdrive.o(i.calcCn))
<BR><BR>[Called By]<UL><LI><a href="#[28]">&gt;&gt;</a>&nbsp;&nbsp;&nbsp;vObmenTask
</UL>

<P><STRONG><a name="[7f]"></a>clearReadBufSpi</STRONG> (Thumb, 28 bytes, Stack size 8 bytes, spi.o(i.clearReadBufSpi))
<BR><BR>[Stack]<UL><LI>Max Depth = 8<LI>Call Chain = clearReadBufSpi
</UL>
<BR>[Calls]<UL><LI><a href="#[80]">&gt;&gt;</a>&nbsp;&nbsp;&nbsp;SSP_ReceiveData
<LI><a href="#[81]">&gt;&gt;</a>&nbsp;&nbsp;&nbsp;SSP_GetFlagStatus
</UL>
<BR>[Called By]<UL><LI><a href="#[e1]">&gt;&gt;</a>&nbsp;&nbsp;&nbsp;readRegister
</UL>

<P><STRONG><a name="[f9]"></a>getAcc</STRONG> (Thumb, 6 bytes, Stack size 0 bytes, calcdrive.o(i.getAcc))
<BR><BR>[Called By]<UL><LI><a href="#[28]">&gt;&gt;</a>&nbsp;&nbsp;&nbsp;vObmenTask
</UL>

<P><STRONG><a name="[fa]"></a>getC0</STRONG> (Thumb, 6 bytes, Stack size 0 bytes, calcdrive.o(i.getC0))
<BR><BR>[Called By]<UL><LI><a href="#[28]">&gt;&gt;</a>&nbsp;&nbsp;&nbsp;vObmenTask
</UL>

<P><STRONG><a name="[f1]"></a>getCountErrorL6470</STRONG> (Thumb, 32 bytes, Stack size 0 bytes, l6470.o(i.getCountErrorL6470))
<BR><BR>[Called By]<UL><LI><a href="#[28]">&gt;&gt;</a>&nbsp;&nbsp;&nbsp;vObmenTask
</UL>

<P><STRONG><a name="[fd]"></a>getCountSteToVmax</STRONG> (Thumb, 6 bytes, Stack size 0 bytes, calcdrive.o(i.getCountSteToVmax))
<BR><BR>[Called By]<UL><LI><a href="#[28]">&gt;&gt;</a>&nbsp;&nbsp;&nbsp;vObmenTask
</UL>

<P><STRONG><a name="[82]"></a>getDipValue</STRONG> (Thumb, 74 bytes, Stack size 16 bytes, input.o(i.getDipValue))
<BR><BR>[Stack]<UL><LI>Max Depth = 16<LI>Call Chain = getDipValue
</UL>
<BR>[Calls]<UL><LI><a href="#[83]">&gt;&gt;</a>&nbsp;&nbsp;&nbsp;PORT_ReadInputData
</UL>
<BR>[Called By]<UL><LI><a href="#[28]">&gt;&gt;</a>&nbsp;&nbsp;&nbsp;vObmenTask
</UL>

<P><STRONG><a name="[f0]"></a>getErrorL6470</STRONG> (Thumb, 32 bytes, Stack size 0 bytes, l6470.o(i.getErrorL6470))
<BR><BR>[Called By]<UL><LI><a href="#[28]">&gt;&gt;</a>&nbsp;&nbsp;&nbsp;vObmenTask
</UL>

<P><STRONG><a name="[f3]"></a>getPosition</STRONG> (Thumb, 32 bytes, Stack size 0 bytes, calcdrive.o(i.getPosition))
<BR><BR>[Called By]<UL><LI><a href="#[28]">&gt;&gt;</a>&nbsp;&nbsp;&nbsp;vObmenTask
</UL>

<P><STRONG><a name="[84]"></a>getSensorRead</STRONG> (Thumb, 22 bytes, Stack size 8 bytes, input.o(i.getSensorRead))
<BR><BR>[Stack]<UL><LI>Max Depth = 8<LI>Call Chain = getSensorRead
</UL>
<BR>[Calls]<UL><LI><a href="#[83]">&gt;&gt;</a>&nbsp;&nbsp;&nbsp;PORT_ReadInputData
</UL>
<BR>[Called By]<UL><LI><a href="#[28]">&gt;&gt;</a>&nbsp;&nbsp;&nbsp;vObmenTask
</UL>

<P><STRONG><a name="[85]"></a>getStatus</STRONG> (Thumb, 70 bytes, Stack size 16 bytes, spirtos.o(i.getStatus))
<BR><BR>[Stack]<UL><LI>Max Depth = 136<LI>Call Chain = getStatus &rArr; sendSpiByte &rArr; xQueueGenericSend &rArr; vTaskPlaceOnEventList &rArr; prvAddCurrentTaskToDelayedList &rArr; vListInsert
</UL>
<BR>[Calls]<UL><LI><a href="#[86]">&gt;&gt;</a>&nbsp;&nbsp;&nbsp;xQueueSemaphoreTake
<LI><a href="#[89]">&gt;&gt;</a>&nbsp;&nbsp;&nbsp;xQueueGenericSend
<LI><a href="#[87]">&gt;&gt;</a>&nbsp;&nbsp;&nbsp;sendSpiByte
<LI><a href="#[88]">&gt;&gt;</a>&nbsp;&nbsp;&nbsp;readSpi8
</UL>
<BR>[Called By]<UL><LI><a href="#[28]">&gt;&gt;</a>&nbsp;&nbsp;&nbsp;vObmenTask
</UL>

<P><STRONG><a name="[f4]"></a>getStatusCalc</STRONG> (Thumb, 32 bytes, Stack size 0 bytes, calcdrive.o(i.getStatusCalc))
<BR><BR>[Called By]<UL><LI><a href="#[28]">&gt;&gt;</a>&nbsp;&nbsp;&nbsp;vObmenTask
</UL>

<P><STRONG><a name="[f2]"></a>getStatusL6470</STRONG> (Thumb, 32 bytes, Stack size 0 bytes, l6470.o(i.getStatusL6470))
<BR><BR>[Called By]<UL><LI><a href="#[28]">&gt;&gt;</a>&nbsp;&nbsp;&nbsp;vObmenTask
</UL>

<P><STRONG><a name="[fb]"></a>getVmax</STRONG> (Thumb, 6 bytes, Stack size 0 bytes, calcdrive.o(i.getVmax))
<BR><BR>[Called By]<UL><LI><a href="#[28]">&gt;&gt;</a>&nbsp;&nbsp;&nbsp;vObmenTask
</UL>

<P><STRONG><a name="[fc]"></a>getVmin</STRONG> (Thumb, 6 bytes, Stack size 0 bytes, calcdrive.o(i.getVmin))
<BR><BR>[Called By]<UL><LI><a href="#[28]">&gt;&gt;</a>&nbsp;&nbsp;&nbsp;vObmenTask
</UL>

<P><STRONG><a name="[8a]"></a>initCalcDrive</STRONG> (Thumb, 90 bytes, Stack size 16 bytes, calcdrive.o(i.initCalcDrive))
<BR><BR>[Stack]<UL><LI>Max Depth = 136<LI>Call Chain = initCalcDrive &rArr; setAcc &rArr; reCalc &rArr; sqrt &rArr; _dsqrt &rArr; __fpl_dnaninf
</UL>
<BR>[Calls]<UL><LI><a href="#[8b]">&gt;&gt;</a>&nbsp;&nbsp;&nbsp;xQueueGenericCreate
<LI><a href="#[8c]">&gt;&gt;</a>&nbsp;&nbsp;&nbsp;setAcc
</UL>
<BR>[Called By]<UL><LI><a href="#[39]">&gt;&gt;</a>&nbsp;&nbsp;&nbsp;main
</UL>

<P><STRONG><a name="[8d]"></a>initClk</STRONG> (Thumb, 88 bytes, Stack size 8 bytes, clk.o(i.initClk))
<BR><BR>[Stack]<UL><LI>Max Depth = 40<LI>Call Chain = initClk &rArr; RST_CLK_DeInit &rArr; RST_CLK_WarmDeInit &rArr; RST_CLK_HSIstatus &rArr; RST_CLK_GetFlagStatus
</UL>
<BR>[Calls]<UL><LI><a href="#[59]">&gt;&gt;</a>&nbsp;&nbsp;&nbsp;RST_CLK_HSIstatus
<LI><a href="#[5a]">&gt;&gt;</a>&nbsp;&nbsp;&nbsp;RST_CLK_HSIcmd
<LI><a href="#[57]">&gt;&gt;</a>&nbsp;&nbsp;&nbsp;RST_CLK_HSEstatus
<LI><a href="#[8e]">&gt;&gt;</a>&nbsp;&nbsp;&nbsp;RST_CLK_HSEconfig
<LI><a href="#[55]">&gt;&gt;</a>&nbsp;&nbsp;&nbsp;RST_CLK_DeInit
<LI><a href="#[5b]">&gt;&gt;</a>&nbsp;&nbsp;&nbsp;RST_CLK_CPUclkSelection
<LI><a href="#[91]">&gt;&gt;</a>&nbsp;&nbsp;&nbsp;RST_CLK_CPUclkPrescaler
<LI><a href="#[92]">&gt;&gt;</a>&nbsp;&nbsp;&nbsp;RST_CLK_CPU_PLLuse
<LI><a href="#[8f]">&gt;&gt;</a>&nbsp;&nbsp;&nbsp;RST_CLK_CPU_PLLconfig
<LI><a href="#[90]">&gt;&gt;</a>&nbsp;&nbsp;&nbsp;RST_CLK_CPU_PLLcmd
</UL>
<BR>[Called By]<UL><LI><a href="#[39]">&gt;&gt;</a>&nbsp;&nbsp;&nbsp;main
</UL>

<P><STRONG><a name="[93]"></a>initInput</STRONG> (Thumb, 76 bytes, Stack size 8 bytes, input.o(i.initInput))
<BR><BR>[Stack]<UL><LI>Max Depth = 72<LI>Call Chain = initInput &rArr; SetInputMode &rArr; PORT_Init
</UL>
<BR>[Calls]<UL><LI><a href="#[5e]">&gt;&gt;</a>&nbsp;&nbsp;&nbsp;SetInputMode
</UL>
<BR>[Called By]<UL><LI><a href="#[39]">&gt;&gt;</a>&nbsp;&nbsp;&nbsp;main
</UL>

<P><STRONG><a name="[94]"></a>initL6470Hw</STRONG> (Thumb, 76 bytes, Stack size 16 bytes, l6470.o(i.initL6470Hw))
<BR><BR>[Stack]<UL><LI>Max Depth = 192<LI>Call Chain = initL6470Hw &rArr; xTimerCreate &rArr; prvInitialiseNewTimer &rArr; prvCheckForValidListAndQueue &rArr; xQueueGenericCreate &rArr; pvPortMalloc &rArr; xTaskResumeAll &rArr; xTaskIncrementTick
</UL>
<BR>[Calls]<UL><LI><a href="#[4e]">&gt;&gt;</a>&nbsp;&nbsp;&nbsp;xTimerCreate
<LI><a href="#[96]">&gt;&gt;</a>&nbsp;&nbsp;&nbsp;initTimerL6470
<LI><a href="#[97]">&gt;&gt;</a>&nbsp;&nbsp;&nbsp;resetL6470
<LI><a href="#[95]">&gt;&gt;</a>&nbsp;&nbsp;&nbsp;initPin
<LI><a href="#[63]">&gt;&gt;</a>&nbsp;&nbsp;&nbsp;addStatusL6470
</UL>
<BR>[Called By]<UL><LI><a href="#[28]">&gt;&gt;</a>&nbsp;&nbsp;&nbsp;vObmenTask
<LI><a href="#[39]">&gt;&gt;</a>&nbsp;&nbsp;&nbsp;main
</UL>

<P><STRONG><a name="[64]"></a>initL6470Register</STRONG> (Thumb, 82 bytes, Stack size 16 bytes, l6470.o(i.initL6470Register))
<BR><BR>[Stack]<UL><LI>Max Depth = 160<LI>Call Chain = initL6470Register &rArr; writeRegister &rArr; sendSpiByte &rArr; xQueueGenericSend &rArr; vTaskPlaceOnEventList &rArr; prvAddCurrentTaskToDelayedList &rArr; vListInsert
</UL>
<BR>[Calls]<UL><LI><a href="#[98]">&gt;&gt;</a>&nbsp;&nbsp;&nbsp;writeRegister
<LI><a href="#[66]">&gt;&gt;</a>&nbsp;&nbsp;&nbsp;stepClock
<LI><a href="#[63]">&gt;&gt;</a>&nbsp;&nbsp;&nbsp;addStatusL6470
</UL>
<BR>[Called By]<UL><LI><a href="#[28]">&gt;&gt;</a>&nbsp;&nbsp;&nbsp;vObmenTask
<LI><a href="#[26]">&gt;&gt;</a>&nbsp;&nbsp;&nbsp;SlotL6470Tmr
</UL>

<P><STRONG><a name="[95]"></a>initPin</STRONG> (Thumb, 142 bytes, Stack size 8 bytes, l6470.o(i.initPin))
<BR><BR>[Stack]<UL><LI>Max Depth = 56<LI>Call Chain = initPin &rArr; PORT_Init
</UL>
<BR>[Calls]<UL><LI><a href="#[51]">&gt;&gt;</a>&nbsp;&nbsp;&nbsp;PORT_SetBits
<LI><a href="#[48]">&gt;&gt;</a>&nbsp;&nbsp;&nbsp;RST_CLK_PCLKcmd
<LI><a href="#[4a]">&gt;&gt;</a>&nbsp;&nbsp;&nbsp;PORT_StructInit
<LI><a href="#[4b]">&gt;&gt;</a>&nbsp;&nbsp;&nbsp;PORT_Init
</UL>
<BR>[Called By]<UL><LI><a href="#[94]">&gt;&gt;</a>&nbsp;&nbsp;&nbsp;initL6470Hw
</UL>

<P><STRONG><a name="[99]"></a>initPinTimerL6470</STRONG> (Thumb, 42 bytes, Stack size 8 bytes, l6470timer.o(i.initPinTimerL6470))
<BR><BR>[Stack]<UL><LI>Max Depth = 56<LI>Call Chain = initPinTimerL6470 &rArr; PORT_Init
</UL>
<BR>[Calls]<UL><LI><a href="#[48]">&gt;&gt;</a>&nbsp;&nbsp;&nbsp;RST_CLK_PCLKcmd
<LI><a href="#[4a]">&gt;&gt;</a>&nbsp;&nbsp;&nbsp;PORT_StructInit
<LI><a href="#[4b]">&gt;&gt;</a>&nbsp;&nbsp;&nbsp;PORT_Init
</UL>
<BR>[Called By]<UL><LI><a href="#[96]">&gt;&gt;</a>&nbsp;&nbsp;&nbsp;initTimerL6470
</UL>

<P><STRONG><a name="[af]"></a>initPtrShdInfo</STRONG> (Thumb, 6 bytes, Stack size 0 bytes, l6470timer.o(i.initPtrShdInfo))
<BR><BR>[Called By]<UL><LI><a href="#[39]">&gt;&gt;</a>&nbsp;&nbsp;&nbsp;main
</UL>

<P><STRONG><a name="[9a]"></a>initSPI</STRONG> (Thumb, 12 bytes, Stack size 8 bytes, spi.o(i.initSPI))
<BR><BR>[Stack]<UL><LI>Max Depth = 64<LI>Call Chain = initSPI &rArr; initSpiPin &rArr; PORT_Init
</UL>
<BR>[Calls]<UL><LI><a href="#[9c]">&gt;&gt;</a>&nbsp;&nbsp;&nbsp;initSpi_HW
<LI><a href="#[9b]">&gt;&gt;</a>&nbsp;&nbsp;&nbsp;initSpiPin
</UL>
<BR>[Called By]<UL><LI><a href="#[9d]">&gt;&gt;</a>&nbsp;&nbsp;&nbsp;initSpiRtos
</UL>

<P><STRONG><a name="[9b]"></a>initSpiPin</STRONG> (Thumb, 124 bytes, Stack size 8 bytes, spi.o(i.initSpiPin))
<BR><BR>[Stack]<UL><LI>Max Depth = 56<LI>Call Chain = initSpiPin &rArr; PORT_Init
</UL>
<BR>[Calls]<UL><LI><a href="#[48]">&gt;&gt;</a>&nbsp;&nbsp;&nbsp;RST_CLK_PCLKcmd
<LI><a href="#[4a]">&gt;&gt;</a>&nbsp;&nbsp;&nbsp;PORT_StructInit
<LI><a href="#[4b]">&gt;&gt;</a>&nbsp;&nbsp;&nbsp;PORT_Init
</UL>
<BR>[Called By]<UL><LI><a href="#[9a]">&gt;&gt;</a>&nbsp;&nbsp;&nbsp;initSPI
</UL>

<P><STRONG><a name="[9d]"></a>initSpiRtos</STRONG> (Thumb, 112 bytes, Stack size 16 bytes, spirtos.o(i.initSpiRtos))
<BR><BR>[Stack]<UL><LI>Max Depth = 152<LI>Call Chain = initSpiRtos &rArr; xTaskCreate &rArr; pvPortMalloc &rArr; xTaskResumeAll &rArr; xTaskIncrementTick
</UL>
<BR>[Calls]<UL><LI><a href="#[8b]">&gt;&gt;</a>&nbsp;&nbsp;&nbsp;xQueueGenericCreate
<LI><a href="#[9e]">&gt;&gt;</a>&nbsp;&nbsp;&nbsp;xTaskCreate
<LI><a href="#[89]">&gt;&gt;</a>&nbsp;&nbsp;&nbsp;xQueueGenericSend
<LI><a href="#[9f]">&gt;&gt;</a>&nbsp;&nbsp;&nbsp;addError
<LI><a href="#[9a]">&gt;&gt;</a>&nbsp;&nbsp;&nbsp;initSPI
</UL>
<BR>[Called By]<UL><LI><a href="#[39]">&gt;&gt;</a>&nbsp;&nbsp;&nbsp;main
</UL>

<P><STRONG><a name="[9c]"></a>initSpi_HW</STRONG> (Thumb, 100 bytes, Stack size 8 bytes, spi.o(i.initSpi_HW))
<BR><BR>[Stack]<UL><LI>Max Depth = 16<LI>Call Chain = initSpi_HW &rArr; SSP_Init
</UL>
<BR>[Calls]<UL><LI><a href="#[48]">&gt;&gt;</a>&nbsp;&nbsp;&nbsp;RST_CLK_PCLKcmd
<LI><a href="#[a2]">&gt;&gt;</a>&nbsp;&nbsp;&nbsp;SSP_StructInit
<LI><a href="#[a3]">&gt;&gt;</a>&nbsp;&nbsp;&nbsp;SSP_Init
<LI><a href="#[a0]">&gt;&gt;</a>&nbsp;&nbsp;&nbsp;SSP_DeInit
<LI><a href="#[a4]">&gt;&gt;</a>&nbsp;&nbsp;&nbsp;SSP_Cmd
<LI><a href="#[a1]">&gt;&gt;</a>&nbsp;&nbsp;&nbsp;SSP_BRGInit
</UL>
<BR>[Called By]<UL><LI><a href="#[9a]">&gt;&gt;</a>&nbsp;&nbsp;&nbsp;initSPI
</UL>

<P><STRONG><a name="[96]"></a>initTimerL6470</STRONG> (Thumb, 220 bytes, Stack size 8 bytes, l6470timer.o(i.initTimerL6470))
<BR><BR>[Stack]<UL><LI>Max Depth = 64<LI>Call Chain = initTimerL6470 &rArr; initPinTimerL6470 &rArr; PORT_Init
</UL>
<BR>[Calls]<UL><LI><a href="#[7e]">&gt;&gt;</a>&nbsp;&nbsp;&nbsp;TIMER_ITConfig
<LI><a href="#[7a]">&gt;&gt;</a>&nbsp;&nbsp;&nbsp;TIMER_DeInit
<LI><a href="#[7c]">&gt;&gt;</a>&nbsp;&nbsp;&nbsp;TIMER_CntStructInit
<LI><a href="#[7d]">&gt;&gt;</a>&nbsp;&nbsp;&nbsp;TIMER_CntInit
<LI><a href="#[69]">&gt;&gt;</a>&nbsp;&nbsp;&nbsp;TIMER_Cmd
<LI><a href="#[7b]">&gt;&gt;</a>&nbsp;&nbsp;&nbsp;TIMER_BRGInit
<LI><a href="#[6e]">&gt;&gt;</a>&nbsp;&nbsp;&nbsp;TIMER_ClearFlag
<LI><a href="#[48]">&gt;&gt;</a>&nbsp;&nbsp;&nbsp;RST_CLK_PCLKcmd
<LI><a href="#[a7]">&gt;&gt;</a>&nbsp;&nbsp;&nbsp;TIMER_SetChnCompare
<LI><a href="#[a5]">&gt;&gt;</a>&nbsp;&nbsp;&nbsp;TIMER_ChnStructInit
<LI><a href="#[a8]">&gt;&gt;</a>&nbsp;&nbsp;&nbsp;TIMER_ChnOutStructInit
<LI><a href="#[a9]">&gt;&gt;</a>&nbsp;&nbsp;&nbsp;TIMER_ChnOutInit
<LI><a href="#[a6]">&gt;&gt;</a>&nbsp;&nbsp;&nbsp;TIMER_ChnInit
<LI><a href="#[99]">&gt;&gt;</a>&nbsp;&nbsp;&nbsp;initPinTimerL6470
</UL>
<BR>[Called By]<UL><LI><a href="#[94]">&gt;&gt;</a>&nbsp;&nbsp;&nbsp;initL6470Hw
</UL>

<P><STRONG><a name="[39]"></a>main</STRONG> (Thumb, 180 bytes, Stack size 16 bytes, main.o(i.main))
<BR><BR>[Stack]<UL><LI>Max Depth = 208<LI>Call Chain = main &rArr; initL6470Hw &rArr; xTimerCreate &rArr; prvInitialiseNewTimer &rArr; prvCheckForValidListAndQueue &rArr; xQueueGenericCreate &rArr; pvPortMalloc &rArr; xTaskResumeAll &rArr; xTaskIncrementTick
</UL>
<BR>[Calls]<UL><LI><a href="#[9e]">&gt;&gt;</a>&nbsp;&nbsp;&nbsp;xTaskCreate
<LI><a href="#[aa]">&gt;&gt;</a>&nbsp;&nbsp;&nbsp;xSerialPortInitMinimal
<LI><a href="#[b0]">&gt;&gt;</a>&nbsp;&nbsp;&nbsp;vTaskStartScheduler
<LI><a href="#[9d]">&gt;&gt;</a>&nbsp;&nbsp;&nbsp;initSpiRtos
<LI><a href="#[af]">&gt;&gt;</a>&nbsp;&nbsp;&nbsp;initPtrShdInfo
<LI><a href="#[94]">&gt;&gt;</a>&nbsp;&nbsp;&nbsp;initL6470Hw
<LI><a href="#[93]">&gt;&gt;</a>&nbsp;&nbsp;&nbsp;initInput
<LI><a href="#[8d]">&gt;&gt;</a>&nbsp;&nbsp;&nbsp;initClk
<LI><a href="#[8a]">&gt;&gt;</a>&nbsp;&nbsp;&nbsp;initCalcDrive
<LI><a href="#[23]">&gt;&gt;</a>&nbsp;&nbsp;&nbsp;SystemInit
<LI><a href="#[53]">&gt;&gt;</a>&nbsp;&nbsp;&nbsp;LedOn
<LI><a href="#[4c]">&gt;&gt;</a>&nbsp;&nbsp;&nbsp;LedInit
<LI><a href="#[ae]">&gt;&gt;</a>&nbsp;&nbsp;&nbsp;GetShdInfo
<LI><a href="#[ad]">&gt;&gt;</a>&nbsp;&nbsp;&nbsp;GetSendList
<LI><a href="#[ac]">&gt;&gt;</a>&nbsp;&nbsp;&nbsp;GetReciveList
<LI><a href="#[ab]">&gt;&gt;</a>&nbsp;&nbsp;&nbsp;GetCounterSemaphor
<LI><a href="#[47]">&gt;&gt;</a>&nbsp;&nbsp;&nbsp;DisableIrqDma
</UL>
<BR>[Called By]<UL><LI><a href="#[38]">&gt;&gt;</a>&nbsp;&nbsp;&nbsp;__rt_entry_main
</UL>

<P><STRONG><a name="[d8]"></a>pvPortMalloc</STRONG> (Thumb, 190 bytes, Stack size 24 bytes, heap_2.o(i.pvPortMalloc))
<BR><BR>[Stack]<UL><LI>Max Depth = 64<LI>Call Chain = pvPortMalloc &rArr; xTaskResumeAll &rArr; xTaskIncrementTick
</UL>
<BR>[Calls]<UL><LI><a href="#[d1]">&gt;&gt;</a>&nbsp;&nbsp;&nbsp;xTaskResumeAll
<LI><a href="#[d0]">&gt;&gt;</a>&nbsp;&nbsp;&nbsp;vTaskSuspendAll
<LI><a href="#[d9]">&gt;&gt;</a>&nbsp;&nbsp;&nbsp;prvHeapInit
</UL>
<BR>[Called By]<UL><LI><a href="#[8b]">&gt;&gt;</a>&nbsp;&nbsp;&nbsp;xQueueGenericCreate
<LI><a href="#[4e]">&gt;&gt;</a>&nbsp;&nbsp;&nbsp;xTimerCreate
<LI><a href="#[9e]">&gt;&gt;</a>&nbsp;&nbsp;&nbsp;xTaskCreate
</UL>

<P><STRONG><a name="[109]"></a>pvTaskIncrementMutexHeldCount</STRONG> (Thumb, 26 bytes, Stack size 0 bytes, tasks.o(i.pvTaskIncrementMutexHeldCount))
<BR><BR>[Called By]<UL><LI><a href="#[86]">&gt;&gt;</a>&nbsp;&nbsp;&nbsp;xQueueSemaphoreTake
</UL>

<P><STRONG><a name="[c5]"></a>pxPortInitialiseStack</STRONG> (Thumb, 30 bytes, Stack size 0 bytes, port.o(i.pxPortInitialiseStack))
<BR><BR>[Called By]<UL><LI><a href="#[c3]">&gt;&gt;</a>&nbsp;&nbsp;&nbsp;prvInitialiseNewTask
</UL>

<P><STRONG><a name="[da]"></a>reCalc</STRONG> (Thumb, 94 bytes, Stack size 48 bytes, calcdrive.o(i.reCalc))
<BR><BR>[Stack]<UL><LI>Max Depth = 112<LI>Call Chain = reCalc &rArr; sqrt &rArr; _dsqrt &rArr; __fpl_dnaninf
</UL>
<BR>[Calls]<UL><LI><a href="#[e0]">&gt;&gt;</a>&nbsp;&nbsp;&nbsp;__aeabi_uldivmod
<LI><a href="#[dd]">&gt;&gt;</a>&nbsp;&nbsp;&nbsp;sqrt
<LI><a href="#[de]">&gt;&gt;</a>&nbsp;&nbsp;&nbsp;__aeabi_dmul
<LI><a href="#[db]">&gt;&gt;</a>&nbsp;&nbsp;&nbsp;__aeabi_ui2d
<LI><a href="#[df]">&gt;&gt;</a>&nbsp;&nbsp;&nbsp;__aeabi_d2uiz
<LI><a href="#[dc]">&gt;&gt;</a>&nbsp;&nbsp;&nbsp;__aeabi_ddiv
</UL>
<BR>[Called By]<UL><LI><a href="#[eb]">&gt;&gt;</a>&nbsp;&nbsp;&nbsp;setVmin
<LI><a href="#[ea]">&gt;&gt;</a>&nbsp;&nbsp;&nbsp;setVmax
<LI><a href="#[8c]">&gt;&gt;</a>&nbsp;&nbsp;&nbsp;setAcc
</UL>

<P><STRONG><a name="[e1]"></a>readRegister</STRONG> (Thumb, 90 bytes, Stack size 16 bytes, spirtos.o(i.readRegister))
<BR><BR>[Stack]<UL><LI>Max Depth = 136<LI>Call Chain = readRegister &rArr; sendSpiByte &rArr; xQueueGenericSend &rArr; vTaskPlaceOnEventList &rArr; prvAddCurrentTaskToDelayedList &rArr; vListInsert
</UL>
<BR>[Calls]<UL><LI><a href="#[54]">&gt;&gt;</a>&nbsp;&nbsp;&nbsp;LedToggle
<LI><a href="#[86]">&gt;&gt;</a>&nbsp;&nbsp;&nbsp;xQueueSemaphoreTake
<LI><a href="#[89]">&gt;&gt;</a>&nbsp;&nbsp;&nbsp;xQueueGenericSend
<LI><a href="#[87]">&gt;&gt;</a>&nbsp;&nbsp;&nbsp;sendSpiByte
<LI><a href="#[88]">&gt;&gt;</a>&nbsp;&nbsp;&nbsp;readSpi8
<LI><a href="#[7f]">&gt;&gt;</a>&nbsp;&nbsp;&nbsp;clearReadBufSpi
</UL>
<BR>[Called By]<UL><LI><a href="#[28]">&gt;&gt;</a>&nbsp;&nbsp;&nbsp;vObmenTask
</UL>

<P><STRONG><a name="[88]"></a>readSpi8</STRONG> (Thumb, 44 bytes, Stack size 8 bytes, spi.o(i.readSpi8))
<BR><BR>[Stack]<UL><LI>Max Depth = 8<LI>Call Chain = readSpi8
</UL>
<BR>[Calls]<UL><LI><a href="#[80]">&gt;&gt;</a>&nbsp;&nbsp;&nbsp;SSP_ReceiveData
<LI><a href="#[81]">&gt;&gt;</a>&nbsp;&nbsp;&nbsp;SSP_GetFlagStatus
</UL>
<BR>[Called By]<UL><LI><a href="#[e1]">&gt;&gt;</a>&nbsp;&nbsp;&nbsp;readRegister
<LI><a href="#[85]">&gt;&gt;</a>&nbsp;&nbsp;&nbsp;getStatus
</UL>

<P><STRONG><a name="[97]"></a>resetL6470</STRONG> (Thumb, 46 bytes, Stack size 16 bytes, l6470.o(i.resetL6470))
<BR><BR>[Stack]<UL><LI>Max Depth = 160<LI>Call Chain = resetL6470 &rArr; xTimerGenericCommand &rArr; xQueueGenericSend &rArr; vTaskPlaceOnEventList &rArr; prvAddCurrentTaskToDelayedList &rArr; vListInsert
</UL>
<BR>[Calls]<UL><LI><a href="#[62]">&gt;&gt;</a>&nbsp;&nbsp;&nbsp;xTimerGenericCommand
<LI><a href="#[61]">&gt;&gt;</a>&nbsp;&nbsp;&nbsp;xTaskGetTickCount
<LI><a href="#[52]">&gt;&gt;</a>&nbsp;&nbsp;&nbsp;PORT_ResetBits
<LI><a href="#[e2]">&gt;&gt;</a>&nbsp;&nbsp;&nbsp;addErrorL6470
</UL>
<BR>[Called By]<UL><LI><a href="#[94]">&gt;&gt;</a>&nbsp;&nbsp;&nbsp;initL6470Hw
</UL>

<P><STRONG><a name="[e3]"></a>resetL6470Soft</STRONG> (Thumb, 50 bytes, Stack size 8 bytes, spirtos.o(i.resetL6470Soft))
<BR><BR>[Stack]<UL><LI>Max Depth = 128<LI>Call Chain = resetL6470Soft &rArr; sendSpiByte &rArr; xQueueGenericSend &rArr; vTaskPlaceOnEventList &rArr; prvAddCurrentTaskToDelayedList &rArr; vListInsert
</UL>
<BR>[Calls]<UL><LI><a href="#[86]">&gt;&gt;</a>&nbsp;&nbsp;&nbsp;xQueueSemaphoreTake
<LI><a href="#[89]">&gt;&gt;</a>&nbsp;&nbsp;&nbsp;xQueueGenericSend
<LI><a href="#[87]">&gt;&gt;</a>&nbsp;&nbsp;&nbsp;sendSpiByte
</UL>
<BR>[Called By]<UL><LI><a href="#[28]">&gt;&gt;</a>&nbsp;&nbsp;&nbsp;vObmenTask
</UL>

<P><STRONG><a name="[70]"></a>restartTimerMoreFFFF</STRONG> (Thumb, 120 bytes, Stack size 8 bytes, l6470timer.o(i.restartTimerMoreFFFF))
<BR><BR>[Stack]<UL><LI>Max Depth = 8<LI>Call Chain = restartTimerMoreFFFF
</UL>
<BR>[Calls]<UL><LI><a href="#[69]">&gt;&gt;</a>&nbsp;&nbsp;&nbsp;TIMER_Cmd
</UL>
<BR>[Called By]<UL><LI><a href="#[1a]">&gt;&gt;</a>&nbsp;&nbsp;&nbsp;Timer3_IRQHandler
</UL>

<P><STRONG><a name="[e4]"></a>send8</STRONG> (Thumb, 56 bytes, Stack size 16 bytes, serial.o(i.send8))
<BR><BR>[Stack]<UL><LI>Max Depth = 24<LI>Call Chain = send8 &rArr; SetModeTx
</UL>
<BR>[Calls]<UL><LI><a href="#[e5]">&gt;&gt;</a>&nbsp;&nbsp;&nbsp;UART_SendData
<LI><a href="#[e6]">&gt;&gt;</a>&nbsp;&nbsp;&nbsp;UART_GetFlagStatus
<LI><a href="#[60]">&gt;&gt;</a>&nbsp;&nbsp;&nbsp;SetModeTx
<LI><a href="#[5f]">&gt;&gt;</a>&nbsp;&nbsp;&nbsp;SetModeRx
</UL>
<BR>[Called By]<UL><LI><a href="#[2b]">&gt;&gt;</a>&nbsp;&nbsp;&nbsp;vSendTask
</UL>

<P><STRONG><a name="[e7]"></a>sendBuf8</STRONG> (Thumb, 64 bytes, Stack size 24 bytes, main.o(i.sendBuf8))
<BR><BR>[Stack]<UL><LI>Max Depth = 128<LI>Call Chain = sendBuf8 &rArr; xQueueGenericSend &rArr; vTaskPlaceOnEventList &rArr; prvAddCurrentTaskToDelayedList &rArr; vListInsert
</UL>
<BR>[Calls]<UL><LI><a href="#[89]">&gt;&gt;</a>&nbsp;&nbsp;&nbsp;xQueueGenericSend
</UL>
<BR>[Called By]<UL><LI><a href="#[28]">&gt;&gt;</a>&nbsp;&nbsp;&nbsp;vObmenTask
</UL>

<P><STRONG><a name="[e8]"></a>sendSpi16</STRONG> (Thumb, 38 bytes, Stack size 8 bytes, spi.o(i.sendSpi16))
<BR><BR>[Stack]<UL><LI>Max Depth = 8<LI>Call Chain = sendSpi16
</UL>
<BR>[Calls]<UL><LI><a href="#[e9]">&gt;&gt;</a>&nbsp;&nbsp;&nbsp;SSP_SendData
<LI><a href="#[81]">&gt;&gt;</a>&nbsp;&nbsp;&nbsp;SSP_GetFlagStatus
</UL>
<BR>[Called By]<UL><LI><a href="#[27]">&gt;&gt;</a>&nbsp;&nbsp;&nbsp;xTaskSendSpiData
</UL>

<P><STRONG><a name="[87]"></a>sendSpiByte</STRONG> (Thumb, 22 bytes, Stack size 16 bytes, spirtos.o(i.sendSpiByte))
<BR><BR>[Stack]<UL><LI>Max Depth = 120<LI>Call Chain = sendSpiByte &rArr; xQueueGenericSend &rArr; vTaskPlaceOnEventList &rArr; prvAddCurrentTaskToDelayedList &rArr; vListInsert
</UL>
<BR>[Calls]<UL><LI><a href="#[89]">&gt;&gt;</a>&nbsp;&nbsp;&nbsp;xQueueGenericSend
</UL>
<BR>[Called By]<UL><LI><a href="#[98]">&gt;&gt;</a>&nbsp;&nbsp;&nbsp;writeRegister
[...]
</UL>
<BR>[Calls]<UL><LI><a href="#[d8]">&gt;&gt;</a>&nbsp;&nbsp;&nbsp;pvPortMalloc
<LI><a href="#[c6]">&gt;&gt;</a>&nbsp;&nbsp;&nbsp;prvInitialiseNewTimer
</UL>
<BR>[Called By]<UL><LI><a href="#[94]">&gt;&gt;</a>&nbsp;&nbsp;&nbsp;initL6470Hw
<LI><a href="#[4c]">&gt;&gt;</a>&nbsp;&nbsp;&nbsp;LedInit
</UL>

<P><STRONG><a name="[102]"></a>xTimerCreateTimerTask</STRONG> (Thumb, 42 bytes, Stack size 16 bytes, timers.o(i.xTimerCreateTimerTask))
<BR><BR>[Stack]<UL><LI>Max Depth = 152<LI>Call Chain = xTimerCreateTimerTask &rArr; xTaskCreate &rArr; pvPortMalloc &rArr; xTaskResumeAll &rArr; xTaskIncrementTick
</UL>
<BR>[Calls]<UL><LI><a href="#[9e]">&gt;&gt;</a>&nbsp;&nbsp;&nbsp;xTaskCreate
<LI><a href="#[b8]">&gt;&gt;</a>&nbsp;&nbsp;&nbsp;prvCheckForValidListAndQueue
</UL>
<BR>[Called By]<UL><LI><a href="#[b0]">&gt;&gt;</a>&nbsp;&nbsp;&nbsp;vTaskStartScheduler
</UL>

<P><STRONG><a name="[62]"></a>xTimerGenericCommand</STRONG> (Thumb, 102 bytes, Stack size 40 bytes, timers.o(i.xTimerGenericCommand))
<BR><BR>[Stack]<UL><LI>Max Depth = 144<LI>Call Chain = xTimerGenericCommand &rArr; xQueueGenericSend &rArr; vTaskPlaceOnEventList &rArr; prvAddCurrentTaskToDelayedList &rArr; vListInsert
</UL>
<BR>[Calls]<UL><LI><a href="#[74]">&gt;&gt;</a>&nbsp;&nbsp;&nbsp;xQueueGenericSendFromISR
<LI><a href="#[89]">&gt;&gt;</a>&nbsp;&nbsp;&nbsp;xQueueGenericSend
<LI><a href="#[111]">&gt;&gt;</a>&nbsp;&nbsp;&nbsp;xTaskGetSchedulerState
</UL>
<BR>[Called By]<UL><LI><a href="#[4f]">&gt;&gt;</a>&nbsp;&nbsp;&nbsp;ShotLed
<LI><a href="#[97]">&gt;&gt;</a>&nbsp;&nbsp;&nbsp;resetL6470
<LI><a href="#[26]">&gt;&gt;</a>&nbsp;&nbsp;&nbsp;SlotL6470Tmr
</UL>

<P><STRONG><a name="[dc]"></a>__aeabi_ddiv</STRONG> (Thumb, 0 bytes, Stack size 32 bytes, ddiv.o(x$fpl$ddiv))
<BR><BR>[Stack]<UL><LI>Max Depth = 32<LI>Call Chain = __aeabi_ddiv
</UL>
<BR>[Called By]<UL><LI><a href="#[eb]">&gt;&gt;</a>&nbsp;&nbsp;&nbsp;setVmin
<LI><a href="#[ea]">&gt;&gt;</a>&nbsp;&nbsp;&nbsp;setVmax
<LI><a href="#[da]">&gt;&gt;</a>&nbsp;&nbsp;&nbsp;reCalc
</UL>

<P><STRONG><a name="[112]"></a>_ddiv</STRONG> (Thumb, 552 bytes, Stack size 32 bytes, ddiv.o(x$fpl$ddiv), UNUSED)
<BR><BR>[Calls]<UL><LI><a href="#[113]">&gt;&gt;</a>&nbsp;&nbsp;&nbsp;__fpl_dretinf
<LI><a href="#[114]">&gt;&gt;</a>&nbsp;&nbsp;&nbsp;__fpl_dnaninf
</UL>

<P><STRONG><a name="[df]"></a>__aeabi_d2uiz</STRONG> (Thumb, 0 bytes, Stack size 32 bytes, dfixu.o(x$fpl$dfixu))
<BR><BR>[Stack]<UL><LI>Max Depth = 32<LI>Call Chain = __aeabi_d2uiz
</UL>
<BR>[Called By]<UL><LI><a href="#[eb]">&gt;&gt;</a>&nbsp;&nbsp;&nbsp;setVmin
<LI><a href="#[ea]">&gt;&gt;</a>&nbsp;&nbsp;&nbsp;setVmax
<LI><a href="#[da]">&gt;&gt;</a>&nbsp;&nbsp;&nbsp;reCalc
</UL>

<P><STRONG><a name="[115]"></a>_dfixu</STRONG> (Thumb, 90 bytes, Stack size 32 bytes, dfixu.o(x$fpl$dfixu), UNUSED)
<BR><BR>[Calls]<UL><LI><a href="#[114]">&gt;&gt;</a>&nbsp;&nbsp;&nbsp;__fpl_dnaninf
</UL>

<P><STRONG><a name="[db]"></a>__aeabi_ui2d</STRONG> (Thumb, 0 bytes, Stack size 0 bytes, dflt_clz.o(x$fpl$dfltu))
<BR><BR>[Called By]<UL><LI><a href="#[eb]">&gt;&gt;</a>&nbsp;&nbsp;&nbsp;setVmin
<LI><a href="#[ea]">&gt;&gt;</a>&nbsp;&nbsp;&nbsp;setVmax
<LI><a href="#[da]">&gt;&gt;</a>&nbsp;&nbsp;&nbsp;reCalc
</UL>

<P><STRONG><a name="[14a]"></a>_dfltu</STRONG> (Thumb, 38 bytes, Stack size 0 bytes, dflt_clz.o(x$fpl$dfltu), UNUSED)

<P><STRONG><a name="[de]"></a>__aeabi_dmul</STRONG> (Thumb, 0 bytes, Stack size 32 bytes, dmul.o(x$fpl$dmul))
<BR><BR>[Stack]<UL><LI>Max Depth = 32<LI>Call Chain = __aeabi_dmul
</UL>
<BR>[Called By]<UL><LI><a href="#[eb]">&gt;&gt;</a>&nbsp;&nbsp;&nbsp;setVmin
<LI><a href="#[ea]">&gt;&gt;</a>&nbsp;&nbsp;&nbsp;setVmax
<LI><a href="#[da]">&gt;&gt;</a>&nbsp;&nbsp;&nbsp;reCalc
</UL>

<P><STRONG><a name="[116]"></a>_dmul</STRONG> (Thumb, 332 bytes, Stack size 32 bytes, dmul.o(x$fpl$dmul), UNUSED)
<BR><BR>[Calls]<UL><LI><a href="#[113]">&gt;&gt;</a>&nbsp;&nbsp;&nbsp;__fpl_dretinf
<LI><a href="#[114]">&gt;&gt;</a>&nbsp;&nbsp;&nbsp;__fpl_dnaninf
</UL>

<P><STRONG><a name="[114]"></a>__fpl_dnaninf</STRONG> (Thumb, 156 bytes, Stack size 16 bytes, dnaninf.o(x$fpl$dnaninf))
<BR><BR>[Stack]<UL><LI>Max Depth = 16<LI>Call Chain = __fpl_dnaninf
</UL>
<BR>[Called By]<UL><LI><a href="#[ec]">&gt;&gt;</a>&nbsp;&nbsp;&nbsp;_dsqrt
<LI><a href="#[116]">&gt;&gt;</a>&nbsp;&nbsp;&nbsp;_dmul
<LI><a href="#[115]">&gt;&gt;</a>&nbsp;&nbsp;&nbsp;_dfixu
<LI><a href="#[112]">&gt;&gt;</a>&nbsp;&nbsp;&nbsp;_ddiv
</UL>

<P><STRONG><a name="[113]"></a>__fpl_dretinf</STRONG> (Thumb, 12 bytes, Stack size 0 bytes, dretinf.o(x$fpl$dretinf), UNUSED)
<BR><BR>[Called By]<UL><LI><a href="#[116]">&gt;&gt;</a>&nbsp;&nbsp;&nbsp;_dmul
<LI><a href="#[112]">&gt;&gt;</a>&nbsp;&nbsp;&nbsp;_ddiv
</UL>

<P><STRONG><a name="[ec]"></a>_dsqrt</STRONG> (Thumb, 456 bytes, Stack size 24 bytes, dsqrt_noumaal.o(x$fpl$dsqrt))
<BR><BR>[Stack]<UL><LI>Max Depth = 40<LI>Call Chain = _dsqrt &rArr; __fpl_dnaninf
</UL>
<BR>[Calls]<UL><LI><a href="#[114]">&gt;&gt;</a>&nbsp;&nbsp;&nbsp;__fpl_dnaninf
</UL>
<BR>[Called By]<UL><LI><a href="#[dd]">&gt;&gt;</a>&nbsp;&nbsp;&nbsp;sqrt
</UL>
<P>
<H3>
Local Symbols
</H3>
<P><STRONG><a name="[bc]"></a>prvCopyDataFromQueue</STRONG> (Thumb, 42 bytes, Stack size 16 bytes, queue.o(i.prvCopyDataFromQueue))
<BR><BR>[Stack]<UL><LI>Max Depth = 16<LI>Call Chain = prvCopyDataFromQueue
</UL>
<BR>[Calls]<UL><LI><a href="#[bd]">&gt;&gt;</a>&nbsp;&nbsp;&nbsp;__aeabi_memcpy
</UL>
<BR>[Called By]<UL><LI><a href="#[ce]">&gt;&gt;</a>&nbsp;&nbsp;&nbsp;xQueueReceive
</UL>

<P><STRONG><a name="[be]"></a>prvCopyDataToQueue</STRONG> (Thumb, 126 bytes, Stack size 24 bytes, queue.o(i.prvCopyDataToQueue))
<BR><BR>[Stack]<UL><LI>Max Depth = 40<LI>Call Chain = prvCopyDataToQueue &rArr; xTaskPriorityDisinherit
</UL>
<BR>[Calls]<UL><LI><a href="#[bf]">&gt;&gt;</a>&nbsp;&nbsp;&nbsp;xTaskPriorityDisinherit
<LI><a href="#[bd]">&gt;&gt;</a>&nbsp;&nbsp;&nbsp;__aeabi_memcpy
</UL>
<BR>[Called By]<UL><LI><a href="#[74]">&gt;&gt;</a>&nbsp;&nbsp;&nbsp;xQueueGenericSendFromISR
<LI><a href="#[89]">&gt;&gt;</a>&nbsp;&nbsp;&nbsp;xQueueGenericSend
</UL>

<P><STRONG><a name="[10b]"></a>prvGetDisinheritPriorityAfterTimeout</STRONG> (Thumb, 20 bytes, Stack size 0 bytes, queue.o(i.prvGetDisinheritPriorityAfterTimeout))
<BR><BR>[Called By]<UL><LI><a href="#[86]">&gt;&gt;</a>&nbsp;&nbsp;&nbsp;xQueueSemaphoreTake
</UL>

<P><STRONG><a name="[c1]"></a>prvInitialiseNewQueue</STRONG> (Thumb, 38 bytes, Stack size 24 bytes, queue.o(i.prvInitialiseNewQueue))
<BR><BR>[Stack]<UL><LI>Max Depth = 64<LI>Call Chain = prvInitialiseNewQueue &rArr; xQueueGenericReset &rArr; xTaskRemoveFromEventList
</UL>
<BR>[Calls]<UL><LI><a href="#[c2]">&gt;&gt;</a>&nbsp;&nbsp;&nbsp;xQueueGenericReset
</UL>
<BR>[Called By]<UL><LI><a href="#[8b]">&gt;&gt;</a>&nbsp;&nbsp;&nbsp;xQueueGenericCreate
</UL>

<P><STRONG><a name="[c8]"></a>prvIsQueueEmpty</STRONG> (Thumb, 26 bytes, Stack size 16 bytes, queue.o(i.prvIsQueueEmpty))
<BR><BR>[Stack]<UL><LI>Max Depth = 16<LI>Call Chain = prvIsQueueEmpty
</UL>
<BR>[Calls]<UL><LI><a href="#[b7]">&gt;&gt;</a>&nbsp;&nbsp;&nbsp;vPortExitCritical
<LI><a href="#[b5]">&gt;&gt;</a>&nbsp;&nbsp;&nbsp;vPortEnterCritical
</UL>
<BR>[Called By]<UL><LI><a href="#[86]">&gt;&gt;</a>&nbsp;&nbsp;&nbsp;xQueueSemaphoreTake
<LI><a href="#[ce]">&gt;&gt;</a>&nbsp;&nbsp;&nbsp;xQueueReceive
</UL>

<P><STRONG><a name="[c9]"></a>prvIsQueueFull</STRONG> (Thumb, 30 bytes, Stack size 16 bytes, queue.o(i.prvIsQueueFull))
<BR><BR>[Stack]<UL><LI>Max Depth = 16<LI>Call Chain = prvIsQueueFull
</UL>
<BR>[Calls]<UL><LI><a href="#[b7]">&gt;&gt;</a>&nbsp;&nbsp;&nbsp;vPortExitCritical
<LI><a href="#[b5]">&gt;&gt;</a>&nbsp;&nbsp;&nbsp;vPortEnterCritical
</UL>
<BR>[Called By]<UL><LI><a href="#[89]">&gt;&gt;</a>&nbsp;&nbsp;&nbsp;xQueueGenericSend
</UL>

<P><STRONG><a name="[d5]"></a>prvUnlockQueue</STRONG> (Thumb, 126 bytes, Stack size 16 bytes, queue.o(i.prvUnlockQueue))
<BR><BR>[Stack]<UL><LI>Max Depth = 32<LI>Call Chain = prvUnlockQueue &rArr; xTaskRemoveFromEventList
</UL>
<BR>[Calls]<UL><LI><a href="#[d6]">&gt;&gt;</a>&nbsp;&nbsp;&nbsp;xTaskRemoveFromEventList
<LI><a href="#[d7]">&gt;&gt;</a>&nbsp;&nbsp;&nbsp;vTaskMissedYield
<LI><a href="#[b7]">&gt;&gt;</a>&nbsp;&nbsp;&nbsp;vPortExitCritical
<LI><a href="#[b5]">&gt;&gt;</a>&nbsp;&nbsp;&nbsp;vPortEnterCritical
</UL>
<BR>[Called By]<UL><LI><a href="#[86]">&gt;&gt;</a>&nbsp;&nbsp;&nbsp;xQueueSemaphoreTake
<LI><a href="#[ce]">&gt;&gt;</a>&nbsp;&nbsp;&nbsp;xQueueReceive
<LI><a href="#[89]">&gt;&gt;</a>&nbsp;&nbsp;&nbsp;xQueueGenericSend
<LI><a href="#[d2]">&gt;&gt;</a>&nbsp;&nbsp;&nbsp;vQueueWaitForMessageRestricted
</UL>

<P><STRONG><a name="[b1]"></a>prvAddCurrentTaskToDelayedList</STRONG> (Thumb, 164 bytes, Stack size 24 bytes, tasks.o(i.prvAddCurrentTaskToDelayedList))
<BR><BR>[Stack]<UL><LI>Max Depth = 32<LI>Call Chain = prvAddCurrentTaskToDelayedList &rArr; vListInsert
</UL>
<BR>[Calls]<UL><LI><a href="#[b3]">&gt;&gt;</a>&nbsp;&nbsp;&nbsp;vListInsert
<LI><a href="#[b2]">&gt;&gt;</a>&nbsp;&nbsp;&nbsp;uxListRemove
</UL>
<BR>[Called By]<UL><LI><a href="#[ff]">&gt;&gt;</a>&nbsp;&nbsp;&nbsp;vTaskPlaceOnEventListRestricted
<LI><a href="#[100]">&gt;&gt;</a>&nbsp;&nbsp;&nbsp;vTaskPlaceOnEventList
</UL>

<P><STRONG><a name="[b4]"></a>prvAddNewTaskToReadyList</STRONG> (Thumb, 200 bytes, Stack size 8 bytes, tasks.o(i.prvAddNewTaskToReadyList))
<BR><BR>[Stack]<UL><LI>Max Depth = 16<LI>Call Chain = prvAddNewTaskToReadyList &rArr; prvInitialiseTaskLists
</UL>
<BR>[Calls]<UL><LI><a href="#[b6]">&gt;&gt;</a>&nbsp;&nbsp;&nbsp;prvInitialiseTaskLists
<LI><a href="#[b7]">&gt;&gt;</a>&nbsp;&nbsp;&nbsp;vPortExitCritical
<LI><a href="#[b5]">&gt;&gt;</a>&nbsp;&nbsp;&nbsp;vPortEnterCritical
</UL>
<BR>[Called By]<UL><LI><a href="#[9e]">&gt;&gt;</a>&nbsp;&nbsp;&nbsp;xTaskCreate
</UL>

<P><STRONG><a name="[ba]"></a>prvCheckTasksWaitingTermination</STRONG> (Thumb, 60 bytes, Stack size 8 bytes, tasks.o(i.prvCheckTasksWaitingTermination))
<BR><BR>[Stack]<UL><LI>Max Depth = 72<LI>Call Chain = prvCheckTasksWaitingTermination &rArr; prvDeleteTCB &rArr; vPortFree &rArr; xTaskResumeAll &rArr; xTaskIncrementTick
</UL>
<BR>[Calls]<UL><LI><a href="#[bb]">&gt;&gt;</a>&nbsp;&nbsp;&nbsp;prvDeleteTCB
<LI><a href="#[b7]">&gt;&gt;</a>&nbsp;&nbsp;&nbsp;vPortExitCritical
<LI><a href="#[b5]">&gt;&gt;</a>&nbsp;&nbsp;&nbsp;vPortEnterCritical
<LI><a href="#[b2]">&gt;&gt;</a>&nbsp;&nbsp;&nbsp;uxListRemove
</UL>
<BR>[Called By]<UL><LI><a href="#[2a]">&gt;&gt;</a>&nbsp;&nbsp;&nbsp;prvIdleTask
</UL>

<P><STRONG><a name="[bb]"></a>prvDeleteTCB</STRONG> (Thumb, 18 bytes, Stack size 8 bytes, tasks.o(i.prvDeleteTCB))
<BR><BR>[Stack]<UL><LI>Max Depth = 64<LI>Call Chain = prvDeleteTCB &rArr; vPortFree &rArr; xTaskResumeAll &rArr; xTaskIncrementTick
</UL>
<BR>[Calls]<UL><LI><a href="#[c0]">&gt;&gt;</a>&nbsp;&nbsp;&nbsp;vPortFree
</UL>
<BR>[Called By]<UL><LI><a href="#[ba]">&gt;&gt;</a>&nbsp;&nbsp;&nbsp;prvCheckTasksWaitingTermination
</UL>

<P><STRONG><a name="[2a]"></a>prvIdleTask</STRONG> (Thumb, 32 bytes, Stack size 0 bytes, tasks.o(i.prvIdleTask))
<BR><BR>[Stack]<UL><LI>Max Depth = 72<LI>Call Chain = prvIdleTask &rArr; prvCheckTasksWaitingTermination &rArr; prvDeleteTCB &rArr; vPortFree &rArr; xTaskResumeAll &rArr; xTaskIncrementTick
</UL>
<BR>[Calls]<UL><LI><a href="#[ba]">&gt;&gt;</a>&nbsp;&nbsp;&nbsp;prvCheckTasksWaitingTermination
</UL>
<BR>[Address Reference Count : 1]<UL><LI> tasks.o(i.vTaskStartScheduler)
</UL>
<P><STRONG><a name="[c3]"></a>prvInitialiseNewTask</STRONG> (Thumb, 144 bytes, Stack size 56 bytes, tasks.o(i.prvInitialiseNewTask))
<BR><BR>[Stack]<UL><LI>Max Depth = 56<LI>Call Chain = prvInitialiseNewTask
</UL>
<BR>[Calls]<UL><LI><a href="#[c4]">&gt;&gt;</a>&nbsp;&nbsp;&nbsp;vListInitialiseItem
<LI><a href="#[c5]">&gt;&gt;</a>&nbsp;&nbsp;&nbsp;pxPortInitialiseStack
</UL>
<BR>[Called By]<UL><LI><a href="#[9e]">&gt;&gt;</a>&nbsp;&nbsp;&nbsp;xTaskCreate
</UL>

<P><STRONG><a name="[b6]"></a>prvInitialiseTaskLists</STRONG> (Thumb, 70 bytes, Stack size 8 bytes, tasks.o(i.prvInitialiseTaskLists))
<BR><BR>[Stack]<UL><LI>Max Depth = 8<LI>Call Chain = prvInitialiseTaskLists
</UL>
<BR>[Calls]<UL><LI><a href="#[b9]">&gt;&gt;</a>&nbsp;&nbsp;&nbsp;vListInitialise
</UL>
<BR>[Called By]<UL><LI><a href="#[b4]">&gt;&gt;</a>&nbsp;&nbsp;&nbsp;prvAddNewTaskToReadyList
</UL>

<P><STRONG><a name="[110]"></a>prvResetNextTaskUnblockTime</STRONG> (Thumb, 40 bytes, Stack size 0 bytes, tasks.o(i.prvResetNextTaskUnblockTime))
<BR><BR>[Called By]<UL><LI><a href="#[d1]">&gt;&gt;</a>&nbsp;&nbsp;&nbsp;xTaskResumeAll
<LI><a href="#[6b]">&gt;&gt;</a>&nbsp;&nbsp;&nbsp;xTaskIncrementTick
</UL>

<P><STRONG><a name="[b8]"></a>prvCheckForValidListAndQueue</STRONG> (Thumb, 56 bytes, Stack size 8 bytes, timers.o(i.prvCheckForValidListAndQueue))
<BR><BR>[Stack]<UL><LI>Max Depth = 104<LI>Call Chain = prvCheckForValidListAndQueue &rArr; xQueueGenericCreate &rArr; pvPortMalloc &rArr; xTaskResumeAll &rArr; xTaskIncrementTick
</UL>
<BR>[Calls]<UL><LI><a href="#[8b]">&gt;&gt;</a>&nbsp;&nbsp;&nbsp;xQueueGenericCreate
<LI><a href="#[b7]">&gt;&gt;</a>&nbsp;&nbsp;&nbsp;vPortExitCritical
<LI><a href="#[b5]">&gt;&gt;</a>&nbsp;&nbsp;&nbsp;vPortEnterCritical
<LI><a href="#[b9]">&gt;&gt;</a>&nbsp;&nbsp;&nbsp;vListInitialise
</UL>
<BR>[Called By]<UL><LI><a href="#[c6]">&gt;&gt;</a>&nbsp;&nbsp;&nbsp;prvInitialiseNewTimer
<LI><a href="#[102]">&gt;&gt;</a>&nbsp;&nbsp;&nbsp;xTimerCreateTimerTask
</UL>

<P><STRONG><a name="[d4]"></a>prvGetNextExpireTime</STRONG> (Thumb, 36 bytes, Stack size 0 bytes, timers.o(i.prvGetNextExpireTime))
<BR><BR>[Called By]<UL><LI><a href="#[2c]">&gt;&gt;</a>&nbsp;&nbsp;&nbsp;prvTimerTask
</UL>

<P><STRONG><a name="[c6]"></a>prvInitialiseNewTimer</STRONG> (Thumb, 56 bytes, Stack size 32 bytes, timers.o(i.prvInitialiseNewTimer))
<BR><BR>[Stack]<UL><LI>Max Depth = 136<LI>Call Chain = prvInitialiseNewTimer &rArr; prvCheckForValidListAndQueue &rArr; xQueueGenericCreate &rArr; pvPortMalloc &rArr; xTaskResumeAll &rArr; xTaskIncrementTick
</UL>
<BR>[Calls]<UL><LI><a href="#[c4]">&gt;&gt;</a>&nbsp;&nbsp;&nbsp;vListInitialiseItem
<LI><a href="#[b8]">&gt;&gt;</a>&nbsp;&nbsp;&nbsp;prvCheckForValidListAndQueue
</UL>
<BR>[Called By]<UL><LI><a href="#[4e]">&gt;&gt;</a>&nbsp;&nbsp;&nbsp;xTimerCreate
</UL>

<P><STRONG><a name="[c7]"></a>prvInsertTimerInActiveList</STRONG> (Thumb, 80 bytes, Stack size 24 bytes, timers.o(i.prvInsertTimerInActiveList))
<BR><BR>[Stack]<UL><LI>Max Depth = 32<LI>Call Chain = prvInsertTimerInActiveList &rArr; vListInsert
</UL>
<BR>[Calls]<UL><LI><a href="#[b3]">&gt;&gt;</a>&nbsp;&nbsp;&nbsp;vListInsert
</UL>
<BR>[Called By]<UL><LI><a href="#[cb]">&gt;&gt;</a>&nbsp;&nbsp;&nbsp;prvReloadTimer
<LI><a href="#[cc]">&gt;&gt;</a>&nbsp;&nbsp;&nbsp;prvProcessReceivedCommands
</UL>

<P><STRONG><a name="[ca]"></a>prvProcessExpiredTimer</STRONG> (Thumb, 62 bytes, Stack size 16 bytes, timers.o(i.prvProcessExpiredTimer))
<BR><BR>[Stack]<UL><LI>Max Depth = 64<LI>Call Chain = prvProcessExpiredTimer &rArr; prvReloadTimer &rArr; prvInsertTimerInActiveList &rArr; vListInsert
</UL>
<BR>[Calls]<UL><LI><a href="#[b2]">&gt;&gt;</a>&nbsp;&nbsp;&nbsp;uxListRemove
<LI><a href="#[cb]">&gt;&gt;</a>&nbsp;&nbsp;&nbsp;prvReloadTimer
</UL>
<BR>[Called By]<UL><LI><a href="#[d3]">&gt;&gt;</a>&nbsp;&nbsp;&nbsp;prvSwitchTimerLists
<LI><a href="#[cf]">&gt;&gt;</a>&nbsp;&nbsp;&nbsp;prvProcessTimerOrBlockTask
</UL>

<P><STRONG><a name="[cc]"></a>prvProcessReceivedCommands</STRONG> (Thumb, 244 bytes, Stack size 32 bytes, timers.o(i.prvProcessReceivedCommands))
<BR><BR>[Stack]<UL><LI>Max Depth = 128<LI>Call Chain = prvProcessReceivedCommands &rArr; xQueueReceive &rArr; vTaskPlaceOnEventList &rArr; prvAddCurrentTaskToDelayedList &rArr; vListInsert
</UL>
<BR>[Calls]<UL><LI><a href="#[ce]">&gt;&gt;</a>&nbsp;&nbsp;&nbsp;xQueueReceive
<LI><a href="#[c0]">&gt;&gt;</a>&nbsp;&nbsp;&nbsp;vPortFree
<LI><a href="#[b2]">&gt;&gt;</a>&nbsp;&nbsp;&nbsp;uxListRemove
<LI><a href="#[cd]">&gt;&gt;</a>&nbsp;&nbsp;&nbsp;prvSampleTimeNow
<LI><a href="#[cb]">&gt;&gt;</a>&nbsp;&nbsp;&nbsp;prvReloadTimer
<LI><a href="#[c7]">&gt;&gt;</a>&nbsp;&nbsp;&nbsp;prvInsertTimerInActiveList
</UL>
<BR>[Called By]<UL><LI><a href="#[2c]">&gt;&gt;</a>&nbsp;&nbsp;&nbsp;prvTimerTask
</UL>

<P><STRONG><a name="[cf]"></a>prvProcessTimerOrBlockTask</STRONG> (Thumb, 102 bytes, Stack size 24 bytes, timers.o(i.prvProcessTimerOrBlockTask))
<BR><BR>[Stack]<UL><LI>Max Depth = 120<LI>Call Chain = prvProcessTimerOrBlockTask &rArr; prvSampleTimeNow &rArr; prvSwitchTimerLists &rArr; prvProcessExpiredTimer &rArr; prvReloadTimer &rArr; prvInsertTimerInActiveList &rArr; vListInsert
</UL>
<BR>[Calls]<UL><LI><a href="#[d1]">&gt;&gt;</a>&nbsp;&nbsp;&nbsp;xTaskResumeAll
<LI><a href="#[d0]">&gt;&gt;</a>&nbsp;&nbsp;&nbsp;vTaskSuspendAll
<LI><a href="#[d2]">&gt;&gt;</a>&nbsp;&nbsp;&nbsp;vQueueWaitForMessageRestricted
<LI><a href="#[cd]">&gt;&gt;</a>&nbsp;&nbsp;&nbsp;prvSampleTimeNow
<LI><a href="#[ca]">&gt;&gt;</a>&nbsp;&nbsp;&nbsp;prvProcessExpiredTimer
</UL>
<BR>[Called By]<UL><LI><a href="#[2c]">&gt;&gt;</a>&nbsp;&nbsp;&nbsp;prvTimerTask
</UL>

<P><STRONG><a name="[cb]"></a>prvReloadTimer</STRONG> (Thumb, 40 bytes, Stack size 16 bytes, timers.o(i.prvReloadTimer))
<BR><BR>[Stack]<UL><LI>Max Depth = 48<LI>Call Chain = prvReloadTimer &rArr; prvInsertTimerInActiveList &rArr; vListInsert
</UL>
<BR>[Calls]<UL><LI><a href="#[c7]">&gt;&gt;</a>&nbsp;&nbsp;&nbsp;prvInsertTimerInActiveList
</UL>
<BR>[Called By]<UL><LI><a href="#[cc]">&gt;&gt;</a>&nbsp;&nbsp;&nbsp;prvProcessReceivedCommands
<LI><a href="#[ca]">&gt;&gt;</a>&nbsp;&nbsp;&nbsp;prvProcessExpiredTimer
</UL>

<P><STRONG><a name="[cd]"></a>prvSampleTimeNow</STRONG> (Thumb, 40 bytes, Stack size 16 bytes, timers.o(i.prvSampleTimeNow))
<BR><BR>[Stack]<UL><LI>Max Depth = 96<LI>Call Chain = prvSampleTimeNow &rArr; prvSwitchTimerLists &rArr; prvProcessExpiredTimer &rArr; prvReloadTimer &rArr; prvInsertTimerInActiveList &rArr; vListInsert
</UL>
<BR>[Calls]<UL><LI><a href="#[61]">&gt;&gt;</a>&nbsp;&nbsp;&nbsp;xTaskGetTickCount
<LI><a href="#[d3]">&gt;&gt;</a>&nbsp;&nbsp;&nbsp;prvSwitchTimerLists
</UL>
<BR>[Called By]<UL><LI><a href="#[cf]">&gt;&gt;</a>&nbsp;&nbsp;&nbsp;prvProcessTimerOrBlockTask
<LI><a href="#[cc]">&gt;&gt;</a>&nbsp;&nbsp;&nbsp;prvProcessReceivedCommands
</UL>

<P><STRONG><a name="[d3]"></a>prvSwitchTimerLists</STRONG> (Thumb, 58 bytes, Stack size 16 bytes, timers.o(i.prvSwitchTimerLists))
<BR><BR>[Stack]<UL><LI>Max Depth = 80<LI>Call Chain = prvSwitchTimerLists &rArr; prvProcessExpiredTimer &rArr; prvReloadTimer &rArr; prvInsertTimerInActiveList &rArr; vListInsert
</UL>
<BR>[Calls]<UL><LI><a href="#[ca]">&gt;&gt;</a>&nbsp;&nbsp;&nbsp;prvProcessExpiredTimer
</UL>
<BR>[Called By]<UL><LI><a href="#[cd]">&gt;&gt;</a>&nbsp;&nbsp;&nbsp;prvSampleTimeNow
</UL>

<P><STRONG><a name="[2c]"></a>prvTimerTask</STRONG> (Thumb, 26 bytes, Stack size 8 bytes, timers.o(i.prvTimerTask))
<BR><BR>[Stack]<UL><LI>Max Depth = 136<LI>Call Chain = prvTimerTask &rArr; prvProcessReceivedCommands &rArr; xQueueReceive &rArr; vTaskPlaceOnEventList &rArr; prvAddCurrentTaskToDelayedList &rArr; vListInsert
</UL>
<BR>[Calls]<UL><LI><a href="#[cf]">&gt;&gt;</a>&nbsp;&nbsp;&nbsp;prvProcessTimerOrBlockTask
<LI><a href="#[cc]">&gt;&gt;</a>&nbsp;&nbsp;&nbsp;prvProcessReceivedCommands
<LI><a href="#[d4]">&gt;&gt;</a>&nbsp;&nbsp;&nbsp;prvGetNextExpireTime
</UL>
<BR>[Address Reference Count : 1]<UL><LI> timers.o(i.xTimerCreateTimerTask)
</UL>
<P><STRONG><a name="[29]"></a>prvTaskExitError</STRONG> (Thumb, 22 bytes, Stack size 0 bytes, port.o(i.prvTaskExitError))
<BR>[Address Reference Count : 1]<UL><LI> port.o(i.pxPortInitialiseStack)
</UL>
<P><STRONG><a name="[d9]"></a>prvHeapInit</STRONG> (Thumb, 42 bytes, Stack size 0 bytes, heap_2.o(i.prvHeapInit))
<BR><BR>[Called By]<UL><LI><a href="#[d8]">&gt;&gt;</a>&nbsp;&nbsp;&nbsp;pvPortMalloc
</UL>
<P>
<H3>
Undefined Global Symbols
</H3><HR></body></html>
