<html>
<body>
<pre>
<h1>µVision Build Log</h1>
<h2>Tool Versions:</h2>
IDE-Version: µVision V5.28.0.0
Copyright (C) 2019 ARM Ltd and ARM Germany GmbH. All rights reserved.
License Information: Vladislav Bogdanov, -, LIC=----
 
Tool Versions:
Toolchain:       MDK-Lite  Version: 5.28.0.0
Toolchain Path:  C:\Keil_v5\ARM\ARMCC\Bin
C Compiler:      Armcc.exe V5.06 update 6 (build 750)
Assembler:       Armasm.exe V5.06 update 6 (build 750)
Linker/Locator:  ArmLink.exe V5.06 update 6 (build 750)
Library Manager: ArmAr.exe V5.06 update 6 (build 750)
Hex Converter:   FromElf.exe V5.06 update 6 (build 750)
CPU DLL:         SARMCM3.DLL V5.28.0.0
Dialog DLL:      DCM.DLL V1.17.3.0
Target DLL:      STLink\ST-LINKIII-KEIL_SWO.dll V3.0.6.0
Dialog DLL:      TCM.DLL V1.36.2.0
 
<h2>Project:</h2>
E:\Keil_Milandr\sdk10122021\stepFR\stepFR.uvprojx
Project File Date:  06/22/2022

<h2>Output:</h2>
*** Using Compiler 'V5.06 update 6 (build 750)', folder: 'C:\Keil_v5\ARM\ARMCC\Bin'
Build target 'Target 1'
compiling l6470Timer.c...
linking...
Program Size: Code=20152 RO-data=224 RW-data=252 ZI-data=19540  
FromELF: creating hex file...
".\Objects\stepFR.axf" - 0 Error(s), 0 Warning(s).

<h2>Software Packages used:</h2>

Package Vendor: Keil
                https://ic.milandr.ru/soft/Keil.MDR1986BExx.2.0.3.pack
                Keil.MDR1986BExx.2.0.3
                Milandr MDR1986BExx Series Device Support, Drivers and Examples
   * Component: Startup Version: 2.0.3
   * Component: DMA Version: 2.0.3
   * Component: IWDG Version: 2.0.3
   * Component: PORT Version: 2.0.3
   * Component: RST_CLK Version: 2.0.3
   * Component: SSP Version: 2.0.3
   * Component: TIMER Version: 2.0.3
   * Component: UART Version: 2.0.3

<h2>Collection of Component include folders:</h2>
  .\RTE\Device\MDR1986BE92
  .\RTE\_Target_1
  C:\Users\User\AppData\Local\Arm\Packs\Keil\MDR1986BExx\2.0.3\Libraries\CMSIS\MDR32Fx\CoreSupport\CM3
  C:\Users\User\AppData\Local\Arm\Packs\Keil\MDR1986BExx\2.0.3\Libraries\CMSIS\MDR32Fx\DeviceSupport\MDR1986VE9x\inc
  C:\Users\User\AppData\Local\Arm\Packs\Keil\MDR1986BExx\2.0.3\Libraries\SPL\MDR32Fx\inc

<h2>Collection of Component Files used:</h2>

   * Component: Keil::Device:Startup:2.0.3
      Source file:   Libraries\CMSIS\MDR32Fx\DeviceSupport\MDR1986VE9x\startup\arm\startup_MDR32F9Qx.S
      Include file:  Libraries\CMSIS\MDR32Fx\DeviceSupport\MDR1986VE9x\inc\MDR32Fx.h
      Include file:  Libraries\SPL\MDR32Fx\MDR32F9Qx_config.h
      Include file:  Libraries\CMSIS\MDR32Fx\CoreSupport\CM3\core_cm3.h
      Source file:   Libraries\CMSIS\MDR32Fx\DeviceSupport\MDR1986VE9x\startup\arm\system_MDR32F9Qx.c
      Include file:  Libraries\CMSIS\MDR32Fx\DeviceSupport\MDR1986VE9x\startup\arm\system_MDR32F9Qx.h
      Include file:  Libraries\SPL\MDR32Fx\inc\IRQ_Handler_Template\MDR32F9Qx_IT.h
      Source file:   Libraries\SPL\MDR32Fx\src\IRQ_Handler_Template\MDR32F9Qx_IT.c

   * Component: Keil::Drivers:DMA:2.0.3
      Source file:   Libraries\SPL\MDR32Fx\src\MDR32F9Qx_dma.c
      Include file:  Libraries\SPL\MDR32Fx\inc\MDR32F9Qx_dma.h

   * Component: Keil::Drivers:IWDG:2.0.3
      Include file:  Libraries\SPL\MDR32Fx\inc\MDR32F9Qx_iwdg.h
      Source file:   Libraries\SPL\MDR32Fx\src\MDR32F9Qx_iwdg.c

   * Component: Keil::Drivers:PORT:2.0.3
      Include file:  Libraries\SPL\MDR32Fx\inc\MDR32F9Qx_port.h
      Source file:   Libraries\SPL\MDR32Fx\src\MDR32F9Qx_port.c

   * Component: Keil::Drivers:RST_CLK:2.0.3
      Source file:   Libraries\SPL\MDR32Fx\src\MDR32F9Qx_rst_clk.c
      Include file:  Libraries\SPL\MDR32Fx\inc\MDR32F9Qx_rst_clk.h

   * Component: Keil::Drivers:SSP:2.0.3
      Include file:  Libraries\SPL\MDR32Fx\inc\MDR32F9Qx_ssp.h
      Source file:   Libraries\SPL\MDR32Fx\src\MDR32F9Qx_ssp.c

   * Component: Keil::Drivers:TIMER:2.0.3
      Include file:  Libraries\SPL\MDR32Fx\inc\MDR32F9Qx_timer.h
      Source file:   Libraries\SPL\MDR32Fx\src\MDR32F9Qx_timer.c

   * Component: Keil::Drivers:UART:2.0.3
      Include file:  Libraries\SPL\MDR32Fx\inc\MDR32F9Qx_uart.h
      Source file:   Libraries\SPL\MDR32Fx\src\MDR32F9Qx_uart.c
Build Time Elapsed:  00:00:01
</pre>
</body>
</html>
