Component: ARM Compiler 5.06 update 6 (build 750) Tool: armlink [4d35ed]

==============================================================================

Section Cross References

    main.o(i.fill) refers to queue.o(i.xQueueGenericSend) for xQueueGenericSend
    main.o(i.fill) refers to main.o(.data) for pSendList
    main.o(i.main) refers to system_mdr32f9qx.o(i.SystemInit) for SystemInit
    main.o(i.main) refers to clk.o(i.initClk) for initClk
    main.o(i.main) refers to board.o(i.DisableIrqDma) for DisableIrqDma
    main.o(i.main) refers to led.o(i.LedInit) for LedInit
    main.o(i.main) refers to serial.o(i.xSerialPortInitMinimal) for xSerialPortInitMinimal
    main.o(i.main) refers to serial.o(i.GetCounterSemaphor) for GetCounterSemaphor
    main.o(i.main) refers to serial.o(i.GetReciveList) for GetReciveList
    main.o(i.main) refers to serial.o(i.GetSendList) for GetSendList
    main.o(i.main) refers to spirtos.o(i.initSpiRtos) for initSpiRtos
    main.o(i.main) refers to l6470.o(i.initL6470Hw) for initL6470Hw
    main.o(i.main) refers to calcdrive2.o(i.initCalcDrive) for initCalcDrive
    main.o(i.main) refers to calcdrive2.o(i.GetShdInfo) for GetShdInfo
    main.o(i.main) refers to l6470timer.o(i.initPtrShdInfo) for initPtrShdInfo
    main.o(i.main) refers to input.o(i.initInput) for initInput
    main.o(i.main) refers to tasks.o(i.xTaskCreate) for xTaskCreate
    main.o(i.main) refers to tasks.o(i.vTaskStartScheduler) for vTaskStartScheduler
    main.o(i.main) refers to led.o(i.LedOn) for LedOn
    main.o(i.main) refers to main.o(.data) for Ispravnost
    main.o(i.main) refers to main.o(i.vObmenTask) for vObmenTask
    main.o(i.sendBuf8) refers to queue.o(i.xQueueGenericSend) for xQueueGenericSend
    main.o(i.sendBuf8) refers to main.o(.data) for pSendList
    main.o(i.vObmenTask) refers to queue.o(i.xQueueSemaphoreTake) for xQueueSemaphoreTake
    main.o(i.vObmenTask) refers to queue.o(i.xQueueReceive) for xQueueReceive
    main.o(i.vObmenTask) refers to led.o(i.ShotLed) for ShotLed
    main.o(i.vObmenTask) refers to spirtos.o(i.readRegister) for readRegister
    main.o(i.vObmenTask) refers to queue.o(i.xQueueGenericSend) for xQueueGenericSend
    main.o(i.vObmenTask) refers to spirtos.o(i.writeRegister) for writeRegister
    main.o(i.vObmenTask) refers to main.o(i.sendBuf8) for sendBuf8
    main.o(i.vObmenTask) refers to spirtos.o(i.getStatus) for getStatus
    main.o(i.vObmenTask) refers to spirtos.o(i.stepClock) for stepClock
    main.o(i.vObmenTask) refers to spirtos.o(i.resetL6470Soft) for resetL6470Soft
    main.o(i.vObmenTask) refers to l6470timer.o(i.startTimerL6470) for startTimerL6470
    main.o(i.vObmenTask) refers to l6470timer.o(i.stopTimerL6470) for stopTimerL6470
    main.o(i.vObmenTask) refers to l6470.o(i.initL6470Register) for initL6470Register
    main.o(i.vObmenTask) refers to l6470.o(i.getErrorL6470) for getErrorL6470
    main.o(i.vObmenTask) refers to l6470.o(i.getCountErrorL6470) for getCountErrorL6470
    main.o(i.vObmenTask) refers to l6470.o(i.getStatusL6470) for getStatusL6470
    main.o(i.vObmenTask) refers to calcdrive2.o(i.getPosition) for getPosition
    main.o(i.vObmenTask) refers to main.o(i.to32InBuf) for to32InBuf
    main.o(i.vObmenTask) refers to calcdrive2.o(i.StartMove) for StartMove
    main.o(i.vObmenTask) refers to main.o(.data) for pCounterSemaphor
    main.o(i.vObmenTask) refers to calcdrive2.o(i.StopMove) for StopMove
    main.o(i.vObmenTask) refers to input.o(i.getDipValue) for getDipValue
    main.o(i.vObmenTask) refers to input.o(i.getSensorRead) for getSensorRead
    main.o(i.vObmenTask) refers to calcdrive2.o(i.SetSpeed) for SetSpeed
    main.o(i.vObmenTask) refers to l6470.o(i.initL6470Hw) for initL6470Hw
    main.o(i.vObmenTask) refers to calcdrive2.o(i.setAcc) for setAcc
    main.o(i.vObmenTask) refers to calcdrive2.o(i.setVmax) for setVmax
    main.o(i.vObmenTask) refers to calcdrive2.o(i.setVmin) for setVmin
    main.o(i.vObmenTask) refers to calcdrive2.o(i.GetSpeed) for GetSpeed
    main.o(i.vObmenTask) refers to calcdrive2.o(i.getAcc) for getAcc
    main.o(i.vObmenTask) refers to calcdrive2.o(i.getC0) for getC0
    main.o(i.vObmenTask) refers to calcdrive2.o(i.getVmax) for getVmax
    main.o(i.vObmenTask) refers to calcdrive2.o(i.getVmin) for getVmin
    main.o(i.vObmenTask) refers to queue.o(i.uxQueueMessagesWaiting) for uxQueueMessagesWaiting
    main.o(i.vObmenTask) refers to queue.o(i.xQueueGenericReset) for xQueueGenericReset
    board.o(i.DisableIrqDma) refers to mdr32f9qx_rst_clk.o(i.RST_CLK_PCLKcmd) for RST_CLK_PCLKcmd
    board.o(i.DisableIrqDma) refers to board.o(i.Init_All_Ports) for Init_All_Ports
    board.o(i.Init_All_Ports) refers to mdr32f9qx_rst_clk.o(i.RST_CLK_PCLKcmd) for RST_CLK_PCLKcmd
    board.o(i.Init_All_Ports) refers to mdr32f9qx_port.o(i.PORT_StructInit) for PORT_StructInit
    board.o(i.Init_All_Ports) refers to mdr32f9qx_port.o(i.PORT_Init) for PORT_Init
[...]
    i.vListInitialiseItem                    0x08002f58   Section        0  list.o(i.vListInitialiseItem)
    i.vListInsert                            0x08002f5e   Section        0  list.o(i.vListInsert)
    i.vObmenTask                             0x08002f94   Section        0  main.o(i.vObmenTask)
    i.vPortEnterCritical                     0x08003654   Section        0  port.o(i.vPortEnterCritical)
    i.vPortExitCritical                      0x08003678   Section        0  port.o(i.vPortExitCritical)
    i.vPortFree                              0x08003698   Section        0  heap_2.o(i.vPortFree)
    i.vPortSetupTimerInterrupt               0x080036d8   Section        0  port.o(i.vPortSetupTimerInterrupt)
    i.vQueueWaitForMessageRestricted         0x080036f0   Section        0  queue.o(i.vQueueWaitForMessageRestricted)
    i.vSendTask                              0x0800373c   Section        0  serial.o(i.vSendTask)
    i.vTaskInternalSetTimeOutState           0x08003798   Section        0  tasks.o(i.vTaskInternalSetTimeOutState)
    i.vTaskMissedYield                       0x080037b0   Section        0  tasks.o(i.vTaskMissedYield)
    i.vTaskPlaceOnEventList                  0x080037bc   Section        0  tasks.o(i.vTaskPlaceOnEventList)
    i.vTaskPlaceOnEventListRestricted        0x080037dc   Section        0  tasks.o(i.vTaskPlaceOnEventListRestricted)
    i.vTaskPriorityDisinheritAfterTimeout    0x08003828   Section        0  tasks.o(i.vTaskPriorityDisinheritAfterTimeout)
    i.vTaskStartScheduler                    0x080038fc   Section        0  tasks.o(i.vTaskStartScheduler)
    i.vTaskSuspendAll                        0x08003974   Section        0  tasks.o(i.vTaskSuspendAll)
    i.vTaskSwitchContext                     0x08003984   Section        0  tasks.o(i.vTaskSwitchContext)
    i.writeRegister                          0x080039e4   Section        0  spirtos.o(i.writeRegister)
    i.xPortStartScheduler                    0x08003a3c   Section        0  port.o(i.xPortStartScheduler)
    i.xQueueCreateCountingSemaphore          0x08003a70   Section        0  queue.o(i.xQueueCreateCountingSemaphore)
    i.xQueueGenericCreate                    0x08003a92   Section        0  queue.o(i.xQueueGenericCreate)
    i.xQueueGenericReset                     0x08003ae0   Section        0  queue.o(i.xQueueGenericReset)
    i.xQueueGenericSend                      0x08003b80   Section        0  queue.o(i.xQueueGenericSend)
    i.xQueueGenericSendFromISR               0x08003c98   Section        0  queue.o(i.xQueueGenericSendFromISR)
    i.xQueueGiveFromISR                      0x08003d22   Section        0  queue.o(i.xQueueGiveFromISR)
    i.xQueueReceive                          0x08003d9c   Section        0  queue.o(i.xQueueReceive)
    i.xQueueSemaphoreTake                    0x08003ea0   Section        0  queue.o(i.xQueueSemaphoreTake)
    i.xSerialPortInitMinimal                 0x08003fd0   Section        0  serial.o(i.xSerialPortInitMinimal)
    i.xTaskCheckForTimeOut                   0x08004100   Section        0  tasks.o(i.xTaskCheckForTimeOut)
    i.xTaskCreate                            0x08004160   Section        0  tasks.o(i.xTaskCreate)
    i.xTaskGetSchedulerState                 0x080041c0   Section        0  tasks.o(i.xTaskGetSchedulerState)
    i.xTaskGetTickCount                      0x080041e0   Section        0  tasks.o(i.xTaskGetTickCount)
    i.xTaskIncrementTick                     0x080041ec   Section        0  tasks.o(i.xTaskIncrementTick)
    i.xTaskPriorityDisinherit                0x0800437c   Section        0  tasks.o(i.xTaskPriorityDisinherit)
    i.xTaskPriorityInherit                   0x08004428   Section        0  tasks.o(i.xTaskPriorityInherit)
    i.xTaskRemoveFromEventList               0x08004514   Section        0  tasks.o(i.xTaskRemoveFromEventList)
    i.xTaskResumeAll                         0x0800461c   Section        0  tasks.o(i.xTaskResumeAll)
    i.xTaskSendSpiData                       0x08004778   Section        0  spirtos.o(i.xTaskSendSpiData)
    i.xTimerCreate                           0x080047b4   Section        0  timers.o(i.xTimerCreate)
    i.xTimerCreateTimerTask                  0x080047ec   Section        0  timers.o(i.xTimerCreateTimerTask)
    i.xTimerGenericCommand                   0x0800482c   Section        0  timers.o(i.xTimerGenericCommand)
    x$fpl$ddiv                               0x08004898   Section      688  ddiv.o(x$fpl$ddiv)
    ddiv_entry                               0x0800489f   Thumb Code     0  ddiv.o(x$fpl$ddiv)
    x$fpl$dfixu                              0x08004b48   Section       90  dfixu.o(x$fpl$dfixu)
    x$fpl$dfltu                              0x08004ba2   Section       38  dflt_clz.o(x$fpl$dfltu)
    x$fpl$dmul                               0x08004bc8   Section      340  dmul.o(x$fpl$dmul)
    x$fpl$dnaninf                            0x08004d1c   Section      156  dnaninf.o(x$fpl$dnaninf)
    x$fpl$dretinf                            0x08004db8   Section       12  dretinf.o(x$fpl$dretinf)
    x$fpl$dsqrt                              0x08004dc4   Section      460  dsqrt_noumaal.o(x$fpl$dsqrt)
    x$fpl$usenofp                            0x08004f90   Section        0  usenofp.o(x$fpl$usenofp)
    .data                                    0x20000000   Section       24  main.o(.data)
    xPort                                    0x20000004   Data           4  main.o(.data)
    .data                                    0x20000018   Section       16  led.o(.data)
    StatusLed                                0x20000018   Data           2  led.o(.data)
    ledStattus                               0x2000001a   Data           2  led.o(.data)
    Led1TimerHandle                          0x2000001c   Data           4  led.o(.data)
    Led2TimerHandle                          0x20000020   Data           4  led.o(.data)
    Led3TimerHandle                          0x20000024   Data           4  led.o(.data)
    .data                                    0x20000028   Section       20  serial.o(.data)
    .data                                    0x2000003c   Section        4  spi.o(.data)
    .data                                    0x20000040   Section       24  l6470.o(.data)
    ErrorCountL6470                          0x20000040   Data           4  l6470.o(.data)
    ErrorTypeL6470                           0x20000044   Data           4  l6470.o(.data)
    StatusL6470                              0x20000048   Data           4  l6470.o(.data)
    RstL6470Tmr                              0x20000050   Data           4  l6470.o(.data)
    .data                                    0x20000058   Section       16  spirtos.o(.data)
    ErrorCountSpi                            0x20000058   Data           4  spirtos.o(.data)
    ErrorTypeSpi                             0x2000005c   Data           4  spirtos.o(.data)
    .data                                    0x20000068   Section       16  l6470timer.o(.data)
    .data                                    0x20000078   Section        8  input.o(.data)
    .data                                    0x20000080   Section       12  calcdrive2.o(.data)
    .data                                    0x2000008c   Section       64  tasks.o(.data)
    pxDelayedTaskList                        0x20000090   Data           4  tasks.o(.data)
    pxOverflowDelayedTaskList                0x20000094   Data           4  tasks.o(.data)
    uxDeletedTasksWaitingCleanUp             0x20000098   Data           4  tasks.o(.data)
    uxCurrentNumberOfTasks                   0x2000009c   Data           4  tasks.o(.data)
    xTickCount                               0x200000a0   Data           4  tasks.o(.data)
    uxTopReadyPriority                       0x200000a4   Data           4  tasks.o(.data)
    xSchedulerRunning                        0x200000a8   Data           4  tasks.o(.data)
    xPendedTicks                             0x200000ac   Data           4  tasks.o(.data)
    xYieldPending                            0x200000b0   Data           4  tasks.o(.data)
    xNumOfOverflows                          0x200000b4   Data           4  tasks.o(.data)
    uxTaskNumber                             0x200000b8   Data           4  tasks.o(.data)
    xNextTaskUnblockTime                     0x200000bc   Data           4  tasks.o(.data)
    xIdleTaskHandle                          0x200000c0   Data           4  tasks.o(.data)
    uxSchedulerSuspended                     0x200000c8   Data           4  tasks.o(.data)
    .data                                    0x200000cc   Section       20  timers.o(.data)
    pxCurrentTimerList                       0x200000cc   Data           4  timers.o(.data)
    pxOverflowTimerList                      0x200000d0   Data           4  timers.o(.data)
    xTimerQueue                              0x200000d4   Data           4  timers.o(.data)
    xTimerTaskHandle                         0x200000d8   Data           4  timers.o(.data)
    xLastTime                                0x200000dc   Data           4  timers.o(.data)
    .data                                    0x200000e0   Section        4  port.o(.data)
    uxCriticalNesting                        0x200000e0   Data           4  port.o(.data)
    .data                                    0x200000e4   Section       24  heap_2.o(.data)
    xStart                                   0x200000e4   Data           8  heap_2.o(.data)
    xEnd                                     0x200000ec   Data           8  heap_2.o(.data)
    xFreeBytesRemaining                      0x200000f4   Data           4  heap_2.o(.data)
    xHeapHasBeenInitialised                  0x200000f8   Data           4  heap_2.o(.data)
    .data                                    0x200000fc   Section        4  system_mdr32f9qx.o(.data)
    .bss                                     0x20000100   Section       12  board.o(.bss)
    PORT_InitStructureLed                    0x20000100   Data          12  board.o(.bss)
    .bss                                     0x2000010c   Section       28  serial.o(.bss)
    UART_InitStructure                       0x2000010c   Data          16  serial.o(.bss)
    PortInit                                 0x2000011c   Data          12  serial.o(.bss)
    .bss                                     0x20000128   Section       24  uarttimer.o(.bss)
    UsTIM_CntInitBlink                       0x20000128   Data          24  uarttimer.o(.bss)
    .bss                                     0x20000140   Section       22  spi.o(.bss)
    PortInit                                 0x2000014a   Data          12  spi.o(.bss)
    .bss                                     0x20000156   Section       12  l6470.o(.bss)
    PortInit                                 0x20000156   Data          12  l6470.o(.bss)
    .bss                                     0x20000162   Section       80  l6470timer.o(.bss)
    PortInit                                 0x20000162   Data          12  l6470timer.o(.bss)
    UsTIM_CntInitBlink                       0x2000016e   Data          24  l6470timer.o(.bss)
    sTim_ChnOutInit                          0x20000186   Data          20  l6470timer.o(.bss)
    sTim_ChnInit                             0x2000019a   Data          24  l6470timer.o(.bss)
    .bss                                     0x200001b4   Section      116  calcdrive2.o(.bss)
    .bss                                     0x20000228   Section      200  tasks.o(.bss)
    pxReadyTasksLists                        0x20000228   Data         100  tasks.o(.bss)
    xDelayedTaskList1                        0x2000028c   Data          20  tasks.o(.bss)
    xDelayedTaskList2                        0x200002a0   Data          20  tasks.o(.bss)
    xPendingReadyList                        0x200002b4   Data          20  tasks.o(.bss)
    xTasksWaitingTermination                 0x200002c8   Data          20  tasks.o(.bss)
    xSuspendedTaskList                       0x200002dc   Data          20  tasks.o(.bss)
    .bss                                     0x200002f0   Section       40  timers.o(.bss)
    xActiveTimerList1                        0x200002f0   Data          20  timers.o(.bss)
    xActiveTimerList2                        0x20000304   Data          20  timers.o(.bss)
    .bss                                     0x20000318   Section    17408  heap_2.o(.bss)
    ucHeap                                   0x20000318   Data       17408  heap_2.o(.bss)
    .bss                                     0x20004718   Section       96  libspace.o(.bss)
    HEAP                                     0x20004778   Section      512  startup_mdr32f9qx.o(HEAP)
    Heap_Mem                                 0x20004778   Data         512  startup_mdr32f9qx.o(HEAP)
    STACK                                    0x20004978   Section     1024  startup_mdr32f9qx.o(STACK)
    Stack_Mem                                0x20004978   Data        1024  startup_mdr32f9qx.o(STACK)
    __initial_sp                             0x20004d78   Data           0  startup_mdr32f9qx.o(STACK)

    Global Symbols

    Symbol Name                              Value     Ov Type        Size  Object(Section)

    BuildAttributes$$THM_ISAv4$P$D$K$B$S$PE$A:L22UL41UL21$X:L11$S22US41US21$IEEE1$IW$USESV6$~STKCKD$USESV7$~SHL$OTIME$ROPI$IEEEJ$EBA8$UX$STANDARDLIB$REQ8$PRES8$EABIv2 0x00000000   Number         0  anon$$obj.o ABSOLUTE
    __ARM_use_no_argv                        0x00000000   Number         0  main.o ABSOLUTE
    __ARM_exceptions_init                     - Undefined Weak Reference
    __alloca_initialize                       - Undefined Weak Reference
    __arm_preinit_                            - Undefined Weak Reference
    __cpp_initialize__aeabi_                  - Undefined Weak Reference
    __cxa_finalize                            - Undefined Weak Reference
    __rt_locale                               - Undefined Weak Reference
    __sigvec_lookup                           - Undefined Weak Reference
    _atexit_init                              - Undefined Weak Reference
    _call_atexit_fns                          - Undefined Weak Reference
    _clock_init                               - Undefined Weak Reference
    _fp_trap_init                             - Undefined Weak Reference
    _fp_trap_shutdown                         - Undefined Weak Reference
    _get_lc_collate                           - Undefined Weak Reference
    _get_lc_ctype                             - Undefined Weak Reference
    _get_lc_monetary                          - Undefined Weak Reference
    _get_lc_numeric                           - Undefined Weak Reference
    _get_lc_time                              - Undefined Weak Reference
    _getenv_init                              - Undefined Weak Reference
    _handle_redirection                       - Undefined Weak Reference
    _init_alloc                               - Undefined Weak Reference
    _init_user_alloc                          - Undefined Weak Reference
    _initio                                   - Undefined Weak Reference
    _rand_init                                - Undefined Weak Reference
    _signal_finish                            - Undefined Weak Reference
    _signal_init                              - Undefined Weak Reference
    _terminate_alloc                          - Undefined Weak Reference
    _terminate_user_alloc                     - Undefined Weak Reference
    _terminateio                              - Undefined Weak Reference
    __Vectors_Size                           0x000000c0   Number         0  startup_mdr32f9qx.o ABSOLUTE
    __Vectors                                0x08000000   Data           4  startup_mdr32f9qx.o(RESET)
    __Vectors_End                            0x080000c0   Data           0  startup_mdr32f9qx.o(RESET)
    __main                                   0x080000c1   Thumb Code     8  __main.o(!!!main)
    __scatterload                            0x080000c9   Thumb Code     0  __scatter.o(!!!scatter)
    __scatterload_rt2                        0x080000c9   Thumb Code    44  __scatter.o(!!!scatter)
    __scatterload_rt2_thumb_only             0x080000c9   Thumb Code     0  __scatter.o(!!!scatter)
    __scatterload_null                       0x080000d7   Thumb Code     0  __scatter.o(!!!scatter)
    __scatterload_copy                       0x080000fd   Thumb Code    26  __scatter_copy.o(!!handler_copy)
    __scatterload_zeroinit                   0x08000119   Thumb Code    28  __scatter_zi.o(!!handler_zi)
    __rt_lib_init                            0x08000135   Thumb Code     0  libinit.o(.ARM.Collect$$libinit$$00000000)
    __rt_lib_init_alloca_1                   0x08000137   Thumb Code     0  libinit2.o(.ARM.Collect$$libinit$$0000002E)
    __rt_lib_init_argv_1                     0x08000137   Thumb Code     0  libinit2.o(.ARM.Collect$$libinit$$0000002C)
    __rt_lib_init_atexit_1                   0x08000137   Thumb Code     0  libinit2.o(.ARM.Collect$$libinit$$0000001B)
    __rt_lib_init_clock_1                    0x08000137   Thumb Code     0  libinit2.o(.ARM.Collect$$libinit$$00000021)
    __rt_lib_init_cpp_1                      0x08000137   Thumb Code     0  libinit2.o(.ARM.Collect$$libinit$$00000032)
    __rt_lib_init_exceptions_1               0x08000137   Thumb Code     0  libinit2.o(.ARM.Collect$$libinit$$00000030)
    __rt_lib_init_fp_1                       0x08000137   Thumb Code     0  libinit2.o(.ARM.Collect$$libinit$$00000002)
    __rt_lib_init_fp_trap_1                  0x08000137   Thumb Code     0  libinit2.o(.ARM.Collect$$libinit$$0000001F)
    __rt_lib_init_getenv_1                   0x08000137   Thumb Code     0  libinit2.o(.ARM.Collect$$libinit$$00000023)
    __rt_lib_init_heap_1                     0x08000137   Thumb Code     0  libinit2.o(.ARM.Collect$$libinit$$0000000A)
    __rt_lib_init_lc_collate_1               0x08000137   Thumb Code     0  libinit2.o(.ARM.Collect$$libinit$$00000011)
    __rt_lib_init_lc_ctype_1                 0x08000137   Thumb Code     0  libinit2.o(.ARM.Collect$$libinit$$00000013)
    __rt_lib_init_lc_monetary_1              0x08000137   Thumb Code     0  libinit2.o(.ARM.Collect$$libinit$$00000015)
    __rt_lib_init_lc_numeric_1               0x08000137   Thumb Code     0  libinit2.o(.ARM.Collect$$libinit$$00000017)
    __rt_lib_init_lc_time_1                  0x08000137   Thumb Code     0  libinit2.o(.ARM.Collect$$libinit$$00000019)
    __rt_lib_init_preinit_1                  0x08000137   Thumb Code     0  libinit2.o(.ARM.Collect$$libinit$$00000004)
    __rt_lib_init_rand_1                     0x08000137   Thumb Code     0  libinit2.o(.ARM.Collect$$libinit$$0000000E)
    __rt_lib_init_return                     0x08000137   Thumb Code     0  libinit2.o(.ARM.Collect$$libinit$$00000033)
    __rt_lib_init_signal_1                   0x08000137   Thumb Code     0  libinit2.o(.ARM.Collect$$libinit$$0000001D)
    __rt_lib_init_stdio_1                    0x08000137   Thumb Code     0  libinit2.o(.ARM.Collect$$libinit$$00000025)
    __rt_lib_init_user_alloc_1               0x08000137   Thumb Code     0  libinit2.o(.ARM.Collect$$libinit$$0000000C)
    __rt_lib_shutdown                        0x08000139   Thumb Code     0  libshutdown.o(.ARM.Collect$$libshutdown$$00000000)
    __rt_lib_shutdown_cpp_1                  0x0800013b   Thumb Code     0  libshutdown2.o(.ARM.Collect$$libshutdown$$00000002)
    __rt_lib_shutdown_fp_trap_1              0x0800013b   Thumb Code     0  libshutdown2.o(.ARM.Collect$$libshutdown$$00000007)
    __rt_lib_shutdown_heap_1                 0x0800013b   Thumb Code     0  libshutdown2.o(.ARM.Collect$$libshutdown$$0000000F)
    __rt_lib_shutdown_return                 0x0800013b   Thumb Code     0  libshutdown2.o(.ARM.Collect$$libshutdown$$00000010)
    __rt_lib_shutdown_signal_1               0x0800013b   Thumb Code     0  libshutdown2.o(.ARM.Collect$$libshutdown$$0000000A)
    __rt_lib_shutdown_stdio_1                0x0800013b   Thumb Code     0  libshutdown2.o(.ARM.Collect$$libshutdown$$00000004)
    __rt_lib_shutdown_user_alloc_1           0x0800013b   Thumb Code     0  libshutdown2.o(.ARM.Collect$$libshutdown$$0000000C)
    __rt_entry                               0x0800013d   Thumb Code     0  __rtentry.o(.ARM.Collect$$rtentry$$00000000)
    __rt_entry_presh_1                       0x0800013d   Thumb Code     0  __rtentry2.o(.ARM.Collect$$rtentry$$00000002)
    __rt_entry_sh                            0x0800013d   Thumb Code     0  __rtentry4.o(.ARM.Collect$$rtentry$$00000004)
    __rt_entry_li                            0x08000143   Thumb Code     0  __rtentry2.o(.ARM.Collect$$rtentry$$0000000A)
    __rt_entry_postsh_1                      0x08000143   Thumb Code     0  __rtentry2.o(.ARM.Collect$$rtentry$$00000009)
    __rt_entry_main                          0x08000147   Thumb Code     0  __rtentry2.o(.ARM.Collect$$rtentry$$0000000D)
    __rt_entry_postli_1                      0x08000147   Thumb Code     0  __rtentry2.o(.ARM.Collect$$rtentry$$0000000C)
    __rt_exit                                0x0800014f   Thumb Code     0  rtexit.o(.ARM.Collect$$rtexit$$00000000)
    __rt_exit_ls                             0x08000151   Thumb Code     0  rtexit2.o(.ARM.Collect$$rtexit$$00000003)
    __rt_exit_prels_1                        0x08000151   Thumb Code     0  rtexit2.o(.ARM.Collect$$rtexit$$00000002)
    __rt_exit_exit                           0x08000155   Thumb Code     0  rtexit2.o(.ARM.Collect$$rtexit$$00000004)
    SVC_Handler                              0x0800015d   Thumb Code    32  port.o(.emb_text)
    __asm___6_port_c_39a90d8d__prvStartFirstTask 0x08000181   Thumb Code    28  port.o(.emb_text)
    PendSV_Handler                           0x080001a1   Thumb Code    72  port.o(.emb_text)
    vPortGetIPSR                             0x080001ed   Thumb Code     6  port.o(.emb_text)
    Reset_Handler                            0x080001f5   Thumb Code     8  startup_mdr32f9qx.o(.text)
    __user_initial_stackheap                 0x08000211   Thumb Code     0  startup_mdr32f9qx.o(.text)
    __aeabi_uldivmod                         0x08000235   Thumb Code     0  lludivv7m.o(.text)
    _ll_udiv                                 0x08000235   Thumb Code   238  lludivv7m.o(.text)
    __aeabi_memcpy                           0x08000323   Thumb Code     0  rt_memcpy_v6.o(.text)
    __rt_memcpy                              0x08000323   Thumb Code   138  rt_memcpy_v6.o(.text)
    _memcpy_lastbytes                        0x08000389   Thumb Code     0  rt_memcpy_v6.o(.text)
    __use_two_region_memory                  0x080003ad   Thumb Code     2  heapauxi.o(.text)
    __rt_heap_escrow$2region                 0x080003af   Thumb Code     2  heapauxi.o(.text)
    __rt_heap_expand$2region                 0x080003b1   Thumb Code     2  heapauxi.o(.text)
    __read_errno                             0x080003b3   Thumb Code    10  _rserrno.o(.text)
    __set_errno                              0x080003bd   Thumb Code    12  _rserrno.o(.text)
    __aeabi_memcpy4                          0x080003c9   Thumb Code     0  rt_memcpy_w.o(.text)
    __aeabi_memcpy8                          0x080003c9   Thumb Code     0  rt_memcpy_w.o(.text)
    __rt_memcpy_w                            0x080003c9   Thumb Code   100  rt_memcpy_w.o(.text)
    _memcpy_lastbytes_aligned                0x08000411   Thumb Code     0  rt_memcpy_w.o(.text)
    __aeabi_errno_addr                       0x0800042d   Thumb Code     8  rt_errno_addr_intlibspace.o(.text)
    __errno$intlibspace                      0x0800042d   Thumb Code     0  rt_errno_addr_intlibspace.o(.text)
    __rt_errno_addr$intlibspace              0x0800042d   Thumb Code     0  rt_errno_addr_intlibspace.o(.text)
    __user_libspace                          0x08000435   Thumb Code     8  libspace.o(.text)
    __user_perproc_libspace                  0x08000435   Thumb Code     0  libspace.o(.text)
    __user_perthread_libspace                0x08000435   Thumb Code     0  libspace.o(.text)
    __user_setup_stackheap                   0x0800043d   Thumb Code    74  sys_stackheap_outer.o(.text)
    exit                                     0x08000487   Thumb Code    18  exit.o(.text)
    _sys_exit                                0x08000499   Thumb Code     8  sys_exit.o(.text)
    __I$use$semihosting                      0x080004a5   Thumb Code     0  use_no_semi.o(.text)
    __use_no_semihosting_swi                 0x080004a5   Thumb Code     2  use_no_semi.o(.text)
    ADC_IRQHandler                           0x080004a7   Thumb Code     2  mdr32f9qx_it.o(i.ADC_IRQHandler)
    __semihosting_library_function           0x080004a7   Thumb Code     0  indicate_semi.o(.text)
    BACKUP_IRQHandler                        0x080004a9   Thumb Code     2  mdr32f9qx_it.o(i.BACKUP_IRQHandler)
    BusFault_Handler                         0x080004ab   Thumb Code     4  mdr32f9qx_it.o(i.BusFault_Handler)
    CAN1_IRQHandler                          0x080004af   Thumb Code     2  mdr32f9qx_it.o(i.CAN1_IRQHandler)
    CAN2_IRQHandler                          0x080004b1   Thumb Code     2  mdr32f9qx_it.o(i.CAN2_IRQHandler)
    COMPARATOR_IRQHandler                    0x080004b3   Thumb Code     2  mdr32f9qx_it.o(i.COMPARATOR_IRQHandler)
    DMA_IRQHandler                           0x080004b5   Thumb Code     2  mdr32f9qx_it.o(i.DMA_IRQHandler)
    DebugMon_Handler                         0x080004b7   Thumb Code     2  mdr32f9qx_it.o(i.DebugMon_Handler)
    DisableIrqDma                            0x080004b9   Thumb Code    66  board.o(i.DisableIrqDma)
    EXT_INT1_IRQHandler                      0x0800050d   Thumb Code     2  mdr32f9qx_it.o(i.EXT_INT1_IRQHandler)
    EXT_INT2_IRQHandler                      0x0800050f   Thumb Code     2  mdr32f9qx_it.o(i.EXT_INT2_IRQHandler)
    EXT_INT3_IRQHandler                      0x08000511   Thumb Code     2  mdr32f9qx_it.o(i.EXT_INT3_IRQHandler)
    EXT_INT4_IRQHandler                      0x08000513   Thumb Code     2  mdr32f9qx_it.o(i.EXT_INT4_IRQHandler)
    GetCounterSemaphor                       0x08000515   Thumb Code     4  serial.o(i.GetCounterSemaphor)
    GetReciveList                            0x0800051d   Thumb Code     4  serial.o(i.GetReciveList)
    GetSendList                              0x08000525   Thumb Code     4  serial.o(i.GetSendList)
    GetShdInfo                               0x0800052d   Thumb Code     4  calcdrive2.o(i.GetShdInfo)
    GetSpeed                                 0x08000535   Thumb Code     8  calcdrive2.o(i.GetSpeed)
    HardFault_Handler                        0x08000541   Thumb Code     4  mdr32f9qx_it.o(i.HardFault_Handler)
    I2C_IRQHandler                           0x08000545   Thumb Code     2  mdr32f9qx_it.o(i.I2C_IRQHandler)
    Init_All_Ports                           0x08000549   Thumb Code    74  board.o(i.Init_All_Ports)
    LedInit                                  0x080005b5   Thumb Code   158  led.o(i.LedInit)
    LedOff                                   0x0800068d   Thumb Code    96  led.o(i.LedOff)
    LedOn                                    0x080006f9   Thumb Code    90  led.o(i.LedOn)
    LedToggle                                0x08000761   Thumb Code   104  led.o(i.LedToggle)
    MemManage_Handler                        0x080007cd   Thumb Code     4  mdr32f9qx_it.o(i.MemManage_Handler)
    NMI_Handler                              0x080007d1   Thumb Code     2  mdr32f9qx_it.o(i.NMI_Handler)
    PORT_Init                                0x080007d3   Thumb Code   306  mdr32f9qx_port.o(i.PORT_Init)
    PORT_ReadInputData                       0x08000905   Thumb Code     6  mdr32f9qx_port.o(i.PORT_ReadInputData)
    PORT_ResetBits                           0x0800090b   Thumb Code     8  mdr32f9qx_port.o(i.PORT_ResetBits)
    PORT_SetBits                             0x08000913   Thumb Code     8  mdr32f9qx_port.o(i.PORT_SetBits)
    PORT_StructInit                          0x0800091b   Thumb Code    28  mdr32f9qx_port.o(i.PORT_StructInit)
    POWER_IRQHandler                         0x08000937   Thumb Code     2  mdr32f9qx_it.o(i.POWER_IRQHandler)
    RST_CLK_CPU_PLLcmd                       0x08000939   Thumb Code     6  mdr32f9qx_rst_clk.o(i.RST_CLK_CPU_PLLcmd)
    RST_CLK_CPU_PLLconfig                    0x08000945   Thumb Code    54  mdr32f9qx_rst_clk.o(i.RST_CLK_CPU_PLLconfig)
    RST_CLK_CPU_PLLuse                       0x08000985   Thumb Code     6  mdr32f9qx_rst_clk.o(i.RST_CLK_CPU_PLLuse)
    RST_CLK_CPUclkPrescaler                  0x08000991   Thumb Code    18  mdr32f9qx_rst_clk.o(i.RST_CLK_CPUclkPrescaler)
    RST_CLK_CPUclkSelection                  0x080009a9   Thumb Code    16  mdr32f9qx_rst_clk.o(i.RST_CLK_CPUclkSelection)
    RST_CLK_DeInit                           0x080009bd   Thumb Code    38  mdr32f9qx_rst_clk.o(i.RST_CLK_DeInit)
    RST_CLK_GetClocksFreq                    0x080009e9   Thumb Code   620  mdr32f9qx_rst_clk.o(i.RST_CLK_GetClocksFreq)
    RST_CLK_GetFlagStatus                    0x08000c5d   Thumb Code    42  mdr32f9qx_rst_clk.o(i.RST_CLK_GetFlagStatus)
    RST_CLK_HSEconfig                        0x08000c91   Thumb Code    56  mdr32f9qx_rst_clk.o(i.RST_CLK_HSEconfig)
    RST_CLK_HSEstatus                        0x08000ccd   Thumb Code    52  mdr32f9qx_rst_clk.o(i.RST_CLK_HSEstatus)
    RST_CLK_HSIcmd                           0x08000d01   Thumb Code     6  mdr32f9qx_rst_clk.o(i.RST_CLK_HSIcmd)
    RST_CLK_HSIstatus                        0x08000d0d   Thumb Code    52  mdr32f9qx_rst_clk.o(i.RST_CLK_HSIstatus)
    RST_CLK_PCLKcmd                          0x08000d41   Thumb Code    26  mdr32f9qx_rst_clk.o(i.RST_CLK_PCLKcmd)
    RST_CLK_WarmDeInit                       0x08000d61   Thumb Code   106  mdr32f9qx_rst_clk.o(i.RST_CLK_WarmDeInit)
    SSP1_IRQHandler                          0x08000dd5   Thumb Code     2  mdr32f9qx_it.o(i.SSP1_IRQHandler)
    SSP2_IRQHandler                          0x08000dd9   Thumb Code    24  spi.o(i.SSP2_IRQHandler)
    SSP_BRGInit                              0x08000df5   Thumb Code    48  mdr32f9qx_ssp.o(i.SSP_BRGInit)
    SSP_ClearITPendingBit                    0x08000e31   Thumb Code     8  mdr32f9qx_ssp.o(i.SSP_ClearITPendingBit)
    SSP_Cmd                                  0x08000e39   Thumb Code    24  mdr32f9qx_ssp.o(i.SSP_Cmd)
    SSP_DeInit                               0x08000e51   Thumb Code    18  mdr32f9qx_ssp.o(i.SSP_DeInit)
    SSP_GetFlagStatus                        0x08000e63   Thumb Code    16  mdr32f9qx_ssp.o(i.SSP_GetFlagStatus)
    SSP_GetITStatusMasked                    0x08000e73   Thumb Code    16  mdr32f9qx_ssp.o(i.SSP_GetITStatusMasked)
    SSP_Init                                 0x08000e83   Thumb Code    38  mdr32f9qx_ssp.o(i.SSP_Init)
    SSP_ReceiveData                          0x08000ea9   Thumb Code     8  mdr32f9qx_ssp.o(i.SSP_ReceiveData)
    SSP_SendData                             0x08000eb1   Thumb Code     4  mdr32f9qx_ssp.o(i.SSP_SendData)
    SSP_StructInit                           0x08000eb5   Thumb Code    28  mdr32f9qx_ssp.o(i.SSP_StructInit)
    SetInputMode                             0x08000ed1   Thumb Code    48  board.o(i.SetInputMode)
    SetModeRx                                0x08000f05   Thumb Code    18  serial.o(i.SetModeRx)
    SetModeTx                                0x08000f21   Thumb Code    18  serial.o(i.SetModeTx)
    SetOutputMode                            0x08000f3d   Thumb Code    50  board.o(i.SetOutputMode)
    SetSpeed                                 0x08000f75   Thumb Code     8  calcdrive2.o(i.SetSpeed)
    ShotLed                                  0x08000f81   Thumb Code   120  led.o(i.ShotLed)
    SlotL6470Tmr                             0x08001005   Thumb Code   100  l6470.o(i.SlotL6470Tmr)
    SlotTmr                                  0x08001075   Thumb Code    52  led.o(i.SlotTmr)
    StartMove                                0x080010b5   Thumb Code    12  calcdrive2.o(i.StartMove)
    StartUartTimer                           0x080010c1   Thumb Code    18  uarttimer.o(i.StartUartTimer)
    StopMove                                 0x080010d9   Thumb Code    16  calcdrive2.o(i.StopMove)
    StopUartTimer                            0x080010ed   Thumb Code    12  uarttimer.o(i.StopUartTimer)
    SysTick_Handler                          0x080010fd   Thumb Code    46  port.o(i.SysTick_Handler)
    SystemCoreClockUpdate                    0x08001131   Thumb Code   130  system_mdr32f9qx.o(i.SystemCoreClockUpdate)
    SystemInit                               0x080011c1   Thumb Code    36  system_mdr32f9qx.o(i.SystemInit)
    TIMER_BRGInit                            0x080011e9   Thumb Code    68  mdr32f9qx_timer.o(i.TIMER_BRGInit)
    TIMER_ChnInit                            0x0800123d   Thumb Code    70  mdr32f9qx_timer.o(i.TIMER_ChnInit)
    TIMER_ChnOutInit                         0x08001283   Thumb Code    66  mdr32f9qx_timer.o(i.TIMER_ChnOutInit)
    TIMER_ChnOutStructInit                   0x080012c5   Thumb Code    22  mdr32f9qx_timer.o(i.TIMER_ChnOutStructInit)
    TIMER_ChnStructInit                      0x080012db   Thumb Code    28  mdr32f9qx_timer.o(i.TIMER_ChnStructInit)
    TIMER_ClearFlag                          0x080012f7   Thumb Code     6  mdr32f9qx_timer.o(i.TIMER_ClearFlag)
    TIMER_Cmd                                0x080012fd   Thumb Code    20  mdr32f9qx_timer.o(i.TIMER_Cmd)
    TIMER_CntInit                            0x08001311   Thumb Code    54  mdr32f9qx_timer.o(i.TIMER_CntInit)
    TIMER_CntStructInit                      0x08001347   Thumb Code    28  mdr32f9qx_timer.o(i.TIMER_CntStructInit)
    TIMER_DeInit                             0x08001363   Thumb Code    68  mdr32f9qx_timer.o(i.TIMER_DeInit)
    TIMER_GetITStatus                        0x080013a7   Thumb Code    24  mdr32f9qx_timer.o(i.TIMER_GetITStatus)
    TIMER_ITConfig                           0x080013bf   Thumb Code    18  mdr32f9qx_timer.o(i.TIMER_ITConfig)
    TIMER_SetChnCompare                      0x080013d1   Thumb Code    14  mdr32f9qx_timer.o(i.TIMER_SetChnCompare)
    Timer1_IRQHandler                        0x080013df   Thumb Code     2  mdr32f9qx_it.o(i.Timer1_IRQHandler)
    Timer2_IRQHandler                        0x080013e1   Thumb Code    66  serial.o(i.Timer2_IRQHandler)
    Timer3_IRQHandler                        0x08001431   Thumb Code    64  l6470timer.o(i.Timer3_IRQHandler)
    UART1_IRQHandler                         0x08001479   Thumb Code     2  mdr32f9qx_it.o(i.UART1_IRQHandler)
    UART2_IRQHandler                         0x0800147d   Thumb Code   154  serial.o(i.UART2_IRQHandler)
    UART_BRGInit                             0x08001529   Thumb Code    48  mdr32f9qx_uart.o(i.UART_BRGInit)
    UART_ClearITPendingBit                   0x08001565   Thumb Code     8  mdr32f9qx_uart.o(i.UART_ClearITPendingBit)
    UART_Cmd                                 0x0800156d   Thumb Code    24  mdr32f9qx_uart.o(i.UART_Cmd)
    UART_GetFlagStatus                       0x08001585   Thumb Code    16  mdr32f9qx_uart.o(i.UART_GetFlagStatus)
    UART_GetITStatusMasked                   0x08001595   Thumb Code    16  mdr32f9qx_uart.o(i.UART_GetITStatusMasked)
    UART_ITConfig                            0x080015a5   Thumb Code    18  mdr32f9qx_uart.o(i.UART_ITConfig)
    UART_Init                                0x080015b9   Thumb Code   166  mdr32f9qx_uart.o(i.UART_Init)
    UART_ReceiveData                         0x0800166d   Thumb Code     8  mdr32f9qx_uart.o(i.UART_ReceiveData)
    UART_SendData                            0x08001675   Thumb Code     4  mdr32f9qx_uart.o(i.UART_SendData)
    UART_StructInit                          0x08001679   Thumb Code    24  mdr32f9qx_uart.o(i.UART_StructInit)
    USB_IRQHandler                           0x08001691   Thumb Code     2  mdr32f9qx_it.o(i.USB_IRQHandler)
    UartDirPin                               0x08001695   Thumb Code    62  serial.o(i.UartDirPin)
    UartRxTxPin                              0x080016dd   Thumb Code    72  serial.o(i.UartRxTxPin)
    UartTimerInit                            0x0800172d   Thumb Code   106  uarttimer.o(i.UartTimerInit)
    UsageFault_Handler                       0x080017a1   Thumb Code     4  mdr32f9qx_it.o(i.UsageFault_Handler)
    WWDG_IRQHandler                          0x080017a5   Thumb Code     2  mdr32f9qx_it.o(i.WWDG_IRQHandler)
    addError                                 0x080017a9   Thumb Code    30  spirtos.o(i.addError)
    addErrorL6470                            0x080017d1   Thumb Code    30  l6470.o(i.addErrorL6470)
    addStatusL6470                           0x080017f9   Thumb Code    12  l6470.o(i.addStatusL6470)
    calcC0                                   0x08001809   Thumb Code   196  calcdrive2.o(i.calcC0)
    clearReadBufSpi                          0x080018e1   Thumb Code    28  spi.o(i.clearReadBufSpi)
    getAcc                                   0x08001901   Thumb Code     6  calcdrive2.o(i.getAcc)
    getC0                                    0x0800190d   Thumb Code    16  calcdrive2.o(i.getC0)
    getCountErrorL6470                       0x08001921   Thumb Code    32  l6470.o(i.getCountErrorL6470)
    getDipValue                              0x08001945   Thumb Code    74  input.o(i.getDipValue)
    getErrorL6470                            0x08001999   Thumb Code    32  l6470.o(i.getErrorL6470)
    getPosition                              0x080019bd   Thumb Code    38  calcdrive2.o(i.getPosition)
    getSensorRead                            0x080019e9   Thumb Code    22  input.o(i.getSensorRead)
    getStatus                                0x08001a09   Thumb Code    70  spirtos.o(i.getStatus)
    getStatusL6470                           0x08001a55   Thumb Code    32  l6470.o(i.getStatusL6470)
    getVmax                                  0x08001a79   Thumb Code     6  calcdrive2.o(i.getVmax)
    getVmin                                  0x08001a85   Thumb Code     6  calcdrive2.o(i.getVmin)
    initCalcDrive                            0x08001a91   Thumb Code    56  calcdrive2.o(i.initCalcDrive)
    initClk                                  0x08001ad5   Thumb Code    88  clk.o(i.initClk)
    initInput                                0x08001b2d   Thumb Code    76  input.o(i.initInput)
    initL6470Hw                              0x08001b8d   Thumb Code    76  l6470.o(i.initL6470Hw)
    initL6470Register                        0x08001c01   Thumb Code    82  l6470.o(i.initL6470Register)
    initPin                                  0x08001c61   Thumb Code   142  l6470.o(i.initPin)
    initPinTimerL6470                        0x08001cf9   Thumb Code    42  l6470timer.o(i.initPinTimerL6470)
    initPtrShdInfo                           0x08001d2d   Thumb Code     6  l6470timer.o(i.initPtrShdInfo)
    initSPI                                  0x08001d39   Thumb Code    12  spi.o(i.initSPI)
    initSpiPin                               0x08001d45   Thumb Code   124  spi.o(i.initSpiPin)
    initSpiRtos                              0x08001dcd   Thumb Code   112  spirtos.o(i.initSpiRtos)
    initSpi_HW                               0x08001e51   Thumb Code   100  spi.o(i.initSpi_HW)
    initTimerL6470                           0x08001ebd   Thumb Code   220  l6470timer.o(i.initTimerL6470)
    main                                     0x08001fad   Thumb Code   180  main.o(i.main)
    pvPortMalloc                             0x08002925   Thumb Code   190  heap_2.o(i.pvPortMalloc)
    pvTaskIncrementMutexHeldCount            0x080029f5   Thumb Code    26  tasks.o(i.pvTaskIncrementMutexHeldCount)
    pxPortInitialiseStack                    0x08002a15   Thumb Code    30  port.o(i.pxPortInitialiseStack)
    reTakt                                   0x08002a39   Thumb Code    94  calcdrive2.o(i.reTakt)
    readRegister                             0x08002aa1   Thumb Code    90  spirtos.o(i.readRegister)
    readSpi8                                 0x08002b01   Thumb Code    44  spi.o(i.readSpi8)
    resetL6470                               0x08002b35   Thumb Code    46  l6470.o(i.resetL6470)
    resetL6470Soft                           0x08002b6d   Thumb Code    50  spirtos.o(i.resetL6470Soft)
    restartTimerMoreFFFF                     0x08002ba5   Thumb Code   120  l6470timer.o(i.restartTimerMoreFFFF)
    send8                                    0x08002c25   Thumb Code    56  serial.o(i.send8)
    sendBuf8                                 0x08002c61   Thumb Code    64  main.o(i.sendBuf8)
    sendSpi16                                0x08002ca5   Thumb Code    38  spi.o(i.sendSpi16)
    sendSpiByte                              0x08002cd5   Thumb Code    22  spirtos.o(i.sendSpiByte)
    setAcc                                   0x08002cf1   Thumb Code    16  calcdrive2.o(i.setAcc)
    setVmax                                  0x08002d05   Thumb Code    60  calcdrive2.o(i.setVmax)
    setVmin                                  0x08002d4d   Thumb Code    60  calcdrive2.o(i.setVmin)
    speed_cntr_Move                          0x08002d95   Thumb Code    98  calcdrive2.o(i.speed_cntr_Move)
    sqrt                                     0x08002dfd   Thumb Code    76  sqrt.o(i.sqrt)
    startMoveTimer                           0x08002e49   Thumb Code    30  l6470timer.o(i.startMoveTimer)
    startTimerL6470                          0x08002e6d   Thumb Code    46  l6470timer.o(i.startTimerL6470)
    stepClock                                0x08002ea5   Thumb Code    58  spirtos.o(i.stepClock)
    stopTimerL6470                           0x08002ee5   Thumb Code    12  l6470timer.o(i.stopTimerL6470)
    to32InBuf                                0x08002ef5   Thumb Code    16  main.o(i.to32InBuf)
    uxListRemove                             0x08002f05   Thumb Code    40  list.o(i.uxListRemove)
    uxQueueMessagesWaiting                   0x08002f2d   Thumb Code    18  queue.o(i.uxQueueMessagesWaiting)
    vListInitialise                          0x08002f3f   Thumb Code    26  list.o(i.vListInitialise)
    vListInitialiseItem                      0x08002f59   Thumb Code     6  list.o(i.vListInitialiseItem)
    vListInsert                              0x08002f5f   Thumb Code    52  list.o(i.vListInsert)
    vObmenTask                               0x08002f95   Thumb Code  1708  main.o(i.vObmenTask)
    vPortEnterCritical                       0x08003655   Thumb Code    30  port.o(i.vPortEnterCritical)
    vPortExitCritical                        0x08003679   Thumb Code    28  port.o(i.vPortExitCritical)
    vPortFree                                0x08003699   Thumb Code    56  heap_2.o(i.vPortFree)
    vPortSetupTimerInterrupt                 0x080036d9   Thumb Code    20  port.o(i.vPortSetupTimerInterrupt)
    vQueueWaitForMessageRestricted           0x080036f1   Thumb Code    74  queue.o(i.vQueueWaitForMessageRestricted)
    vSendTask                                0x0800373d   Thumb Code    82  serial.o(i.vSendTask)
    vTaskInternalSetTimeOutState             0x08003799   Thumb Code    14  tasks.o(i.vTaskInternalSetTimeOutState)
    vTaskMissedYield                         0x080037b1   Thumb Code     8  tasks.o(i.vTaskMissedYield)
    vTaskPlaceOnEventList                    0x080037bd   Thumb Code    28  tasks.o(i.vTaskPlaceOnEventList)
    vTaskPlaceOnEventListRestricted          0x080037dd   Thumb Code    70  tasks.o(i.vTaskPlaceOnEventListRestricted)
    vTaskPriorityDisinheritAfterTimeout      0x08003829   Thumb Code   204  tasks.o(i.vTaskPriorityDisinheritAfterTimeout)
    vTaskStartScheduler                      0x080038fd   Thumb Code    86  tasks.o(i.vTaskStartScheduler)
    vTaskSuspendAll                          0x08003975   Thumb Code    12  tasks.o(i.vTaskSuspendAll)
    vTaskSwitchContext                       0x08003985   Thumb Code    76  tasks.o(i.vTaskSwitchContext)
    writeRegister                            0x080039e5   Thumb Code    84  spirtos.o(i.writeRegister)
    xPortStartScheduler                      0x08003a3d   Thumb Code    42  port.o(i.xPortStartScheduler)
    xQueueCreateCountingSemaphore            0x08003a71   Thumb Code    34  queue.o(i.xQueueCreateCountingSemaphore)
    xQueueGenericCreate                      0x08003a93   Thumb Code    76  queue.o(i.xQueueGenericCreate)
    xQueueGenericReset                       0x08003ae1   Thumb Code   156  queue.o(i.xQueueGenericReset)
    xQueueGenericSend                        0x08003b81   Thumb Code   276  queue.o(i.xQueueGenericSend)
    xQueueGenericSendFromISR                 0x08003c99   Thumb Code   138  queue.o(i.xQueueGenericSendFromISR)
    xQueueGiveFromISR                        0x08003d23   Thumb Code   120  queue.o(i.xQueueGiveFromISR)
    xQueueReceive                            0x08003d9d   Thumb Code   256  queue.o(i.xQueueReceive)
    xQueueSemaphoreTake                      0x08003ea1   Thumb Code   300  queue.o(i.xQueueSemaphoreTake)
    xSerialPortInitMinimal                   0x08003fd1   Thumb Code   262  serial.o(i.xSerialPortInitMinimal)
    xTaskCheckForTimeOut                     0x08004101   Thumb Code    88  tasks.o(i.xTaskCheckForTimeOut)
    xTaskCreate                              0x08004161   Thumb Code    96  tasks.o(i.xTaskCreate)
    xTaskGetSchedulerState                   0x080041c1   Thumb Code    24  tasks.o(i.xTaskGetSchedulerState)
    xTaskGetTickCount                        0x080041e1   Thumb Code     6  tasks.o(i.xTaskGetTickCount)
    xTaskIncrementTick                       0x080041ed   Thumb Code   356  tasks.o(i.xTaskIncrementTick)
    xTaskPriorityDisinherit                  0x0800437d   Thumb Code   162  tasks.o(i.xTaskPriorityDisinherit)
    xTaskPriorityInherit                     0x08004429   Thumb Code   224  tasks.o(i.xTaskPriorityInherit)
    xTaskRemoveFromEventList                 0x08004515   Thumb Code   240  tasks.o(i.xTaskRemoveFromEventList)
    xTaskResumeAll                           0x0800461d   Thumb Code   310  tasks.o(i.xTaskResumeAll)
    xTaskSendSpiData                         0x08004779   Thumb Code    50  spirtos.o(i.xTaskSendSpiData)
    xTimerCreate                             0x080047b5   Thumb Code    54  timers.o(i.xTimerCreate)
    xTimerCreateTimerTask                    0x080047ed   Thumb Code    42  timers.o(i.xTimerCreateTimerTask)
    xTimerGenericCommand                     0x0800482d   Thumb Code   102  timers.o(i.xTimerGenericCommand)
    __aeabi_ddiv                             0x08004899   Thumb Code     0  ddiv.o(x$fpl$ddiv)
    _ddiv                                    0x08004899   Thumb Code   552  ddiv.o(x$fpl$ddiv)
    __aeabi_d2uiz                            0x08004b49   Thumb Code     0  dfixu.o(x$fpl$dfixu)
    _dfixu                                   0x08004b49   Thumb Code    90  dfixu.o(x$fpl$dfixu)
    __aeabi_ui2d                             0x08004ba3   Thumb Code     0  dflt_clz.o(x$fpl$dfltu)
    _dfltu                                   0x08004ba3   Thumb Code    38  dflt_clz.o(x$fpl$dfltu)
    __aeabi_dmul                             0x08004bc9   Thumb Code     0  dmul.o(x$fpl$dmul)
    _dmul                                    0x08004bc9   Thumb Code   332  dmul.o(x$fpl$dmul)
    __fpl_dnaninf                            0x08004d1d   Thumb Code   156  dnaninf.o(x$fpl$dnaninf)
    __fpl_dretinf                            0x08004db9   Thumb Code    12  dretinf.o(x$fpl$dretinf)
    _dsqrt                                   0x08004dc5   Thumb Code   456  dsqrt_noumaal.o(x$fpl$dsqrt)
    Region$$Table$$Base                      0x08004f90   Number         0  anon$$obj.o(Region$$Table)
    __I$use$fp                               0x08004f90   Number         0  usenofp.o(x$fpl$usenofp)
    Region$$Table$$Limit                     0x08004fb0   Number         0  anon$$obj.o(Region$$Table)
    adres                                    0x20000000   Data           1  main.o(.data)
    command                                  0x20000001   Data           1  main.o(.data)
    Ispravnost                               0x20000002   Data           2  main.o(.data)
    pCounterSemaphor                         0x20000008   Data           4  main.o(.data)
    pReciveList                              0x2000000c   Data           4  main.o(.data)
    pSendList                                0x20000010   Data           4  main.o(.data)
    ptrData                                  0x20000014   Data           4  main.o(.data)
    StatusSerial                             0x20000028   Data           2  serial.o(.data)
    counterSemaphor                          0x2000002c   Data           4  serial.o(.data)
    flagModeRx                               0x20000030   Data           2  serial.o(.data)
    reciveList                               0x20000034   Data           4  serial.o(.data)
    sendList                                 0x20000038   Data           4  serial.o(.data)
    counterRecive                            0x2000003c   Data           4  spi.o(.data)
    currentInit                              0x2000004c   Data           1  l6470.o(.data)
    stepInit                                 0x2000004d   Data           1  l6470.o(.data)
    L6470Dir                                 0x20000054   Data           1  l6470.o(.data)
    StateTask                                0x20000056   Data           2  l6470.o(.data)
    xSemL6470                                0x20000060   Data           4  spirtos.o(.data)
    xSendListSpi                             0x20000064   Data           4  spirtos.o(.data)
    flagTimeMoreFFFF                         0x20000068   Data           2  l6470timer.o(.data)
    dtimeMs                                  0x2000006a   Data           2  l6470timer.o(.data)
    dtimeUs                                  0x2000006c   Data           2  l6470timer.o(.data)
    saveTimeMs                               0x2000006e   Data           2  l6470timer.o(.data)
    saveTimeUs                               0x20000070   Data           2  l6470timer.o(.data)
    ptrInfo                                  0x20000074   Data           4  l6470timer.o(.data)
    dip                                      0x20000078   Data           4  input.o(.data)
    sensorValue                              0x2000007c   Data           4  input.o(.data)
    last_accel_delay                         0x20000080   Data           4  calcdrive2.o(.data)
    step_count                               0x20000084   Data           4  calcdrive2.o(.data)
    rest                                     0x20000088   Data           4  calcdrive2.o(.data)
    pxCurrentTCB                             0x2000008c   Data           4  tasks.o(.data)
    uxTopUsedPriority                        0x200000c4   Data           4  tasks.o(.data)
    SystemCoreClock                          0x200000fc   Data           4  system_mdr32f9qx.o(.data)
    sSSP                                     0x20000140   Data          10  spi.o(.bss)
    Info                                     0x200001b4   Data          92  calcdrive2.o(.bss)
    srd                                      0x20000210   Data          24  calcdrive2.o(.bss)
    __libspace_start                         0x20004718   Data          96  libspace.o(.bss)
    __temporary_stack_top$libspace           0x20004778   Data           0  libspace.o(.bss)



==============================================================================

Memory Map of the image

  Image Entry point : 0x080001f5

  Load Region LR_1 (Base: 0x08000000, Size: 0x000050b0, Max: 0xffffffff, ABSOLUTE)

    Execution Region ER_RO (Exec base: 0x08000000, Load base: 0x08000000, Size: 0x00004fb0, Max: 0xffffffff, ABSOLUTE)

    Exec Addr    Load Addr    Size         Type   Attr      Idx    E Section Name        Object

    0x08000000   0x08000000   0x000000c0   Data   RO         2106    RESET               startup_mdr32f9qx.o
    0x080000c0   0x080000c0   0x00000008   Code   RO         3180  * !!!main             c_w.l(__main.o)
    0x080000c8   0x080000c8   0x00000034   Code   RO         3391    !!!scatter          c_w.l(__scatter.o)
    0x080000fc   0x080000fc   0x0000001a   Code   RO         3393    !!handler_copy      c_w.l(__scatter_copy.o)
    0x08000116   0x08000116   0x00000002   PAD
    0x08000118   0x08000118   0x0000001c   Code   RO         3395    !!handler_zi        c_w.l(__scatter_zi.o)
    0x08000134   0x08000134   0x00000002   Code   RO         3264    .ARM.Collect$$libinit$$00000000  c_w.l(libinit.o)
    0x08000136   0x08000136   0x00000000   Code   RO         3274    .ARM.Collect$$libinit$$00000002  c_w.l(libinit2.o)
    0x08000136   0x08000136   0x00000000   Code   RO         3276    .ARM.Collect$$libinit$$00000004  c_w.l(libinit2.o)
    0x08000136   0x08000136   0x00000000   Code   RO         3279    .ARM.Collect$$libinit$$0000000A  c_w.l(libinit2.o)
    0x08000136   0x08000136   0x00000000   Code   RO         3281    .ARM.Collect$$libinit$$0000000C  c_w.l(libinit2.o)
    0x08000136   0x08000136   0x00000000   Code   RO         3283    .ARM.Collect$$libinit$$0000000E  c_w.l(libinit2.o)
    0x08000136   0x08000136   0x00000000   Code   RO         3286    .ARM.Collect$$libinit$$00000011  c_w.l(libinit2.o)
    0x08000136   0x08000136   0x00000000   Code   RO         3288    .ARM.Collect$$libinit$$00000013  c_w.l(libinit2.o)
    0x08000136   0x08000136   0x00000000   Code   RO         3290    .ARM.Collect$$libinit$$00000015  c_w.l(libinit2.o)
    0x08000136   0x08000136   0x00000000   Code   RO         3292    .ARM.Collect$$libinit$$00000017  c_w.l(libinit2.o)
    0x08000136   0x08000136   0x00000000   Code   RO         3294    .ARM.Collect$$libinit$$00000019  c_w.l(libinit2.o)
    0x08000136   0x08000136   0x00000000   Code   RO         3296    .ARM.Collect$$libinit$$0000001B  c_w.l(libinit2.o)
    0x08000136   0x08000136   0x00000000   Code   RO         3298    .ARM.Collect$$libinit$$0000001D  c_w.l(libinit2.o)
    0x08000136   0x08000136   0x00000000   Code   RO         3300    .ARM.Collect$$libinit$$0000001F  c_w.l(libinit2.o)
    0x08000136   0x08000136   0x00000000   Code   RO         3302    .ARM.Collect$$libinit$$00000021  c_w.l(libinit2.o)
    0x08000136   0x08000136   0x00000000   Code   RO         3304    .ARM.Collect$$libinit$$00000023  c_w.l(libinit2.o)
    0x08000136   0x08000136   0x00000000   Code   RO         3306    .ARM.Collect$$libinit$$00000025  c_w.l(libinit2.o)
    0x08000136   0x08000136   0x00000000   Code   RO         3310    .ARM.Collect$$libinit$$0000002C  c_w.l(libinit2.o)
    0x08000136   0x08000136   0x00000000   Code   RO         3312    .ARM.Collect$$libinit$$0000002E  c_w.l(libinit2.o)
    0x08000136   0x08000136   0x00000000   Code   RO         3314    .ARM.Collect$$libinit$$00000030  c_w.l(libinit2.o)
    0x08000136   0x08000136   0x00000000   Code   RO         3316    .ARM.Collect$$libinit$$00000032  c_w.l(libinit2.o)
    0x08000136   0x08000136   0x00000002   Code   RO         3317    .ARM.Collect$$libinit$$00000033  c_w.l(libinit2.o)
    0x08000138   0x08000138   0x00000002   Code   RO         3348    .ARM.Collect$$libshutdown$$00000000  c_w.l(libshutdown.o)
    0x0800013a   0x0800013a   0x00000000   Code   RO         3374    .ARM.Collect$$libshutdown$$00000002  c_w.l(libshutdown2.o)
    0x0800013a   0x0800013a   0x00000000   Code   RO         3376    .ARM.Collect$$libshutdown$$00000004  c_w.l(libshutdown2.o)
    0x0800013a   0x0800013a   0x00000000   Code   RO         3379    .ARM.Collect$$libshutdown$$00000007  c_w.l(libshutdown2.o)
    0x0800013a   0x0800013a   0x00000000   Code   RO         3382    .ARM.Collect$$libshutdown$$0000000A  c_w.l(libshutdown2.o)
    0x0800013a   0x0800013a   0x00000000   Code   RO         3384    .ARM.Collect$$libshutdown$$0000000C  c_w.l(libshutdown2.o)
    0x0800013a   0x0800013a   0x00000000   Code   RO         3387    .ARM.Collect$$libshutdown$$0000000F  c_w.l(libshutdown2.o)
    0x0800013a   0x0800013a   0x00000002   Code   RO         3388    .ARM.Collect$$libshutdown$$00000010  c_w.l(libshutdown2.o)
    0x0800013c   0x0800013c   0x00000000   Code   RO         3206    .ARM.Collect$$rtentry$$00000000  c_w.l(__rtentry.o)
    0x0800013c   0x0800013c   0x00000000   Code   RO         3225    .ARM.Collect$$rtentry$$00000002  c_w.l(__rtentry2.o)
    0x0800013c   0x0800013c   0x00000006   Code   RO         3237    .ARM.Collect$$rtentry$$00000004  c_w.l(__rtentry4.o)
    0x08000142   0x08000142   0x00000000   Code   RO         3227    .ARM.Collect$$rtentry$$00000009  c_w.l(__rtentry2.o)
    0x08000142   0x08000142   0x00000004   Code   RO         3228    .ARM.Collect$$rtentry$$0000000A  c_w.l(__rtentry2.o)
    0x08000146   0x08000146   0x00000000   Code   RO         3230    .ARM.Collect$$rtentry$$0000000C  c_w.l(__rtentry2.o)
    0x08000146   0x08000146   0x00000008   Code   RO         3231    .ARM.Collect$$rtentry$$0000000D  c_w.l(__rtentry2.o)
    0x0800014e   0x0800014e   0x00000002   Code   RO         3265    .ARM.Collect$$rtexit$$00000000  c_w.l(rtexit.o)
    0x08000150   0x08000150   0x00000000   Code   RO         3321    .ARM.Collect$$rtexit$$00000002  c_w.l(rtexit2.o)
    0x08000150   0x08000150   0x00000004   Code   RO         3322    .ARM.Collect$$rtexit$$00000003  c_w.l(rtexit2.o)
    0x08000154   0x08000154   0x00000006   Code   RO         3323    .ARM.Collect$$rtexit$$00000004  c_w.l(rtexit2.o)
    0x0800015a   0x0800015a   0x00000002   PAD
    0x0800015c   0x0800015c   0x00000096   Code   RO         1918    .emb_text           port.o
    0x080001f2   0x080001f2   0x00000002   PAD
    0x080001f4   0x080001f4   0x00000040   Code   RO         2107  * .text               startup_mdr32f9qx.o
    0x08000234   0x08000234   0x000000ee   Code   RO         3174    .text               c_w.l(lludivv7m.o)
    0x08000322   0x08000322   0x0000008a   Code   RO         3176    .text               c_w.l(rt_memcpy_v6.o)
    0x080003ac   0x080003ac   0x00000006   Code   RO         3178    .text               c_w.l(heapauxi.o)
    0x080003b2   0x080003b2   0x00000016   Code   RO         3211    .text               c_w.l(_rserrno.o)
    0x080003c8   0x080003c8   0x00000064   Code   RO         3213    .text               c_w.l(rt_memcpy_w.o)
    0x0800042c   0x0800042c   0x00000008   Code   RO         3244    .text               c_w.l(rt_errno_addr_intlibspace.o)
    0x08000434   0x08000434   0x00000008   Code   RO         3248    .text               c_w.l(libspace.o)
    0x0800043c   0x0800043c   0x0000004a   Code   RO         3251    .text               c_w.l(sys_stackheap_outer.o)
    0x08000486   0x08000486   0x00000012   Code   RO         3253    .text               c_w.l(exit.o)
    0x08000498   0x08000498   0x0000000c   Code   RO         3318    .text               c_w.l(sys_exit.o)
    0x080004a4   0x080004a4   0x00000002   Code   RO         3337    .text               c_w.l(use_no_semi.o)
    0x080004a6   0x080004a6   0x00000000   Code   RO         3339    .text               c_w.l(indicate_semi.o)
    0x080004a6   0x080004a6   0x00000002   Code   RO          364    i.ADC_IRQHandler    mdr32f9qx_it.o
    0x080004a8   0x080004a8   0x00000002   Code   RO          365    i.BACKUP_IRQHandler  mdr32f9qx_it.o
    0x080004aa   0x080004aa   0x00000004   Code   RO          366    i.BusFault_Handler  mdr32f9qx_it.o
    0x080004ae   0x080004ae   0x00000002   Code   RO          367    i.CAN1_IRQHandler   mdr32f9qx_it.o
    0x080004b0   0x080004b0   0x00000002   Code   RO          368    i.CAN2_IRQHandler   mdr32f9qx_it.o
    0x080004b2   0x080004b2   0x00000002   Code   RO          369    i.COMPARATOR_IRQHandler  mdr32f9qx_it.o
    0x080004b4   0x080004b4   0x00000002   Code   RO          370    i.DMA_IRQHandler    mdr32f9qx_it.o
    0x080004b6   0x080004b6   0x00000002   Code   RO          371    i.DebugMon_Handler  mdr32f9qx_it.o
    0x080004b8   0x080004b8   0x00000054   Code   RO          207    i.DisableIrqDma     board.o
    0x0800050c   0x0800050c   0x00000002   Code   RO          372    i.EXT_INT1_IRQHandler  mdr32f9qx_it.o
    0x0800050e   0x0800050e   0x00000002   Code   RO          373    i.EXT_INT2_IRQHandler  mdr32f9qx_it.o
    0x08000510   0x08000510   0x00000002   Code   RO          374    i.EXT_INT3_IRQHandler  mdr32f9qx_it.o
    0x08000512   0x08000512   0x00000002   Code   RO          375    i.EXT_INT4_IRQHandler  mdr32f9qx_it.o
    0x08000514   0x08000514   0x00000008   Code   RO          542    i.GetCounterSemaphor  serial.o
    0x0800051c   0x0800051c   0x00000008   Code   RO          543    i.GetReciveList     serial.o
    0x08000524   0x08000524   0x00000008   Code   RO          544    i.GetSendList       serial.o
    0x0800052c   0x0800052c   0x00000008   Code   RO         1058    i.GetShdInfo        calcdrive2.o
    0x08000534   0x08000534   0x0000000c   Code   RO         1059    i.GetSpeed          calcdrive2.o
    0x08000540   0x08000540   0x00000004   Code   RO          376    i.HardFault_Handler  mdr32f9qx_it.o
    0x08000544   0x08000544   0x00000002   Code   RO          377    i.I2C_IRQHandler    mdr32f9qx_it.o
    0x08000546   0x08000546   0x00000002   PAD
    0x08000548   0x08000548   0x0000006c   Code   RO          208    i.Init_All_Ports    board.o
    0x080005b4   0x080005b4   0x000000d8   Code   RO          294    i.LedInit           led.o
    0x0800068c   0x0800068c   0x0000006c   Code   RO          295    i.LedOff            led.o
    0x080006f8   0x080006f8   0x00000068   Code   RO          296    i.LedOn             led.o
    0x08000760   0x08000760   0x0000006c   Code   RO          297    i.LedToggle         led.o
    0x080007cc   0x080007cc   0x00000004   Code   RO          378    i.MemManage_Handler  mdr32f9qx_it.o
    0x080007d0   0x080007d0   0x00000002   Code   RO          379    i.NMI_Handler       mdr32f9qx_it.o
    0x080007d2   0x080007d2   0x00000132   Code   RO         2313    i.PORT_Init         mdr32f9qx_port.o
    0x08000904   0x08000904   0x00000006   Code   RO         2314    i.PORT_ReadInputData  mdr32f9qx_port.o
    0x0800090a   0x0800090a   0x00000008   Code   RO         2316    i.PORT_ResetBits    mdr32f9qx_port.o
    0x08000912   0x08000912   0x00000008   Code   RO         2317    i.PORT_SetBits      mdr32f9qx_port.o
    0x0800091a   0x0800091a   0x0000001c   Code   RO         2318    i.PORT_StructInit   mdr32f9qx_port.o
    0x08000936   0x08000936   0x00000002   Code   RO          380    i.POWER_IRQHandler  mdr32f9qx_it.o
    0x08000938   0x08000938   0x0000000c   Code   RO         2383    i.RST_CLK_CPU_PLLcmd  mdr32f9qx_rst_clk.o
    0x08000944   0x08000944   0x00000040   Code   RO         2384    i.RST_CLK_CPU_PLLconfig  mdr32f9qx_rst_clk.o
    0x08000984   0x08000984   0x0000000c   Code   RO         2386    i.RST_CLK_CPU_PLLuse  mdr32f9qx_rst_clk.o
    0x08000990   0x08000990   0x00000018   Code   RO         2387    i.RST_CLK_CPUclkPrescaler  mdr32f9qx_rst_clk.o
    0x080009a8   0x080009a8   0x00000014   Code   RO         2388    i.RST_CLK_CPUclkSelection  mdr32f9qx_rst_clk.o
    0x080009bc   0x080009bc   0x0000002c   Code   RO         2390    i.RST_CLK_DeInit    mdr32f9qx_rst_clk.o
    0x080009e8   0x080009e8   0x00000274   Code   RO         2391    i.RST_CLK_GetClocksFreq  mdr32f9qx_rst_clk.o
    0x08000c5c   0x08000c5c   0x00000034   Code   RO         2392    i.RST_CLK_GetFlagStatus  mdr32f9qx_rst_clk.o
    0x08000c90   0x08000c90   0x0000003c   Code   RO         2394    i.RST_CLK_HSEconfig  mdr32f9qx_rst_clk.o
    0x08000ccc   0x08000ccc   0x00000034   Code   RO         2395    i.RST_CLK_HSEstatus  mdr32f9qx_rst_clk.o
    0x08000d00   0x08000d00   0x0000000c   Code   RO         2398    i.RST_CLK_HSIcmd    mdr32f9qx_rst_clk.o
    0x08000d0c   0x08000d0c   0x00000034   Code   RO         2399    i.RST_CLK_HSIstatus  mdr32f9qx_rst_clk.o
    0x08000d40   0x08000d40   0x00000020   Code   RO         2405    i.RST_CLK_PCLKcmd   mdr32f9qx_rst_clk.o
    0x08000d60   0x08000d60   0x00000074   Code   RO         2414    i.RST_CLK_WarmDeInit  mdr32f9qx_rst_clk.o
    0x08000dd4   0x08000dd4   0x00000002   Code   RO          381    i.SSP1_IRQHandler   mdr32f9qx_it.o
    0x08000dd6   0x08000dd6   0x00000002   PAD
    0x08000dd8   0x08000dd8   0x0000001c   Code   RO          679    i.SSP2_IRQHandler   spi.o
    0x08000df4   0x08000df4   0x0000003c   Code   RO         2604    i.SSP_BRGInit       mdr32f9qx_ssp.o
    0x08000e30   0x08000e30   0x00000008   Code   RO         2605    i.SSP_ClearITPendingBit  mdr32f9qx_ssp.o
    0x08000e38   0x08000e38   0x00000018   Code   RO         2606    i.SSP_Cmd           mdr32f9qx_ssp.o
    0x08000e50   0x08000e50   0x00000012   Code   RO         2608    i.SSP_DeInit        mdr32f9qx_ssp.o
    0x08000e62   0x08000e62   0x00000010   Code   RO         2609    i.SSP_GetFlagStatus  mdr32f9qx_ssp.o
    0x08000e72   0x08000e72   0x00000010   Code   RO         2611    i.SSP_GetITStatusMasked  mdr32f9qx_ssp.o
    0x08000e82   0x08000e82   0x00000026   Code   RO         2613    i.SSP_Init          mdr32f9qx_ssp.o
    0x08000ea8   0x08000ea8   0x00000008   Code   RO         2614    i.SSP_ReceiveData   mdr32f9qx_ssp.o
    0x08000eb0   0x08000eb0   0x00000004   Code   RO         2615    i.SSP_SendData      mdr32f9qx_ssp.o
    0x08000eb4   0x08000eb4   0x0000001c   Code   RO         2616    i.SSP_StructInit    mdr32f9qx_ssp.o
    0x08000ed0   0x08000ed0   0x00000034   Code   RO          209    i.SetInputMode      board.o
    0x08000f04   0x08000f04   0x0000001c   Code   RO          545    i.SetModeRx         serial.o
    0x08000f20   0x08000f20   0x0000001c   Code   RO          546    i.SetModeTx         serial.o
    0x08000f3c   0x08000f3c   0x00000038   Code   RO          210    i.SetOutputMode     board.o
    0x08000f74   0x08000f74   0x0000000c   Code   RO         1060    i.SetSpeed          calcdrive2.o
    0x08000f80   0x08000f80   0x00000084   Code   RO          298    i.ShotLed           led.o
    0x08001004   0x08001004   0x00000070   Code   RO          748    i.SlotL6470Tmr      l6470.o
    0x08001074   0x08001074   0x00000040   Code   RO          299    i.SlotTmr           led.o
    0x080010b4   0x080010b4   0x0000000c   Code   RO         1061    i.StartMove         calcdrive2.o
    0x080010c0   0x080010c0   0x00000018   Code   RO          645    i.StartUartTimer    uarttimer.o
    0x080010d8   0x080010d8   0x00000014   Code   RO         1062    i.StopMove          calcdrive2.o
    0x080010ec   0x080010ec   0x00000010   Code   RO          646    i.StopUartTimer     uarttimer.o
    0x080010fc   0x080010fc   0x00000034   Code   RO         1919    i.SysTick_Handler   port.o
    0x08001130   0x08001130   0x00000090   Code   RO         2113    i.SystemCoreClockUpdate  system_mdr32f9qx.o
    0x080011c0   0x080011c0   0x00000028   Code   RO         2114    i.SystemInit        system_mdr32f9qx.o
    0x080011e8   0x080011e8   0x00000054   Code   RO         2696    i.TIMER_BRGInit     mdr32f9qx_timer.o
    0x0800123c   0x0800123c   0x00000046   Code   RO         2708    i.TIMER_ChnInit     mdr32f9qx_timer.o
    0x08001282   0x08001282   0x00000042   Code   RO         2715    i.TIMER_ChnOutInit  mdr32f9qx_timer.o
    0x080012c4   0x080012c4   0x00000016   Code   RO         2719    i.TIMER_ChnOutStructInit  mdr32f9qx_timer.o
    0x080012da   0x080012da   0x0000001c   Code   RO         2721    i.TIMER_ChnStructInit  mdr32f9qx_timer.o
    0x080012f6   0x080012f6   0x00000006   Code   RO         2722    i.TIMER_ClearFlag   mdr32f9qx_timer.o
    0x080012fc   0x080012fc   0x00000014   Code   RO         2723    i.TIMER_Cmd         mdr32f9qx_timer.o
    0x08001310   0x08001310   0x00000036   Code   RO         2726    i.TIMER_CntInit     mdr32f9qx_timer.o
    0x08001346   0x08001346   0x0000001c   Code   RO         2727    i.TIMER_CntStructInit  mdr32f9qx_timer.o
    0x08001362   0x08001362   0x00000044   Code   RO         2730    i.TIMER_DeInit      mdr32f9qx_timer.o
    0x080013a6   0x080013a6   0x00000018   Code   RO         2745    i.TIMER_GetITStatus  mdr32f9qx_timer.o
    0x080013be   0x080013be   0x00000012   Code   RO         2747    i.TIMER_ITConfig    mdr32f9qx_timer.o
    0x080013d0   0x080013d0   0x0000000e   Code   RO         2748    i.TIMER_SetChnCompare  mdr32f9qx_timer.o
    0x080013de   0x080013de   0x00000002   Code   RO          382    i.Timer1_IRQHandler  mdr32f9qx_it.o
    0x080013e0   0x080013e0   0x00000050   Code   RO          547    i.Timer2_IRQHandler  serial.o
    0x08001430   0x08001430   0x00000048   Code   RO          942    i.Timer3_IRQHandler  l6470timer.o
    0x08001478   0x08001478   0x00000002   Code   RO          383    i.UART1_IRQHandler  mdr32f9qx_it.o
    0x0800147a   0x0800147a   0x00000002   PAD
    0x0800147c   0x0800147c   0x000000ac   Code   RO          548    i.UART2_IRQHandler  serial.o
    0x08001528   0x08001528   0x0000003c   Code   RO         3058    i.UART_BRGInit      mdr32f9qx_uart.o
    0x08001564   0x08001564   0x00000008   Code   RO         3060    i.UART_ClearITPendingBit  mdr32f9qx_uart.o
    0x0800156c   0x0800156c   0x00000018   Code   RO         3061    i.UART_Cmd          mdr32f9qx_uart.o
    0x08001584   0x08001584   0x00000010   Code   RO         3065    i.UART_GetFlagStatus  mdr32f9qx_uart.o
    0x08001594   0x08001594   0x00000010   Code   RO         3067    i.UART_GetITStatusMasked  mdr32f9qx_uart.o
    0x080015a4   0x080015a4   0x00000012   Code   RO         3068    i.UART_ITConfig     mdr32f9qx_uart.o
    0x080015b6   0x080015b6   0x00000002   PAD
    0x080015b8   0x080015b8   0x000000b4   Code   RO         3069    i.UART_Init         mdr32f9qx_uart.o
    0x0800166c   0x0800166c   0x00000008   Code   RO         3072    i.UART_ReceiveData  mdr32f9qx_uart.o
    0x08001674   0x08001674   0x00000004   Code   RO         3073    i.UART_SendData     mdr32f9qx_uart.o
    0x08001678   0x08001678   0x00000018   Code   RO         3074    i.UART_StructInit   mdr32f9qx_uart.o
    0x08001690   0x08001690   0x00000002   Code   RO          384    i.USB_IRQHandler    mdr32f9qx_it.o
    0x08001692   0x08001692   0x00000002   PAD
    0x08001694   0x08001694   0x00000048   Code   RO          549    i.UartDirPin        serial.o
    0x080016dc   0x080016dc   0x00000050   Code   RO          550    i.UartRxTxPin       serial.o
    0x0800172c   0x0800172c   0x00000074   Code   RO          647    i.UartTimerInit     uarttimer.o
    0x080017a0   0x080017a0   0x00000004   Code   RO          385    i.UsageFault_Handler  mdr32f9qx_it.o
    0x080017a4   0x080017a4   0x00000002   Code   RO          386    i.WWDG_IRQHandler   mdr32f9qx_it.o
    0x080017a6   0x080017a6   0x00000002   PAD
    0x080017a8   0x080017a8   0x00000028   Code   RO          841    i.addError          spirtos.o
    0x080017d0   0x080017d0   0x00000028   Code   RO          749    i.addErrorL6470     l6470.o
    0x080017f8   0x080017f8   0x00000010   Code   RO          750    i.addStatusL6470    l6470.o
    0x08001808   0x08001808   0x000000d8   Code   RO         1063    i.calcC0            calcdrive2.o
    0x080018e0   0x080018e0   0x00000020   Code   RO          680    i.clearReadBufSpi   spi.o
    0x08001900   0x08001900   0x0000000c   Code   RO         1065    i.getAcc            calcdrive2.o
    0x0800190c   0x0800190c   0x00000014   Code   RO         1066    i.getC0             calcdrive2.o
    0x08001920   0x08001920   0x00000024   Code   RO          751    i.getCountErrorL6470  l6470.o
    0x08001944   0x08001944   0x00000054   Code   RO         1014    i.getDipValue       input.o
    0x08001998   0x08001998   0x00000024   Code   RO          752    i.getErrorL6470     l6470.o
    0x080019bc   0x080019bc   0x0000002c   Code   RO         1067    i.getPosition       calcdrive2.o
    0x080019e8   0x080019e8   0x00000020   Code   RO         1016    i.getSensorRead     input.o
    0x08001a08   0x08001a08   0x0000004c   Code   RO          842    i.getStatus         spirtos.o
    0x08001a54   0x08001a54   0x00000024   Code   RO          753    i.getStatusL6470    l6470.o
    0x08001a78   0x08001a78   0x0000000c   Code   RO         1068    i.getVmax           calcdrive2.o
    0x08001a84   0x08001a84   0x0000000c   Code   RO         1069    i.getVmin           calcdrive2.o
    0x08001a90   0x08001a90   0x00000044   Code   RO         1070    i.initCalcDrive     calcdrive2.o
    0x08001ad4   0x08001ad4   0x00000058   Code   RO          256    i.initClk           clk.o
    0x08001b2c   0x08001b2c   0x00000060   Code   RO         1017    i.initInput         input.o
    0x08001b8c   0x08001b8c   0x00000074   Code   RO          754    i.initL6470Hw       l6470.o
    0x08001c00   0x08001c00   0x00000060   Code   RO          755    i.initL6470Register  l6470.o
    0x08001c60   0x08001c60   0x00000098   Code   RO          756    i.initPin           l6470.o
    0x08001cf8   0x08001cf8   0x00000034   Code   RO          943    i.initPinTimerL6470  l6470timer.o
    0x08001d2c   0x08001d2c   0x0000000c   Code   RO          944    i.initPtrShdInfo    l6470timer.o
    0x08001d38   0x08001d38   0x0000000c   Code   RO          681    i.initSPI           spi.o
    0x08001d44   0x08001d44   0x00000088   Code   RO          682    i.initSpiPin        spi.o
    0x08001dcc   0x08001dcc   0x00000084   Code   RO          844    i.initSpiRtos       spirtos.o
    0x08001e50   0x08001e50   0x0000006c   Code   RO          683    i.initSpi_HW        spi.o
    0x08001ebc   0x08001ebc   0x000000f0   Code   RO          945    i.initTimerL6470    l6470timer.o
    0x08001fac   0x08001fac   0x000000d8   Code   RO            4    i.main              main.o
    0x08002084   0x08002084   0x000000c0   Code   RO         1425    i.prvAddCurrentTaskToDelayedList  tasks.o
    0x08002144   0x08002144   0x000000e4   Code   RO         1426    i.prvAddNewTaskToReadyList  tasks.o
    0x08002228   0x08002228   0x0000004c   Code   RO         1772    i.prvCheckForValidListAndQueue  timers.o
    0x08002274   0x08002274   0x00000048   Code   RO         1427    i.prvCheckTasksWaitingTermination  tasks.o
    0x080022bc   0x080022bc   0x0000002a   Code   RO         1228    i.prvCopyDataFromQueue  queue.o
    0x080022e6   0x080022e6   0x0000007e   Code   RO         1229    i.prvCopyDataToQueue  queue.o
    0x08002364   0x08002364   0x00000012   Code   RO         1428    i.prvDeleteTCB      tasks.o
    0x08002376   0x08002376   0x00000014   Code   RO         1230    i.prvGetDisinheritPriorityAfterTimeout  queue.o
    0x0800238a   0x0800238a   0x00000002   PAD
    0x0800238c   0x0800238c   0x00000028   Code   RO         1773    i.prvGetNextExpireTime  timers.o
    0x080023b4   0x080023b4   0x00000038   Code   RO         1997    i.prvHeapInit       heap_2.o
    0x080023ec   0x080023ec   0x00000028   Code   RO         1429    i.prvIdleTask       tasks.o
    0x08002414   0x08002414   0x00000026   Code   RO         1232    i.prvInitialiseNewQueue  queue.o
    0x0800243a   0x0800243a   0x00000090   Code   RO         1430    i.prvInitialiseNewTask  tasks.o
    0x080024ca   0x080024ca   0x00000038   Code   RO         1774    i.prvInitialiseNewTimer  timers.o
    0x08002502   0x08002502   0x00000002   PAD
    0x08002504   0x08002504   0x00000068   Code   RO         1431    i.prvInitialiseTaskLists  tasks.o
    0x0800256c   0x0800256c   0x00000058   Code   RO         1775    i.prvInsertTimerInActiveList  timers.o
    0x080025c4   0x080025c4   0x0000001a   Code   RO         1233    i.prvIsQueueEmpty   queue.o
    0x080025de   0x080025de   0x0000001e   Code   RO         1234    i.prvIsQueueFull    queue.o
    0x080025fc   0x080025fc   0x00000044   Code   RO         1776    i.prvProcessExpiredTimer  timers.o
    0x08002640   0x08002640   0x000000f8   Code   RO         1777    i.prvProcessReceivedCommands  timers.o
    0x08002738   0x08002738   0x00000074   Code   RO         1778    i.prvProcessTimerOrBlockTask  timers.o
    0x080027ac   0x080027ac   0x00000028   Code   RO         1779    i.prvReloadTimer    timers.o
    0x080027d4   0x080027d4   0x00000030   Code   RO         1432    i.prvResetNextTaskUnblockTime  tasks.o
    0x08002804   0x08002804   0x0000002c   Code   RO         1780    i.prvSampleTimeNow  timers.o
    0x08002830   0x08002830   0x00000044   Code   RO         1781    i.prvSwitchTimerLists  timers.o
    0x08002874   0x08002874   0x00000016   Code   RO         1920    i.prvTaskExitError  port.o
    0x0800288a   0x0800288a   0x0000001a   Code   RO         1782    i.prvTimerTask      timers.o
    0x080028a4   0x080028a4   0x0000007e   Code   RO         1235    i.prvUnlockQueue    queue.o
    0x08002922   0x08002922   0x00000002   PAD
    0x08002924   0x08002924   0x000000d0   Code   RO         1998    i.pvPortMalloc      heap_2.o
    0x080029f4   0x080029f4   0x00000020   Code   RO         1434    i.pvTaskIncrementMutexHeldCount  tasks.o
    0x08002a14   0x08002a14   0x00000024   Code   RO         1921    i.pxPortInitialiseStack  port.o
    0x08002a38   0x08002a38   0x00000068   Code   RO         1071    i.reTakt            calcdrive2.o
    0x08002aa0   0x08002aa0   0x00000060   Code   RO          846    i.readRegister      spirtos.o
    0x08002b00   0x08002b00   0x00000034   Code   RO          685    i.readSpi8          spi.o
    0x08002b34   0x08002b34   0x00000038   Code   RO          757    i.resetL6470        l6470.o
    0x08002b6c   0x08002b6c   0x00000038   Code   RO          847    i.resetL6470Soft    spirtos.o
    0x08002ba4   0x08002ba4   0x00000080   Code   RO          946    i.restartTimerMoreFFFF  l6470timer.o
    0x08002c24   0x08002c24   0x0000003c   Code   RO          551    i.send8             serial.o
    0x08002c60   0x08002c60   0x00000044   Code   RO            5    i.sendBuf8          main.o
    0x08002ca4   0x08002ca4   0x00000030   Code   RO          686    i.sendSpi16         spi.o
    0x08002cd4   0x08002cd4   0x0000001c   Code   RO          848    i.sendSpiByte       spirtos.o
    0x08002cf0   0x08002cf0   0x00000014   Code   RO         1072    i.setAcc            calcdrive2.o
    0x08002d04   0x08002d04   0x00000048   Code   RO         1073    i.setVmax           calcdrive2.o
    0x08002d4c   0x08002d4c   0x00000048   Code   RO         1074    i.setVmin           calcdrive2.o
    0x08002d94   0x08002d94   0x00000068   Code   RO         1075    i.speed_cntr_Move   calcdrive2.o
    0x08002dfc   0x08002dfc   0x0000004c   Code   RO         3199    i.sqrt              m_ws.l(sqrt.o)
    0x08002e48   0x08002e48   0x00000024   Code   RO          947    i.startMoveTimer    l6470timer.o
    0x08002e6c   0x08002e6c   0x00000038   Code   RO          948    i.startTimerL6470   l6470timer.o
    0x08002ea4   0x08002ea4   0x00000040   Code   RO          849    i.stepClock         spirtos.o
    0x08002ee4   0x08002ee4   0x00000010   Code   RO          949    i.stopTimerL6470    l6470timer.o
    0x08002ef4   0x08002ef4   0x00000010   Code   RO            7    i.to32InBuf         main.o
    0x08002f04   0x08002f04   0x00000028   Code   RO         1184    i.uxListRemove      list.o
    0x08002f2c   0x08002f2c   0x00000012   Code   RO         1236    i.uxQueueMessagesWaiting  queue.o
    0x08002f3e   0x08002f3e   0x0000001a   Code   RO         1185    i.vListInitialise   list.o
    0x08002f58   0x08002f58   0x00000006   Code   RO         1186    i.vListInitialiseItem  list.o
    0x08002f5e   0x08002f5e   0x00000034   Code   RO         1187    i.vListInsert       list.o
    0x08002f92   0x08002f92   0x00000002   PAD
    0x08002f94   0x08002f94   0x000006c0   Code   RO            9    i.vObmenTask        main.o
    0x08003654   0x08003654   0x00000024   Code   RO         1923    i.vPortEnterCritical  port.o
    0x08003678   0x08003678   0x00000020   Code   RO         1924    i.vPortExitCritical  port.o
    0x08003698   0x08003698   0x00000040   Code   RO         1999    i.vPortFree         heap_2.o
    0x080036d8   0x080036d8   0x00000018   Code   RO         1925    i.vPortSetupTimerInterrupt  port.o
    0x080036f0   0x080036f0   0x0000004a   Code   RO         1240    i.vQueueWaitForMessageRestricted  queue.o
    0x0800373a   0x0800373a   0x00000002   PAD
    0x0800373c   0x0800373c   0x0000005c   Code   RO          552    i.vSendTask         serial.o
    0x08003798   0x08003798   0x00000018   Code   RO         1445    i.vTaskInternalSetTimeOutState  tasks.o
    0x080037b0   0x080037b0   0x0000000c   Code   RO         1446    i.vTaskMissedYield  tasks.o
    0x080037bc   0x080037bc   0x00000020   Code   RO         1447    i.vTaskPlaceOnEventList  tasks.o
    0x080037dc   0x080037dc   0x0000004c   Code   RO         1448    i.vTaskPlaceOnEventListRestricted  tasks.o
    0x08003828   0x08003828   0x000000d4   Code   RO         1450    i.vTaskPriorityDisinheritAfterTimeout  tasks.o
    0x080038fc   0x080038fc   0x00000078   Code   RO         1455    i.vTaskStartScheduler  tasks.o
    0x08003974   0x08003974   0x00000010   Code   RO         1457    i.vTaskSuspendAll   tasks.o
    0x08003984   0x08003984   0x00000060   Code   RO         1458    i.vTaskSwitchContext  tasks.o
    0x080039e4   0x080039e4   0x00000058   Code   RO          850    i.writeRegister     spirtos.o
    0x08003a3c   0x08003a3c   0x00000034   Code   RO         1926    i.xPortStartScheduler  port.o
    0x08003a70   0x08003a70   0x00000022   Code   RO         1241    i.xQueueCreateCountingSemaphore  queue.o
    0x08003a92   0x08003a92   0x0000004c   Code   RO         1243    i.xQueueGenericCreate  queue.o
    0x08003ade   0x08003ade   0x00000002   PAD
    0x08003ae0   0x08003ae0   0x000000a0   Code   RO         1244    i.xQueueGenericReset  queue.o
    0x08003b80   0x08003b80   0x00000118   Code   RO         1245    i.xQueueGenericSend  queue.o
    0x08003c98   0x08003c98   0x0000008a   Code   RO         1246    i.xQueueGenericSendFromISR  queue.o
    0x08003d22   0x08003d22   0x00000078   Code   RO         1247    i.xQueueGiveFromISR  queue.o
    0x08003d9a   0x08003d9a   0x00000002   PAD
    0x08003d9c   0x08003d9c   0x00000104   Code   RO         1253    i.xQueueReceive     queue.o
    0x08003ea0   0x08003ea0   0x00000130   Code   RO         1255    i.xQueueSemaphoreTake  queue.o
    0x08003fd0   0x08003fd0   0x00000130   Code   RO          553    i.xSerialPortInitMinimal  serial.o
    0x08004100   0x08004100   0x00000060   Code   RO         1460    i.xTaskCheckForTimeOut  tasks.o
    0x08004160   0x08004160   0x00000060   Code   RO         1461    i.xTaskCreate       tasks.o
    0x080041c0   0x080041c0   0x00000020   Code   RO         1468    i.xTaskGetSchedulerState  tasks.o
    0x080041e0   0x080041e0   0x0000000c   Code   RO         1469    i.xTaskGetTickCount  tasks.o
    0x080041ec   0x080041ec   0x00000190   Code   RO         1471    i.xTaskIncrementTick  tasks.o
    0x0800437c   0x0800437c   0x000000ac   Code   RO         1472    i.xTaskPriorityDisinherit  tasks.o
    0x08004428   0x08004428   0x000000ec   Code   RO         1473    i.xTaskPriorityInherit  tasks.o
    0x08004514   0x08004514   0x00000108   Code   RO         1474    i.xTaskRemoveFromEventList  tasks.o
    0x0800461c   0x0800461c   0x0000015c   Code   RO         1475    i.xTaskResumeAll    tasks.o
    0x08004778   0x08004778   0x0000003c   Code   RO          851    i.xTaskSendSpiData  spirtos.o
    0x080047b4   0x080047b4   0x00000036   Code   RO         1787    i.xTimerCreate      timers.o
    0x080047ea   0x080047ea   0x00000002   PAD
    0x080047ec   0x080047ec   0x00000040   Code   RO         1788    i.xTimerCreateTimerTask  timers.o
    0x0800482c   0x0800482c   0x0000006c   Code   RO         1789    i.xTimerGenericCommand  timers.o
    0x08004898   0x08004898   0x000002b0   Code   RO         3183    x$fpl$ddiv          fz_ws.l(ddiv.o)
    0x08004b48   0x08004b48   0x0000005a   Code   RO         3186    x$fpl$dfixu         fz_ws.l(dfixu.o)
    0x08004ba2   0x08004ba2   0x00000026   Code   RO         3190    x$fpl$dfltu         fz_ws.l(dflt_clz.o)
    0x08004bc8   0x08004bc8   0x00000154   Code   RO         3196    x$fpl$dmul          fz_ws.l(dmul.o)
    0x08004d1c   0x08004d1c   0x0000009c   Code   RO         3217    x$fpl$dnaninf       fz_ws.l(dnaninf.o)
    0x08004db8   0x08004db8   0x0000000c   Code   RO         3219    x$fpl$dretinf       fz_ws.l(dretinf.o)
    0x08004dc4   0x08004dc4   0x000001cc   Code   RO         3221    x$fpl$dsqrt         fz_ws.l(dsqrt_noumaal.o)
    0x08004f90   0x08004f90   0x00000000   Code   RO         3223    x$fpl$usenofp       fz_ws.l(usenofp.o)
    0x08004f90   0x08004f90   0x00000020   Data   RO         3389    Region$$Table       anon$$obj.o


    Execution Region ER_RW (Exec base: 0x20000000, Load base: 0x08004fb0, Size: 0x00000100, Max: 0xffffffff, ABSOLUTE)

    Exec Addr    Load Addr    Size         Type   Attr      Idx    E Section Name        Object

    0x20000000   0x08004fb0   0x00000018   Data   RW           10    .data               main.o
    0x20000018   0x08004fc8   0x00000010   Data   RW          301    .data               led.o
    0x20000028   0x08004fd8   0x00000014   Data   RW          555    .data               serial.o
    0x2000003c   0x08004fec   0x00000004   Data   RW          688    .data               spi.o
    0x20000040   0x08004ff0   0x00000018   Data   RW          760    .data               l6470.o
    0x20000058   0x08005008   0x00000010   Data   RW          852    .data               spirtos.o
    0x20000068   0x08005018   0x00000010   Data   RW          951    .data               l6470timer.o
    0x20000078   0x08005028   0x00000008   Data   RW         1018    .data               input.o
    0x20000080   0x08005030   0x0000000c   Data   RW         1077    .data               calcdrive2.o
    0x2000008c   0x0800503c   0x00000040   Data   RW         1478    .data               tasks.o
    0x200000cc   0x0800507c   0x00000014   Data   RW         1795    .data               timers.o
    0x200000e0   0x08005090   0x00000004   Data   RW         1927    .data               port.o
    0x200000e4   0x08005094   0x00000018   Data   RW         2003    .data               heap_2.o
    0x200000fc   0x080050ac   0x00000004   Data   RW         2115    .data               system_mdr32f9qx.o


    Execution Region ER_ZI (Exec base: 0x20000100, Load base: 0x080050b0, Size: 0x00004c78, Max: 0xffffffff, ABSOLUTE)

    Exec Addr    Load Addr    Size         Type   Attr      Idx    E Section Name        Object

    0x20000100        -       0x0000000c   Zero   RW          212    .bss                board.o
    0x2000010c        -       0x0000001c   Zero   RW          554    .bss                serial.o
    0x20000128        -       0x00000018   Zero   RW          648    .bss                uarttimer.o
    0x20000140        -       0x00000016   Zero   RW          687    .bss                spi.o
    0x20000156        -       0x0000000c   Zero   RW          759    .bss                l6470.o
    0x20000162        -       0x00000050   Zero   RW          950    .bss                l6470timer.o
    0x200001b2   0x080050b0   0x00000002   PAD
    0x200001b4        -       0x00000074   Zero   RW         1076    .bss                calcdrive2.o
    0x20000228        -       0x000000c8   Zero   RW         1477    .bss                tasks.o
    0x200002f0        -       0x00000028   Zero   RW         1794    .bss                timers.o
    0x20000318        -       0x00004400   Zero   RW         2002    .bss                heap_2.o
    0x20004718        -       0x00000060   Zero   RW         3249    .bss                c_w.l(libspace.o)
    0x20004778        -       0x00000200   Zero   RW         2105    HEAP                startup_mdr32f9qx.o
    0x20004978        -       0x00000400   Zero   RW         2104    STACK               startup_mdr32f9qx.o


==============================================================================

Image component sizes


      Code (inc. data)   RO Data    RW Data    ZI Data      Debug   Object Name

       300         62          0          0         12       8028   board.o
       820        120          0         12        116       8366   calcdrive2.o
        88          0          0          0          0        502   clk.o
       328         40          0         24      17408       3443   heap_2.o
       212         40          0          8          0       1604   input.o
       696        112          0         24         12       6825   l6470.o
       612         72          0         16         80       4982   l6470timer.o
       732        112          0         16          0       3635   led.o
       124          0          0          0          0       2473   list.o
      2028        114          0         24          0     108481   main.o
        54          0          0          0          0       9135   mdr32f9qx_it.o
       356          0          0          0          0       4191   mdr32f9qx_port.o
      1180         82          0          0          0      12423   mdr32f9qx_rst_clk.o
       220         12          0          0          0       6954   mdr32f9qx_ssp.o
       502         16          0          0          0       9468   mdr32f9qx_timer.o
       358         26          0          0          0       8018   mdr32f9qx_uart.o
       404         48          0          4          0       8784   port.o
      1872         16          0          0          0      28546   queue.o
       940        138          0         20         28      31403   serial.o
       416         46          0          4         22       4060   spi.o
       640         74          0         16          0       6803   spirtos.o
        64         26        192          0       1536        796   startup_mdr32f9qx.o
       184         18          0          4          0       1331   system_mdr32f9qx.o
      3122        364          0         64        200      31872   tasks.o
      1096        108          0         20         40      12342   timers.o
       156         20          0          0         24       1645   uarttimer.o

    ----------------------------------------------------------------------
     17534       1666        224        256      19480     326110   Object Totals
         0          0         32          0          0          0   (incl. Generated)
        30          0          0          0          2          0   (incl. Padding)

    ----------------------------------------------------------------------

      Code (inc. data)   RO Data    RW Data    ZI Data      Debug   Library Member Name

         8          0          0          0          0         68   __main.o
         0          0          0          0          0          0   __rtentry.o
        12          0          0          0          0          0   __rtentry2.o
         6          0          0          0          0          0   __rtentry4.o
        52          8          0          0          0          0   __scatter.o
        26          0          0          0          0          0   __scatter_copy.o
        28          0          0          0          0          0   __scatter_zi.o
        22          0          0          0          0        100   _rserrno.o
        18          0          0          0          0         80   exit.o
         6          0          0          0          0        152   heapauxi.o
         0          0          0          0          0          0   indicate_semi.o
         2          0          0          0          0          0   libinit.o
         2          0          0          0          0          0   libinit2.o
         2          0          0          0          0          0   libshutdown.o
         2          0          0          0          0          0   libshutdown2.o
         8          4          0          0         96         68   libspace.o
       238          0          0          0          0        100   lludivv7m.o
         8          4          0          0          0         68   rt_errno_addr_intlibspace.o
       138          0          0          0          0         68   rt_memcpy_v6.o
       100          0          0          0          0         80   rt_memcpy_w.o
         2          0          0          0          0          0   rtexit.o
        10          0          0          0          0          0   rtexit2.o
        12          4          0          0          0         68   sys_exit.o
        74          0          0          0          0         80   sys_stackheap_outer.o
         2          0          0          0          0         68   use_no_semi.o
       688        140          0          0          0        208   ddiv.o
        90          4          0          0          0         92   dfixu.o
        38          0          0          0          0         68   dflt_clz.o
       340         12          0          0          0        104   dmul.o
       156          4          0          0          0         92   dnaninf.o
        12          0          0          0          0         68   dretinf.o
       460         56          0          0          0        120   dsqrt_noumaal.o
         0          0          0          0          0          0   usenofp.o
        76          0          0          0          0         84   sqrt.o

    ----------------------------------------------------------------------
      2642        236          0          0         96       1836   Library Totals
         4          0          0          0          0          0   (incl. Padding)

    ----------------------------------------------------------------------

      Code (inc. data)   RO Data    RW Data    ZI Data      Debug   Library Name

       778         20          0          0         96       1000   c_w.l
      1784        216          0          0          0        752   fz_ws.l
        76          0          0          0          0         84   m_ws.l

    ----------------------------------------------------------------------
      2642        236          0          0         96       1836   Library Totals

    ----------------------------------------------------------------------

==============================================================================


      Code (inc. data)   RO Data    RW Data    ZI Data      Debug   

     20176       1902        224        256      19576     315254   Grand Totals
     20176       1902        224        256      19576     315254   ELF Image Totals
     20176       1902        224        256          0          0   ROM Totals

==============================================================================

    Total RO  Size (Code + RO Data)                20400 (  19.92kB)
    Total RW  Size (RW Data + ZI Data)             19832 (  19.37kB)
    Total ROM Size (Code + RO Data + RW Data)      20656 (  20.17kB)

==============================================================================

